START sanity-raw-rtt71-r1 2026-09-18T16:54:00Z --mode raw --rtt 71 --loss 0 --size 32MiB --chunk 16KiB --backpressure poll --deadline 120
OK sanity-raw-rtt71-r1 2026-09-18T16:54:06Z
trace raw conns=1 rtt=71 loss=0 mbps/100ms: 0 0 0 0 0 0 0 0 0 0 3 3 8 39 55 107 385 177 0 1 1 3 1 1 3 1 3 1 1 3 1 1 3 1 3 16 377 288 341 210 367 263 | shim fwd=45739 writeErr=0 drop=0 | chrome_cpu=0.68s (0.20 cores) go_cpu=1.47s
mode=raw conns=1 sharing=shared rtt=71ms jitter=0ms bw=0 loss=0 queue=0 rtomax=0ms sent=33554432 received=33554432 throughput=83.93 Mbps wall=82.72 Mbps chrome_cores=0.20 go_cpu=1.47s
START sanity-raw-rtt71-r2 2026-09-18T16:54:08Z --mode raw --rtt 71 --loss 0 --size 32MiB --chunk 16KiB --backpressure poll --deadline 120
OK sanity-raw-rtt71-r2 2026-09-18T16:54:34Z
trace raw conns=1 rtt=71 loss=0 mbps/100ms: 0 0 0 0 0 0 0 0 0 1 1 3 18 0 0 0 0 0 0 0 0 0 0 164 0 1 1 3 13 5 7 13 7 13 8 7 14 7 8 14 8 16 8 8 17 8 9 16 9 17 9 9 18 9 12 17 9 21 9 10 21 10 10 21 10 21 1 12 12 5 5 13 5 13 7 7 13 7 7 14 8 14 8 7 16 8 17 8 8 17 9 8 18 8 9 18 9 20 9 10 20 9 10 14 5 12 5 5 12 5 7 13 5 13 7 7 14 7 7 14 8 16 7 8 16 8 9 12 0 14 4 5 8 5 5 9 5 7 9 5 12 5 7 12 7 7 12 7 13 7 8 13 8 7 16 7 16 8 8 16 8 9 16 9 17 9 9 18 9 9 18 10 18 10 10 20 10 10 21 10 21 12 10 22 0 17 10 7 12 7 7 13 7 7 14 7 14 8 7 16 8 9 14 8 17 8 8 18 8 18 9 9 18 9 9 20 9 21 9 10 21 10 10 22 10 16 7 5 12 7 5 13 7 7 13 7 14 7 7 16 7 8 16 8 10 13 8 17 8 9 17 9 9 18 9 18 10 9 18 | shim fwd=44356 writeErr=0 drop=0 | chrome_cpu=1.24s (0.05 cores) go_cpu=2.07s
mode=raw conns=1 sharing=shared rtt=71ms jitter=0ms bw=0 loss=0 queue=0 rtomax=0ms sent=33554432 received=33554432 throughput=10.78 Mbps wall=10.74 Mbps chrome_cores=0.05 go_cpu=2.07s
PHASE sanity done 2026-09-18T16:54:35Z
START e5-base-rtt12-r1 2026-09-18T16:54:37Z --mode prod --size 64MiB --chunk 16KiB --bandwidth 30MB --queue 5MB --rtt 12 --loss 0 --deadline 180
OK e5-base-rtt12-r1 2026-09-18T16:54:40Z
trace prod rtt=12 loss=0 mbps/100ms: 0 0 0 0 31 446 225 220 225 215 225 220 220 225 215 225 220 220 225 220 220 220 225 220 220 225 215 225 | shim fwd=86060 writeErr=0 drop=0
mode=prod conns=0 sharing= rtt=12ms jitter=0ms bw=30000000 loss=0 queue=5000000 rtomax=0ms sent=67108864 received=67108864 throughput=228.85 Mbps wall=0.00 Mbps chrome_cores=0.00 go_cpu=0.00s
START e5-base-rtt71-r1 2026-09-18T16:54:41Z --mode prod --size 64MiB --chunk 16KiB --bandwidth 30MB --queue 5MB --rtt 71 --loss 0 --deadline 180
OK e5-base-rtt71-r1 2026-09-18T16:54:45Z
trace prod rtt=71 loss=0 mbps/100ms: 0 0 0 0 0 0 0 0 0 0 5 10 16 110 142 288 309 220 215 231 147 294 220 225 220 152 294 215 231 215 163 283 215 231 215 173 273 | shim fwd=85892 writeErr=0 drop=0
mode=prod conns=0 sharing= rtt=71ms jitter=0ms bw=30000000 loss=0 queue=5000000 rtomax=0ms sent=67108864 received=67108864 throughput=204.27 Mbps wall=0.00 Mbps chrome_cores=0.00 go_cpu=0.00s
START e5-base-rtt12-r2 2026-09-18T16:54:45Z --mode prod --size 64MiB --chunk 16KiB --bandwidth 30MB --queue 5MB --rtt 12 --loss 0 --deadline 180
OK e5-base-rtt12-r2 2026-09-18T16:54:49Z
trace prod rtt=12 loss=0 mbps/100ms: 0 0 0 0 16 430 225 215 225 220 225 220 220 220 220 225 220 220 220 225 220 220 225 220 220 220 220 225 | shim fwd=86062 writeErr=0 drop=0
mode=prod conns=0 sharing= rtt=12ms jitter=0ms bw=30000000 loss=0 queue=5000000 rtomax=0ms sent=67108864 received=67108864 throughput=229.08 Mbps wall=0.00 Mbps chrome_cores=0.00 go_cpu=0.00s
START e5-base-rtt71-r2 2026-09-18T16:54:49Z --mode prod --size 64MiB --chunk 16KiB --bandwidth 30MB --queue 5MB --rtt 71 --loss 0 --deadline 180
OK e5-base-rtt71-r2 2026-09-18T16:55:13Z
trace prod rtt=71 loss=0 mbps/100ms: 0 0 0 0 0 0 0 0 0 0 5 10 16 110 142 241 215 73 84 142 79 147 73 84 147 73 142 89 73 152 79 16 136 37 79 37 42 79 37 16 63 16 42 21 21 37 21 42 21 21 31 0 31 21 10 21 10 10 26 10 10 26 10 10 26 10 10 5 10 10 5 10 10 10 10 10 5 16 10 5 16 10 5 21 5 21 5 10 21 5 10 21 5 21 10 10 21 10 10 21 10 21 10 10 21 0 16 16 5 10 5 10 10 5 10 10 5 10 16 5 16 5 10 16 5 10 16 10 10 16 5 21 10 5 21 10 10 16 10 21 10 10 21 10 10 21 10 21 10 10 26 10 10 10 5 16 5 5 16 5 5 16 5 16 5 10 16 5 10 16 5 16 10 10 16 10 5 21 10 16 10 10 21 5 10 21 10 21 10 10 21 10 10 26 10 21 10 10 26 10 10 26 10 26 16 10 26 10 16 26 10 21 21 16 26 16 10 31 16 10 26 0 21 16 5 16 10 5 16 10 10 16 5 10 | shim fwd=89218 writeErr=0 drop=0
mode=prod conns=0 sharing= rtt=71ms jitter=0ms bw=30000000 loss=0 queue=5000000 rtomax=0ms sent=67108864 received=67108864 throughput=24.05 Mbps wall=0.00 Mbps chrome_cores=0.00 go_cpu=0.00s
START e5-base-rtt12-r3 2026-09-18T16:55:13Z --mode prod --size 64MiB --chunk 16KiB --bandwidth 30MB --queue 5MB --rtt 12 --loss 0 --deadline 180
OK e5-base-rtt12-r3 2026-09-18T16:55:17Z
trace prod rtt=12 loss=0 mbps/100ms: 0 0 0 0 68 419 225 220 225 220 220 220 220 225 220 225 215 225 220 220 225 220 220 220 220 225 220 225 | shim fwd=86061 writeErr=0 drop=0
mode=prod conns=0 sharing= rtt=12ms jitter=0ms bw=30000000 loss=0 queue=5000000 rtomax=0ms sent=67108864 received=67108864 throughput=229.08 Mbps wall=0.00 Mbps chrome_cores=0.00 go_cpu=0.00s
START e5-base-rtt71-r3 2026-09-18T16:55:17Z --mode prod --size 64MiB --chunk 16KiB --bandwidth 30MB --queue 5MB --rtt 71 --loss 0 --deadline 180
OK e5-base-rtt71-r3 2026-09-18T16:55:21Z
trace prod rtt=71 loss=0 mbps/100ms: 0 0 0 0 0 0 0 0 0 0 5 10 16 110 142 294 320 215 204 94 0 577 220 210 210 210 210 210 210 220 252 262 220 220 225 220 220 | shim fwd=87845 writeErr=0 drop=0
mode=prod conns=0 sharing= rtt=71ms jitter=0ms bw=30000000 loss=0 queue=5000000 rtomax=0ms sent=67108864 received=67108864 throughput=203.89 Mbps wall=0.00 Mbps chrome_cores=0.00 go_cpu=0.00s
PHASE base done 2026-09-18T16:55:22Z
START e5-fw16KiB-rtt12-r1 2026-09-18T16:55:56Z --mode prod --size 64MiB --chunk 16KiB --bandwidth 30MB --queue 5MB --rtt 12 --loss 0 --fastrtxwnd 16KiB --deadline 180
OK e5-fw16KiB-rtt12-r1 2026-09-18T16:55:59Z
trace prod rtt=12 loss=0 mbps/100ms: 0 0 0 0 31 425 225 215 225 220 225 220 10 26 582 220 220 225 220 220 220 220 225 220 220 220 225 220 | shim fwd=88324 writeErr=0 drop=0
mode=prod conns=0 sharing= rtt=12ms jitter=0ms bw=30000000 loss=0 queue=5000000 rtomax=0ms sent=67108864 received=67108864 throughput=226.92 Mbps wall=0.00 Mbps chrome_cores=0.00 go_cpu=0.00s
START e5-fw64KiB-rtt12-r1 2026-09-18T16:56:00Z --mode prod --size 64MiB --chunk 16KiB --bandwidth 30MB --queue 5MB --rtt 12 --loss 0 --fastrtxwnd 64KiB --deadline 180
OK e5-fw64KiB-rtt12-r1 2026-09-18T16:56:03Z
trace prod rtt=12 loss=0 mbps/100ms: 0 0 0 0 31 425 220 220 225 220 225 220 220 220 220 225 220 220 225 215 225 220 225 215 225 220 220 225 | shim fwd=86060 writeErr=0 drop=0
mode=prod conns=0 sharing= rtt=12ms jitter=0ms bw=30000000 loss=0 queue=5000000 rtomax=0ms sent=67108864 received=67108864 throughput=229.04 Mbps wall=0.00 Mbps chrome_cores=0.00 go_cpu=0.00s
START e5-fw256KiB-rtt12-r1 2026-09-18T16:56:03Z --mode prod --size 64MiB --chunk 16KiB --bandwidth 30MB --queue 5MB --rtt 12 --loss 0 --fastrtxwnd 256KiB --deadline 180
OK e5-fw256KiB-rtt12-r1 2026-09-18T16:56:07Z
trace prod rtt=12 loss=0 mbps/100ms: 0 0 0 0 31 430 231 215 225 220 220 225 215 225 220 225 220 220 225 215 225 220 220 225 215 225 220 225 | shim fwd=86063 writeErr=0 drop=0
mode=prod conns=0 sharing= rtt=12ms jitter=0ms bw=30000000 loss=0 queue=5000000 rtomax=0ms sent=67108864 received=67108864 throughput=229.04 Mbps wall=0.00 Mbps chrome_cores=0.00 go_cpu=0.00s
START e5-fw1MiB-rtt12-r1 2026-09-18T16:56:07Z --mode prod --size 64MiB --chunk 16KiB --bandwidth 30MB --queue 5MB --rtt 12 --loss 0 --fastrtxwnd 1MiB --deadline 180
OK e5-fw1MiB-rtt12-r1 2026-09-18T16:56:11Z
trace prod rtt=12 loss=0 mbps/100ms: 0 0 0 0 31 430 231 215 225 220 225 220 215 225 220 225 220 220 220 220 225 220 220 225 215 225 220 225 | shim fwd=86062 writeErr=0 drop=0
mode=prod conns=0 sharing= rtt=12ms jitter=0ms bw=30000000 loss=0 queue=5000000 rtomax=0ms sent=67108864 received=67108864 throughput=228.93 Mbps wall=0.00 Mbps chrome_cores=0.00 go_cpu=0.00s
START e5-fw16KiB-rtt71-r1 2026-09-18T16:56:11Z --mode prod --size 64MiB --chunk 16KiB --bandwidth 30MB --queue 5MB --rtt 71 --loss 0 --fastrtxwnd 16KiB --deadline 180
OK e5-fw16KiB-rtt71-r1 2026-09-18T16:56:15Z
trace prod rtt=71 loss=0 mbps/100ms: 0 0 0 0 0 0 0 0 0 0 5 10 42 84 142 299 0 0 482 315 210 210 236 278 220 225 220 220 225 220 220 220 225 220 215 210 215 | shim fwd=87553 writeErr=0 drop=0
mode=prod conns=0 sharing= rtt=71ms jitter=0ms bw=30000000 loss=0 queue=5000000 rtomax=0ms sent=67108864 received=67108864 throughput=198.97 Mbps wall=0.00 Mbps chrome_cores=0.00 go_cpu=0.00s
START e5-fw64KiB-rtt71-r1 2026-09-18T16:56:16Z --mode prod --size 64MiB --chunk 16KiB --bandwidth 30MB --queue 5MB --rtt 71 --loss 0 --fastrtxwnd 64KiB --deadline 180
OK e5-fw64KiB-rtt71-r1 2026-09-18T16:56:20Z
trace prod rtt=71 loss=0 mbps/100ms: 0 0 0 0 0 0 0 0 0 0 5 10 16 110 142 288 315 220 210 236 152 294 215 220 225 147 299 215 225 220 157 288 215 231 215 168 278 | shim fwd=85885 writeErr=0 drop=0
mode=prod conns=0 sharing= rtt=71ms jitter=0ms bw=30000000 loss=0 queue=5000000 rtomax=0ms sent=67108864 received=67108864 throughput=204.23 Mbps wall=0.00 Mbps chrome_cores=0.00 go_cpu=0.00s
START e5-fw256KiB-rtt71-r1 2026-09-18T16:56:20Z --mode prod --size 64MiB --chunk 16KiB --bandwidth 30MB --queue 5MB --rtt 71 --loss 0 --fastrtxwnd 256KiB --deadline 180
OK e5-fw256KiB-rtt71-r1 2026-09-18T16:56:25Z
trace prod rtt=71 loss=0 mbps/100ms: 0 0 0 0 0 0 0 0 0 0 5 10 16 110 142 288 304 220 220 220 225 220 220 220 225 220 220 215 231 220 220 220 220 225 220 220 220 | shim fwd=86061 writeErr=0 drop=0
mode=prod conns=0 sharing= rtt=71ms jitter=0ms bw=30000000 loss=0 queue=5000000 rtomax=0ms sent=67108864 received=67108864 throughput=204.31 Mbps wall=0.00 Mbps chrome_cores=0.00 go_cpu=0.00s
START e5-fw1MiB-rtt71-r1 2026-09-18T16:56:25Z --mode prod --size 64MiB --chunk 16KiB --bandwidth 30MB --queue 5MB --rtt 71 --loss 0 --fastrtxwnd 1MiB --deadline 180
OK e5-fw1MiB-rtt71-r1 2026-09-18T16:56:30Z
trace prod rtt=71 loss=0 mbps/100ms: 0 0 0 0 0 0 0 0 0 0 0 16 16 42 210 288 283 215 231 215 173 273 220 225 215 215 231 220 225 215 225 220 220 225 215 225 220 | shim fwd=85929 writeErr=0 drop=0
mode=prod conns=0 sharing= rtt=71ms jitter=0ms bw=30000000 loss=0 queue=5000000 rtomax=0ms sent=67108864 received=67108864 throughput=204.24 Mbps wall=0.00 Mbps chrome_cores=0.00 go_cpu=0.00s
START e5-fw16KiB-rtt12-r2 2026-09-18T16:56:30Z --mode prod --size 64MiB --chunk 16KiB --bandwidth 30MB --queue 5MB --rtt 12 --loss 0 --fastrtxwnd 16KiB --deadline 180
OK e5-fw16KiB-rtt12-r2 2026-09-18T16:56:33Z
trace prod rtt=12 loss=0 mbps/100ms: 0 0 0 0 16 430 225 220 220 225 220 220 220 225 215 231 215 225 220 220 220 220 225 220 220 225 215 225 | shim fwd=86061 writeErr=0 drop=0
mode=prod conns=0 sharing= rtt=12ms jitter=0ms bw=30000000 loss=0 queue=5000000 rtomax=0ms sent=67108864 received=67108864 throughput=229.04 Mbps wall=0.00 Mbps chrome_cores=0.00 go_cpu=0.00s
START e5-fw64KiB-rtt12-r2 2026-09-18T16:56:34Z --mode prod --size 64MiB --chunk 16KiB --bandwidth 30MB --queue 5MB --rtt 12 --loss 0 --fastrtxwnd 64KiB --deadline 180
OK e5-fw64KiB-rtt12-r2 2026-09-18T16:56:37Z
trace prod rtt=12 loss=0 mbps/100ms: 0 0 0 0 31 435 225 220 225 215 225 220 220 225 220 220 220 225 220 220 220 220 225 220 220 225 215 225 | shim fwd=86061 writeErr=0 drop=0
mode=prod conns=0 sharing= rtt=12ms jitter=0ms bw=30000000 loss=0 queue=5000000 rtomax=0ms sent=67108864 received=67108864 throughput=229.01 Mbps wall=0.00 Mbps chrome_cores=0.00 go_cpu=0.00s
START e5-fw256KiB-rtt12-r2 2026-09-18T16:56:38Z --mode prod --size 64MiB --chunk 16KiB --bandwidth 30MB --queue 5MB --rtt 12 --loss 0 --fastrtxwnd 256KiB --deadline 180
OK e5-fw256KiB-rtt12-r2 2026-09-18T16:56:41Z
trace prod rtt=12 loss=0 mbps/100ms: 0 0 0 0 31 425 220 220 225 220 225 220 220 220 220 225 220 220 220 220 225 220 225 220 220 220 220 225 | shim fwd=86062 writeErr=0 drop=0
mode=prod conns=0 sharing= rtt=12ms jitter=0ms bw=30000000 loss=0 queue=5000000 rtomax=0ms sent=67108864 received=67108864 throughput=229.04 Mbps wall=0.00 Mbps chrome_cores=0.00 go_cpu=0.00s
START e5-fw1MiB-rtt12-r2 2026-09-18T16:56:41Z --mode prod --size 64MiB --chunk 16KiB --bandwidth 30MB --queue 5MB --rtt 12 --loss 0 --fastrtxwnd 1MiB --deadline 180
OK e5-fw1MiB-rtt12-r2 2026-09-18T16:56:45Z
trace prod rtt=12 loss=0 mbps/100ms: 0 0 0 0 16 425 225 220 225 215 225 220 220 225 215 225 225 220 220 220 225 215 225 220 220 225 215 225 | shim fwd=86060 writeErr=0 drop=0
mode=prod conns=0 sharing= rtt=12ms jitter=0ms bw=30000000 loss=0 queue=5000000 rtomax=0ms sent=67108864 received=67108864 throughput=228.97 Mbps wall=0.00 Mbps chrome_cores=0.00 go_cpu=0.00s
START e5-fw16KiB-rtt71-r2 2026-09-18T16:56:45Z --mode prod --size 64MiB --chunk 16KiB --bandwidth 30MB --queue 5MB --rtt 71 --loss 0 --fastrtxwnd 16KiB --deadline 180
OK e5-fw16KiB-rtt71-r2 2026-09-18T16:57:06Z
trace prod rtt=71 loss=0 mbps/100ms: 0 0 0 0 0 0 0 0 0 0 5 10 16 100 115 210 204 168 121 16 225 79 105 63 121 68 63 126 63 94 100 63 126 63 10 115 37 47 47 31 68 31 31 68 31 68 31 37 63 37 31 68 0 52 31 16 37 16 16 21 10 21 5 10 21 10 16 10 10 21 10 10 21 10 21 16 10 21 10 16 21 10 16 21 16 21 16 10 26 10 16 26 16 10 26 16 21 21 16 26 16 10 31 16 16 26 16 31 16 16 31 16 16 31 16 31 21 16 31 10 16 16 10 16 10 10 16 10 10 16 10 21 10 10 21 10 10 21 10 21 10 10 21 16 0 21 5 10 10 5 10 10 5 10 10 16 5 5 16 10 5 16 10 10 16 5 16 10 10 10 5 5 10 5 5 10 5 5 10 5 10 10 5 10 10 5 10 10 5 16 5 16 5 10 16 5 10 16 10 5 16 10 16 10 10 16 | shim fwd=89108 writeErr=0 drop=0
mode=prod conns=0 sharing= rtt=71ms jitter=0ms bw=30000000 loss=0 queue=5000000 rtomax=0ms sent=67108864 received=67108864 throughput=27.47 Mbps wall=0.00 Mbps chrome_cores=0.00 go_cpu=0.00s
START e5-fw64KiB-rtt71-r2 2026-09-18T16:57:07Z --mode prod --size 64MiB --chunk 16KiB --bandwidth 30MB --queue 5MB --rtt 71 --loss 0 --fastrtxwnd 64KiB --deadline 180
OK e5-fw64KiB-rtt71-r2 2026-09-18T16:57:11Z
trace prod rtt=71 loss=0 mbps/100ms: 0 0 0 0 0 0 0 0 0 0 5 10 16 110 142 315 309 215 194 252 184 262 220 199 241 199 246 220 215 225 199 246 220 225 220 220 220 | shim fwd=85962 writeErr=0 drop=0
mode=prod conns=0 sharing= rtt=71ms jitter=0ms bw=30000000 loss=0 queue=5000000 rtomax=0ms sent=67108864 received=67108864 throughput=204.59 Mbps wall=0.00 Mbps chrome_cores=0.00 go_cpu=0.00s
START e5-fw256KiB-rtt71-r2 2026-09-18T16:57:11Z --mode prod --size 64MiB --chunk 16KiB --bandwidth 30MB --queue 5MB --rtt 71 --loss 0 --fastrtxwnd 256KiB --deadline 180
OK e5-fw256KiB-rtt71-r2 2026-09-18T16:57:16Z
trace prod rtt=71 loss=0 mbps/100ms: 0 0 0 0 0 0 0 0 0 0 5 10 16 110 142 288 10 372 215 246 320 220 220 225 220 220 220 210 210 210 210 215 210 210 241 262 236 | shim fwd=87695 writeErr=0 drop=0
mode=prod conns=0 sharing= rtt=71ms jitter=0ms bw=30000000 loss=0 queue=5000000 rtomax=0ms sent=67108864 received=67108864 throughput=203.10 Mbps wall=0.00 Mbps chrome_cores=0.00 go_cpu=0.00s
START e5-fw1MiB-rtt71-r2 2026-09-18T16:57:16Z --mode prod --size 64MiB --chunk 16KiB --bandwidth 30MB --queue 5MB --rtt 71 --loss 0 --fastrtxwnd 1MiB --deadline 180
OK e5-fw1MiB-rtt71-r2 2026-09-18T16:57:30Z
trace prod rtt=71 loss=0 mbps/100ms: 0 0 0 0 0 0 0 0 0 0 5 10 16 110 142 157 372 246 246 225 220 173 215 110 178 136 152 168 10 168 84 58 100 58 63 100 47 47 31 26 58 26 26 58 26 42 31 10 31 16 10 31 16 21 26 10 16 10 5 16 10 5 21 5 16 10 10 21 5 10 21 5 10 21 10 16 16 10 21 10 10 21 10 10 26 10 21 16 10 21 16 10 26 10 26 10 16 26 10 21 21 16 26 10 16 31 10 16 31 10 21 26 16 26 16 16 31 16 16 31 16 31 10 16 16 10 10 16 10 10 16 5 21 10 10 | shim fwd=89544 writeErr=0 drop=0
mode=prod conns=0 sharing= rtt=71ms jitter=0ms bw=30000000 loss=0 queue=5000000 rtomax=0ms sent=67108864 received=67108864 throughput=43.25 Mbps wall=0.00 Mbps chrome_cores=0.00 go_cpu=0.00s
PHASE fw done 2026-09-18T16:57:31Z
START e5-loss0.001-fwdefault-rtt12-r1 2026-09-18T16:57:35Z --mode prod --size 64MiB --chunk 16KiB --bandwidth 30MB --queue 5MB --rtt 12 --loss 0.001 --deadline 300
OK e5-loss0.001-fwdefault-rtt12-r1 2026-09-18T16:57:56Z
trace prod rtt=12 loss=0.001 mbps/100ms: 0 0 0 0 16 63 31 31 16 26 31 37 42 26 26 31 21 26 31 31 26 16 16 26 26 37 37 52 47 31 31 37 47 42 26 37 31 26 16 21 26 21 21 21 10 16 16 26 31 26 21 21 26 21 26 21 21 26 26 16 16 5 10 16 26 26 26 10 16 21 26 21 21 26 31 37 47 42 26 31 21 26 26 37 31 21 31 37 37 47 47 37 31 37 47 42 31 31 21 21 21 21 26 26 5 10 16 16 10 21 26 21 21 21 31 26 21 31 31 37 31 31 21 21 26 26 21 21 31 37 42 42 31 26 31 37 37 26 16 21 16 21 26 31 26 16 16 26 21 31 26 16 21 21 26 37 42 47 21 21 21 26 26 16 10 16 10 16 16 16 21 21 26 31 16 31 31 37 37 26 31 31 37 16 16 26 31 31 31 21 31 31 42 47 37 16 21 26 26 37 37 42 | shim fwd=87452 writeErr=0 drop=0
mode=prod conns=0 sharing= rtt=12ms jitter=0ms bw=30000000 loss=0 queue=5000000 rtomax=0ms sent=67108864 received=67108864 throughput=27.16 Mbps wall=0.00 Mbps chrome_cores=0.00 go_cpu=0.00s
START e5-loss0.001-fw64KiB-rtt12-r1 2026-09-18T16:57:56Z --mode prod --size 64MiB --chunk 16KiB --bandwidth 30MB --queue 5MB --rtt 12 --loss 0.001 --deadline 300 --fastrtxwnd 64KiB
OK e5-loss0.001-fw64KiB-rtt12-r1 2026-09-18T16:58:15Z
trace prod rtt=12 loss=0.001 mbps/100ms: 0 0 0 0 26 309 136 89 73 26 31 16 16 10 16 21 16 21 21 31 37 37 31 26 21 21 31 16 26 16 16 26 31 16 26 26 37 42 47 42 31 26 37 42 37 26 37 37 42 47 52 37 31 42 47 52 37 37 31 31 26 31 37 42 37 31 31 31 26 31 31 31 21 21 16 16 21 16 16 21 16 21 16 21 21 16 26 26 37 42 42 42 26 37 10 16 26 26 26 21 26 31 42 42 42 21 16 16 21 16 21 26 26 37 31 26 26 21 26 31 31 42 16 16 26 26 31 42 47 26 26 21 21 16 21 26 21 26 21 37 26 21 16 21 26 37 21 21 31 21 21 16 21 26 37 31 42 31 31 21 21 21 21 26 26 10 16 21 16 21 16 16 21 31 26 42 42 42 31 16 26 | shim fwd=87969 writeErr=0 drop=0
mode=prod conns=0 sharing= rtt=12ms jitter=0ms bw=30000000 loss=0 queue=5000000 rtomax=0ms sent=67108864 received=67108864 throughput=30.35 Mbps wall=0.00 Mbps chrome_cores=0.00 go_cpu=0.00s
START e5-loss0.001-fw256KiB-rtt12-r1 2026-09-18T16:58:16Z --mode prod --size 64MiB --chunk 16KiB --bandwidth 30MB --queue 5MB --rtt 12 --loss 0.001 --deadline 300 --fastrtxwnd 256KiB
OK e5-loss0.001-fw256KiB-rtt12-r1 2026-09-18T16:58:34Z
trace prod rtt=12 loss=0.001 mbps/100ms: 0 0 0 0 31 278 178 136 89 105 73 47 26 26 26 31 37 42 47 47 31 31 42 47 31 21 21 21 21 26 26 37 31 21 31 37 42 42 26 31 42 31 21 16 26 26 21 16 16 10 10 16 16 26 21 26 21 31 31 37 10 21 16 16 21 26 37 31 47 47 42 16 26 31 21 26 31 31 37 37 26 31 37 26 26 31 21 26 21 16 10 10 10 16 21 26 21 21 26 31 37 37 37 31 31 42 26 21 16 16 16 16 5 16 16 26 16 21 26 26 26 21 31 37 37 42 42 26 16 26 26 37 21 31 31 31 47 37 26 37 37 37 16 16 21 26 21 21 31 31 31 21 31 26 21 21 16 21 37 21 21 31 26 42 26 31 31 16 16 16 21 16 21 26 21 16 10 21 21 | shim fwd=87940 writeErr=0 drop=0
mode=prod conns=0 sharing= rtt=12ms jitter=0ms bw=30000000 loss=0 queue=5000000 rtomax=0ms sent=67108864 received=67108864 throughput=30.82 Mbps wall=0.00 Mbps chrome_cores=0.00 go_cpu=0.00s
START e5-loss0.001-fw1MiB-rtt12-r1 2026-09-18T16:58:34Z --mode prod --size 64MiB --chunk 16KiB --bandwidth 30MB --queue 5MB --rtt 12 --loss 0.001 --deadline 300 --fastrtxwnd 1MiB
OK e5-loss0.001-fw1MiB-rtt12-r1 2026-09-18T16:58:53Z
trace prod rtt=12 loss=0.001 mbps/100ms: 0 0 0 0 21 278 126 105 115 79 37 42 31 26 26 21 26 31 31 31 21 21 10 21 21 26 31 37 21 31 16 21 31 26 37 42 26 31 31 37 16 21 21 26 26 26 26 31 37 42 52 31 31 37 31 16 10 16 16 10 16 16 16 16 16 21 16 26 21 21 21 26 16 26 31 31 10 16 21 31 21 26 26 31 37 42 31 16 21 31 31 37 26 26 37 42 42 52 63 42 16 16 16 26 16 10 16 10 16 26 26 21 16 16 26 21 31 26 26 26 21 26 26 42 42 47 47 63 52 37 42 52 47 21 26 26 31 31 21 26 37 31 26 31 26 26 10 10 21 21 21 16 26 31 26 21 26 21 26 21 31 10 16 26 26 31 31 31 26 31 31 42 52 37 16 26 21 37 31 | shim fwd=88026 writeErr=0 drop=0
mode=prod conns=0 sharing= rtt=12ms jitter=0ms bw=30000000 loss=0 queue=5000000 rtomax=0ms sent=67108864 received=67108864 throughput=30.74 Mbps wall=0.00 Mbps chrome_cores=0.00 go_cpu=0.00s
START e5-loss0.0002-fwdefault-rtt12-r1 2026-09-18T16:58:53Z --mode prod --size 64MiB --chunk 16KiB --bandwidth 30MB --queue 5MB --rtt 12 --loss 0.0002 --deadline 300
OK e5-loss0.0002-fwdefault-rtt12-r1 2026-09-18T16:59:01Z
trace prod rtt=12 loss=0.0002 mbps/100ms: 0 0 0 0 31 430 220 225 215 215 199 147 157 157 84 89 89 47 58 63 68 68 63 42 31 31 37 37 37 26 37 37 47 47 58 58 68 68 79 84 89 94 105 73 63 63 42 42 31 10 26 21 37 37 37 47 58 58 58 73 68 79 89 84 100 94 94 42 37 37 47 47 | shim fwd=87664 writeErr=0 drop=0
mode=prod conns=0 sharing= rtt=12ms jitter=0ms bw=30000000 loss=0 queue=5000000 rtomax=0ms sent=67108864 received=67108864 throughput=79.00 Mbps wall=0.00 Mbps chrome_cores=0.00 go_cpu=0.00s
START e5-loss0.0002-fw64KiB-rtt12-r1 2026-09-18T16:59:01Z --mode prod --size 64MiB --chunk 16KiB --bandwidth 30MB --queue 5MB --rtt 12 --loss 0.0002 --deadline 300 --fastrtxwnd 64KiB
OK e5-loss0.0002-fw64KiB-rtt12-r1 2026-09-18T16:59:09Z
trace prod rtt=12 loss=0.0002 mbps/100ms: 0 0 0 0 31 336 309 52 372 231 73 362 215 131 115 73 68 63 47 26 26 31 42 37 47 58 52 37 37 47 47 47 58 63 68 73 42 47 47 63 63 63 73 79 84 89 100 84 52 63 68 68 79 84 63 52 47 37 37 37 47 47 58 68 63 79 73 79 42 | shim fwd=90152 writeErr=0 drop=0
mode=prod conns=0 sharing= rtt=12ms jitter=0ms bw=30000000 loss=0 queue=5000000 rtomax=0ms sent=67108864 received=67108864 throughput=83.23 Mbps wall=0.00 Mbps chrome_cores=0.00 go_cpu=0.00s
START e5-loss0.0002-fw256KiB-rtt12-r1 2026-09-18T16:59:10Z --mode prod --size 64MiB --chunk 16KiB --bandwidth 30MB --queue 5MB --rtt 12 --loss 0.0002 --deadline 300 --fastrtxwnd 256KiB
OK e5-loss0.0002-fw256KiB-rtt12-r1 2026-09-18T16:59:18Z
trace prod rtt=12 loss=0.0002 mbps/100ms: 0 0 0 0 0 136 346 157 68 63 68 73 37 26 31 37 42 47 52 31 37 37 42 52 52 63 47 31 47 47 58 58 52 68 79 79 89 79 47 58 68 63 73 73 89 84 94 105 100 115 121 110 68 68 79 84 89 89 105 100 63 63 68 73 79 89 84 100 105 68 58 63 73 73 73 52 47 | shim fwd=88387 writeErr=0 drop=0
mode=prod conns=0 sharing= rtt=12ms jitter=0ms bw=30000000 loss=0 queue=5000000 rtomax=0ms sent=67108864 received=67108864 throughput=74.63 Mbps wall=0.00 Mbps chrome_cores=0.00 go_cpu=0.00s
START e5-loss0.0002-fw1MiB-rtt12-r1 2026-09-18T16:59:18Z --mode prod --size 64MiB --chunk 16KiB --bandwidth 30MB --queue 5MB --rtt 12 --loss 0.0002 --deadline 300 --fastrtxwnd 1MiB
OK e5-loss0.0002-fw1MiB-rtt12-r1 2026-09-18T16:59:25Z
trace prod rtt=12 loss=0.0002 mbps/100ms: 0 0 0 0 31 278 262 320 220 220 220 220 220 225 199 184 168 168 94 89 52 58 63 52 37 42 52 52 58 68 37 42 42 31 31 42 37 47 52 47 63 68 79 79 84 89 94 105 105 63 63 63 47 31 26 31 37 37 42 58 | shim fwd=89066 writeErr=0 drop=0
mode=prod conns=0 sharing= rtt=12ms jitter=0ms bw=30000000 loss=0 queue=5000000 rtomax=0ms sent=67108864 received=67108864 throughput=95.68 Mbps wall=0.00 Mbps chrome_cores=0.00 go_cpu=0.00s
START e5-loss0.001-fwdefault-rtt12-r2 2026-09-18T16:59:26Z --mode prod --size 64MiB --chunk 16KiB --bandwidth 30MB --queue 5MB --rtt 12 --loss 0.001 --deadline 300
OK e5-loss0.001-fwdefault-rtt12-r2 2026-09-18T16:59:48Z
trace prod rtt=12 loss=0.001 mbps/100ms: 0 0 0 0 5 47 52 37 31 42 16 16 16 16 16 16 21 26 10 16 16 10 16 10 16 16 21 31 31 26 26 16 21 26 31 16 26 31 21 10 21 16 21 16 26 31 37 37 37 26 31 26 26 31 21 21 31 31 42 47 47 63 52 73 68 79 58 37 26 10 16 21 26 31 21 21 16 21 26 21 16 16 16 16 21 21 31 31 42 26 21 16 31 26 26 10 21 26 26 31 37 47 31 31 31 42 21 31 31 37 21 31 37 26 21 31 21 26 26 37 26 26 21 21 26 37 37 42 31 31 26 21 10 10 16 10 21 21 26 37 26 16 21 16 26 21 21 10 21 26 21 16 26 21 21 26 26 21 10 21 21 26 21 21 26 37 26 21 10 16 21 21 31 16 26 10 10 16 26 26 21 21 26 31 21 16 16 16 10 16 10 10 26 21 31 37 26 26 31 37 37 47 52 26 16 10 16 16 21 21 31 31 31 | shim fwd=87451 writeErr=0 drop=0
mode=prod conns=0 sharing= rtt=12ms jitter=0ms bw=30000000 loss=0 queue=5000000 rtomax=0ms sent=67108864 received=67108864 throughput=25.70 Mbps wall=0.00 Mbps chrome_cores=0.00 go_cpu=0.00s
START e5-loss0.001-fw64KiB-rtt12-r2 2026-09-18T16:59:48Z --mode prod --size 64MiB --chunk 16KiB --bandwidth 30MB --queue 5MB --rtt 12 --loss 0.001 --deadline 300 --fastrtxwnd 64KiB
OK e5-loss0.001-fw64KiB-rtt12-r2 2026-09-18T17:00:07Z
trace prod rtt=12 loss=0.001 mbps/100ms: 0 0 0 0 31 231 47 26 31 31 42 42 52 58 26 42 31 26 26 16 10 21 26 31 42 37 47 47 37 26 21 31 31 26 21 31 21 21 31 31 21 21 31 26 37 47 47 52 31 16 26 21 10 16 21 26 31 37 26 21 37 42 31 21 37 31 42 26 21 16 16 16 21 21 21 21 26 37 37 42 26 21 21 26 21 37 37 42 26 31 37 37 37 31 26 21 26 31 37 37 31 26 31 42 21 26 31 26 21 31 37 37 21 21 16 21 21 21 26 31 31 42 47 26 21 26 26 31 37 42 31 26 37 16 16 16 10 16 16 16 21 21 31 31 42 42 52 47 37 31 31 26 26 42 37 47 37 31 21 21 21 16 10 16 16 16 10 21 26 21 16 16 16 26 26 21 21 16 21 26 26 37 37 37 21 | shim fwd=87922 writeErr=0 drop=0
mode=prod conns=0 sharing= rtt=12ms jitter=0ms bw=30000000 loss=0 queue=5000000 rtomax=0ms sent=67108864 received=67108864 throughput=29.80 Mbps wall=0.00 Mbps chrome_cores=0.00 go_cpu=0.00s
START e5-loss0.001-fw256KiB-rtt12-r2 2026-09-18T17:00:08Z --mode prod --size 64MiB --chunk 16KiB --bandwidth 30MB --queue 5MB --rtt 12 --loss 0.001 --deadline 300 --fastrtxwnd 256KiB
OK e5-loss0.001-fw256KiB-rtt12-r2 2026-09-18T17:00:26Z
trace prod rtt=12 loss=0.001 mbps/100ms: 0 0 0 0 16 294 304 47 42 47 47 31 26 16 21 10 21 21 21 21 10 10 16 21 26 21 21 26 26 21 26 31 31 26 16 16 10 21 21 26 37 21 26 31 37 37 37 26 31 21 26 31 37 37 26 31 37 42 21 16 16 16 21 31 26 31 26 26 42 37 47 47 31 16 16 21 10 10 16 21 26 31 31 42 42 47 26 37 37 47 16 21 26 21 21 26 31 31 42 26 31 37 42 42 16 21 21 31 37 37 42 58 47 58 73 63 68 42 42 37 31 21 21 37 21 21 16 16 16 10 10 16 21 31 31 16 21 16 16 16 26 31 31 21 26 31 37 26 16 10 16 21 31 21 21 26 26 26 21 31 37 42 47 52 47 37 42 21 31 26 37 42 | shim fwd=88738 writeErr=0 drop=0
mode=prod conns=0 sharing= rtt=12ms jitter=0ms bw=30000000 loss=0 queue=5000000 rtomax=0ms sent=67108864 received=67108864 throughput=32.11 Mbps wall=0.00 Mbps chrome_cores=0.00 go_cpu=0.00s
START e5-loss0.001-fw1MiB-rtt12-r2 2026-09-18T17:00:26Z --mode prod --size 64MiB --chunk 16KiB --bandwidth 30MB --queue 5MB --rtt 12 --loss 0.001 --deadline 300 --fastrtxwnd 1MiB
OK e5-loss0.001-fw1MiB-rtt12-r2 2026-09-18T17:00:47Z
trace prod rtt=12 loss=0.001 mbps/100ms: 0 0 0 0 21 68 31 42 37 42 52 47 42 37 42 47 42 31 21 16 16 21 16 16 16 16 26 16 21 10 26 21 26 10 16 26 16 21 10 21 21 16 16 31 26 37 37 21 10 16 21 21 21 21 26 16 21 26 31 31 21 26 16 16 16 16 16 26 26 31 37 42 42 16 21 26 21 10 21 16 26 16 21 31 31 31 42 26 26 21 26 16 21 26 37 31 47 37 16 21 16 21 26 26 31 42 42 47 47 31 21 21 26 21 26 26 31 42 42 58 47 21 16 16 21 26 31 26 21 37 26 26 26 37 37 37 26 37 37 37 31 31 31 26 26 21 21 26 21 10 21 21 16 21 26 21 21 26 31 37 31 26 31 37 42 26 16 21 16 21 26 26 42 37 47 16 0 0 0 0 0 0 0 0 0 257 16 21 26 26 42 26 16 10 16 16 26 26 31 42 42 42 26 | shim fwd=88729 writeErr=0 drop=0
mode=prod conns=0 sharing= rtt=12ms jitter=0ms bw=30000000 loss=0 queue=5000000 rtomax=0ms sent=67108864 received=67108864 throughput=27.02 Mbps wall=0.00 Mbps chrome_cores=0.00 go_cpu=0.00s
START e5-loss0.0002-fwdefault-rtt12-r2 2026-09-18T17:00:47Z --mode prod --size 64MiB --chunk 16KiB --bandwidth 30MB --queue 5MB --rtt 12 --loss 0.0002 --deadline 300
OK e5-loss0.0002-fwdefault-rtt12-r2 2026-09-18T17:00:56Z
trace prod rtt=12 loss=0.0002 mbps/100ms: 0 0 0 0 0 47 388 267 220 215 220 157 105 79 73 73 47 52 52 58 68 63 73 84 89 89 73 47 31 37 42 37 26 37 37 42 52 52 42 63 47 42 42 52 58 58 68 79 73 84 84 47 47 26 42 42 47 52 52 63 63 52 31 26 31 37 42 37 31 31 42 42 52 47 68 58 68 73 42 47 52 58 68 | shim fwd=87688 writeErr=0 drop=0
mode=prod conns=0 sharing= rtt=12ms jitter=0ms bw=30000000 loss=0 queue=5000000 rtomax=0ms sent=67108864 received=67108864 throughput=69.00 Mbps wall=0.00 Mbps chrome_cores=0.00 go_cpu=0.00s
START e5-loss0.0002-fw64KiB-rtt12-r2 2026-09-18T17:00:56Z --mode prod --size 64MiB --chunk 16KiB --bandwidth 30MB --queue 5MB --rtt 12 --loss 0.0002 --deadline 300 --fastrtxwnd 64KiB
OK e5-loss0.0002-fw64KiB-rtt12-r2 2026-09-18T17:01:01Z
trace prod rtt=12 loss=0.0002 mbps/100ms: 0 0 0 0 5 336 262 220 110 0 545 220 100 336 220 220 225 215 225 220 220 220 168 184 58 63 68 73 84 79 89 89 47 31 31 42 42 58 52 63 68 52 26 | shim fwd=90336 writeErr=0 drop=0
mode=prod conns=0 sharing= rtt=12ms jitter=0ms bw=30000000 loss=0 queue=5000000 rtomax=0ms sent=67108864 received=67108864 throughput=141.84 Mbps wall=0.00 Mbps chrome_cores=0.00 go_cpu=0.00s
START e5-loss0.0002-fw256KiB-rtt12-r2 2026-09-18T17:01:02Z --mode prod --size 64MiB --chunk 16KiB --bandwidth 30MB --queue 5MB --rtt 12 --loss 0.0002 --deadline 300 --fastrtxwnd 256KiB
OK e5-loss0.0002-fw256KiB-rtt12-r2 2026-09-18T17:01:08Z
trace prod rtt=12 loss=0.0002 mbps/100ms: 0 0 0 0 5 362 105 372 105 341 220 220 215 225 220 220 225 173 168 121 126 115 136 142 89 73 79 89 84 63 31 31 37 47 26 26 31 42 47 37 31 31 42 47 47 63 58 58 68 84 79 79 | shim fwd=89955 writeErr=0 drop=0
mode=prod conns=0 sharing= rtt=12ms jitter=0ms bw=30000000 loss=0 queue=5000000 rtomax=0ms sent=67108864 received=67108864 throughput=113.18 Mbps wall=0.00 Mbps chrome_cores=0.00 go_cpu=0.00s
START e5-loss0.0002-fw1MiB-rtt12-r2 2026-09-18T17:01:08Z --mode prod --size 64MiB --chunk 16KiB --bandwidth 30MB --queue 5MB --rtt 12 --loss 0.0002 --deadline 300 --fastrtxwnd 1MiB
OK e5-loss0.0002-fw1MiB-rtt12-r2 2026-09-18T17:01:19Z
trace prod rtt=12 loss=0.0002 mbps/100ms: 0 0 0 0 16 199 126 94 110 115 105 37 37 42 52 47 31 37 37 47 47 58 58 52 37 42 47 47 26 42 37 52 47 63 58 73 73 84 47 47 52 63 63 47 37 42 42 52 52 68 68 68 42 26 21 21 21 26 37 37 42 47 58 68 58 79 68 89 52 47 42 31 42 42 52 47 63 68 73 73 89 68 37 26 37 42 47 47 58 68 63 73 84 73 42 52 52 68 63 73 | shim fwd=87124 writeErr=0 drop=0
mode=prod conns=0 sharing= rtt=12ms jitter=0ms bw=30000000 loss=0 queue=5000000 rtomax=0ms sent=67108864 received=67108864 throughput=56.33 Mbps wall=0.00 Mbps chrome_cores=0.00 go_cpu=0.00s
START e5-loss0.0002-fwdefault-rtt71-r1 2026-09-18T17:01:19Z --mode prod --size 64MiB --chunk 16KiB --bandwidth 30MB --queue 5MB --rtt 71 --loss 0.0002 --deadline 300
OK e5-loss0.0002-fwdefault-rtt71-r1 2026-09-18T17:02:00Z
trace prod rtt=71 loss=0.0002 mbps/100ms: 0 0 0 0 0 0 0 0 0 0 5 10 16 84 105 58 100 42 47 26 16 26 16 16 31 10 21 10 5 16 10 10 10 16 5 16 16 5 21 10 10 21 5 16 16 10 21 10 16 21 10 10 21 10 26 10 16 21 5 16 10 5 10 10 5 16 5 10 10 5 10 16 10 5 16 10 16 10 5 16 16 10 10 16 10 10 16 16 10 10 16 16 16 16 10 16 21 10 16 16 16 16 16 16 21 16 16 16 21 10 21 16 21 16 21 16 21 16 21 21 21 16 21 21 21 21 16 21 21 21 21 21 16 10 16 10 10 10 10 16 10 16 10 10 16 10 16 10 16 16 10 16 16 16 10 16 16 16 10 5 16 5 5 10 5 16 5 5 16 5 10 10 10 16 5 10 16 5 10 16 10 5 21 5 21 5 10 21 10 5 21 10 21 10 10 21 10 10 10 16 10 5 5 10 10 5 10 5 16 5 10 10 10 10 10 5 16 10 5 16 10 16 10 5 21 5 10 21 5 21 10 10 16 10 10 21 10 10 21 10 21 10 0 21 5 5 16 5 10 10 5 10 10 5 16 5 16 5 10 16 5 10 16 5 16 10 10 16 10 10 16 10 16 10 10 21 10 10 21 10 10 21 10 16 16 10 21 10 16 21 10 10 26 10 21 16 16 26 10 10 26 16 16 26 10 21 10 5 16 5 5 16 10 16 5 10 16 5 10 16 10 16 10 10 16 10 10 21 10 10 16 10 21 10 10 21 10 10 10 21 10 5 5 10 10 5 10 10 10 5 10 16 5 5 16 10 5 16 10 16 10 5 16 10 10 16 10 21 5 10 21 10 10 16 10 16 16 10 26 10 10 21 10 10 26 10 10 10 0 5 5 5 5 5 5 5 5 5 5 5 10 5 5 10 5 | shim fwd=87693 writeErr=0 drop=0
mode=prod conns=0 sharing= rtt=71ms jitter=0ms bw=30000000 loss=0 queue=5000000 rtomax=0ms sent=67108864 received=67108864 throughput=13.61 Mbps wall=0.00 Mbps chrome_cores=0.00 go_cpu=0.00s
START e5-loss0.0002-fw256KiB-rtt71-r1 2026-09-18T17:02:01Z --mode prod --size 64MiB --chunk 16KiB --bandwidth 30MB --queue 5MB --rtt 71 --loss 0.0002 --deadline 300 --fastrtxwnd 256KiB
OK e5-loss0.0002-fw256KiB-rtt71-r1 2026-09-18T17:02:38Z
trace prod rtt=71 loss=0.0002 mbps/100ms: 0 0 0 0 0 0 0 0 0 0 0 16 16 37 215 5 430 89 73 126 94 89 110 89 131 31 94 37 37 26 26 26 26 21 21 16 10 16 16 10 21 10 10 21 10 16 16 10 26 10 10 26 10 21 16 10 21 16 16 26 10 21 21 10 21 21 16 26 16 21 21 10 26 5 5 16 10 16 5 10 16 10 5 16 10 16 10 10 16 10 10 21 10 16 10 10 21 10 10 21 5 16 10 5 10 5 5 16 5 10 10 5 16 5 5 16 5 16 10 5 16 10 10 16 5 21 10 5 21 5 21 10 10 16 10 10 21 5 16 5 5 10 5 5 10 10 10 5 5 16 5 5 16 5 16 10 5 16 5 10 16 5 21 5 0 21 0 5 10 5 10 5 5 10 5 5 10 10 5 10 5 16 5 5 16 5 10 10 10 16 5 10 16 5 10 16 5 10 16 10 21 5 10 21 5 16 16 10 16 10 10 21 10 16 16 10 26 10 10 21 0 16 16 5 10 5 10 10 10 5 16 5 10 5 5 10 0 5 10 5 5 5 5 10 5 5 10 5 5 16 5 10 5 5 16 5 5 16 5 16 5 10 10 10 5 16 10 10 10 10 16 10 10 16 10 5 21 10 16 10 10 21 10 10 21 10 10 21 10 21 10 10 26 10 0 16 5 5 5 5 5 5 0 10 5 5 5 5 10 5 5 10 5 5 10 5 10 5 5 10 10 5 10 10 5 10 10 10 10 5 16 10 5 16 10 5 16 10 5 16 5 5 5 5 10 5 5 10 5 5 10 10 5 10 5 16 5 0 10 5 5 | shim fwd=89337 writeErr=0 drop=0
mode=prod conns=0 sharing= rtt=71ms jitter=0ms bw=30000000 loss=0 queue=5000000 rtomax=0ms sent=67108864 received=67108864 throughput=15.34 Mbps wall=0.00 Mbps chrome_cores=0.00 go_cpu=0.00s
START e5-loss0.001-fwdefault-rtt71-r1 2026-09-18T17:02:38Z --mode prod --size 64MiB --chunk 16KiB --bandwidth 30MB --queue 5MB --rtt 71 --loss 0.001 --deadline 300
OK e5-loss0.001-fwdefault-rtt71-r1 2026-09-18T17:04:34Z
trace prod rtt=71 loss=0.001 mbps/100ms: 0 0 0 0 0 0 0 0 0 0 0 16 16 0 73 16 21 16 5 21 10 10 10 10 5 10 5 10 5 0 5 5 5 5 5 5 5 5 5 5 5 5 5 10 5 5 10 5 5 10 5 10 10 5 10 5 5 5 5 0 10 5 5 5 5 5 5 5 10 5 10 5 5 10 5 5 16 5 5 10 5 16 5 10 10 5 10 10 5 5 5 5 5 5 5 10 5 10 5 0 10 0 5 5 5 5 0 5 10 0 5 10 0 10 5 5 10 5 5 10 0 16 5 5 5 5 5 5 0 10 0 5 10 0 5 10 5 5 5 5 10 5 5 10 5 5 10 5 10 5 10 10 5 5 16 5 10 10 0 10 0 5 10 5 0 10 5 5 5 0 5 5 0 10 0 5 5 0 5 0 5 5 0 5 5 0 10 0 5 5 0 5 0 5 0 0 5 0 5 0 5 0 5 0 0 5 0 5 0 0 5 0 5 5 0 5 0 5 5 5 0 5 5 5 5 5 5 5 5 5 5 5 10 5 5 5 5 10 5 5 16 5 10 5 5 16 5 5 16 5 16 5 5 16 5 5 5 5 5 5 5 10 5 5 10 5 0 10 0 5 0 0 5 0 5 5 0 5 0 0 5 0 0 5 0 5 5 0 5 5 0 5 5 5 0 5 0 5 0 5 0 5 5 0 5 0 0 5 0 0 5 0 0 0 0 5 0 0 0 0 5 0 0 5 0 5 0 5 0 5 0 5 5 5 0 5 5 5 0 10 0 5 0 5 5 0 5 5 0 5 5 0 10 0 5 5 5 5 5 5 10 5 5 5 5 5 10 5 10 5 5 10 5 5 16 5 5 16 5 10 0 5 5 5 5 10 0 10 5 5 5 5 5 0 0 5 0 0 5 5 0 5 0 5 5 0 5 5 5 5 0 10 0 5 10 0 5 10 5 5 5 0 5 5 0 5 0 5 0 5 5 0 0 5 0 5 0 0 5 0 0 5 0 0 5 0 5 0 5 5 0 5 5 0 5 5 5 5 0 5 10 0 10 0 0 10 0 5 5 0 5 5 0 5 5 0 5 0 5 5 0 5 5 0 5 5 0 0 0 5 0 0 5 0 0 5 0 5 5 0 5 5 0 5 5 5 0 5 5 5 5 5 5 10 0 5 5 0 0 5 0 5 0 5 5 0 0 5 5 5 0 5 5 5 0 10 0 10 0 5 10 0 5 10 5 10 0 5 5 5 5 0 5 5 5 0 10 5 0 10 5 5 5 5 10 5 5 5 5 10 10 5 10 5 5 10 10 10 5 5 16 5 10 10 10 16 5 5 16 10 5 10 10 5 5 0 5 0 5 5 5 0 5 0 5 5 0 5 0 5 5 0 5 5 5 0 5 0 5 0 5 0 5 0 5 0 5 0 0 5 5 0 5 0 5 5 0 0 5 5 0 0 5 5 0 5 5 5 0 5 5 5 5 5 5 5 5 5 10 0 5 10 5 5 10 0 5 0 5 0 5 0 5 0 5 5 0 5 5 5 0 5 5 5 5 5 5 5 5 5 10 5 0 10 5 5 10 5 10 5 5 5 5 5 5 0 5 5 5 10 0 5 10 5 5 5 0 5 5 0 10 0 5 5 5 5 5 5 5 0 10 0 5 5 0 5 5 0 10 0 5 5 5 5 5 5 5 5 5 5 0 5 5 0 5 5 0 0 5 0 0 5 0 5 0 5 0 0 5 5 5 0 5 5 0 5 5 5 0 10 0 5 0 5 5 0 5 5 0 5 5 0 10 0 5 5 5 5 0 0 5 5 0 5 5 5 5 0 10 0 5 5 5 5 0 5 5 0 0 0 5 0 0 0 5 0 5 0 5 0 5 0 5 5 0 5 5 5 0 5 5 5 0 5 5 0 5 0 5 5 0 5 5 5 5 5 5 5 0 10 5 5 5 5 10 5 0 10 5 10 5 5 5 0 5 0 5 0 5 0 5 0 0 5 0 5 0 0 5 0 0 0 0 0 5 0 0 0 5 0 0 5 0 5 0 5 0 5 0 5 5 0 5 5 5 5 5 5 5 0 10 5 0 10 5 10 0 0 10 5 0 5 5 5 5 0 10 5 0 10 5 5 5 5 10 0 5 10 5 10 5 5 10 5 10 10 5 5 16 5 10 10 5 16 5 5 16 0 10 5 0 10 0 5 0 5 5 5 0 5 5 5 5 5 5 5 5 5 5 5 10 0 10 0 5 5 0 5 5 5 5 5 0 5 0 5 0 5 0 0 5 0 0 5 0 5 0 0 5 0 5 0 5 0 5 5 0 5 5 0 5 5 5 5 5 5 5 5 5 5 10 0 5 10 5 5 10 5 10 5 5 10 5 16 5 5 10 5 0 10 0 5 5 5 10 5 0 10 0 5 5 0 5 5 0 5 5 5 5 5 5 5 5 5 5 5 5 10 0 5 0 5 5 5 0 10 0 5 5 0 5 5 0 5 5 0 5 5 5 5 0 10 0 5 5 5 5 10 5 0 10 5 5 0 5 5 0 5 5 5 0 10 5 5 0 0 5 5 0 5 0 5 0 5 0 5 0 0 0 5 0 0 5 0 0 | shim fwd=87876 writeErr=0 drop=0
mode=prod conns=0 sharing= rtt=71ms jitter=0ms bw=30000000 loss=0 queue=5000000 rtomax=0ms sent=67108864 received=67108864 throughput=4.69 Mbps wall=0.00 Mbps chrome_cores=0.00 go_cpu=0.00s
START e5-loss0.001-fw256KiB-rtt71-r1 2026-09-18T17:04:35Z --mode prod --size 64MiB --chunk 16KiB --bandwidth 30MB --queue 5MB --rtt 71 --loss 0.001 --deadline 300 --fastrtxwnd 256KiB
OK e5-loss0.001-fw256KiB-rtt71-r1 2026-09-18T17:05:58Z
trace prod rtt=71 loss=0.001 mbps/100ms: 0 0 0 0 0 0 0 0 0 0 0 16 16 37 79 42 10 16 5 10 5 5 10 5 5 10 10 10 5 5 10 10 5 10 10 5 16 5 16 5 5 16 10 5 16 10 16 10 5 21 5 10 21 5 16 10 5 10 5 5 10 5 10 5 5 10 5 10 5 5 5 5 5 5 5 0 10 0 5 0 5 5 0 5 5 5 5 5 0 10 5 0 5 5 5 5 0 5 5 0 5 5 5 5 5 5 5 0 10 5 5 5 5 10 5 5 10 5 10 0 5 5 5 5 5 0 10 5 0 10 5 0 10 5 5 10 5 10 5 5 10 5 5 10 5 10 5 10 10 5 5 5 5 5 5 5 5 5 5 10 5 5 5 5 10 5 5 10 10 5 10 5 10 10 5 10 10 5 16 5 16 5 5 16 10 5 10 5 10 5 0 10 5 5 10 5 10 5 5 10 5 5 16 5 5 16 5 10 10 5 10 5 0 10 5 5 5 5 10 5 5 5 5 5 10 5 16 5 5 10 5 5 16 5 10 10 5 16 5 5 16 10 16 5 10 10 5 5 5 5 5 5 0 5 5 5 5 0 10 0 5 5 5 5 5 5 10 5 5 5 5 5 10 5 10 5 5 10 10 5 10 5 16 5 5 16 5 10 10 10 16 5 10 16 0 10 5 5 5 10 5 5 5 5 10 5 5 10 10 10 5 5 10 10 5 10 10 5 16 5 5 16 10 10 10 5 16 10 10 16 5 16 10 5 10 5 5 10 0 10 5 10 10 5 5 10 5 10 5 5 5 5 5 5 0 5 0 5 5 0 5 5 5 0 5 5 5 5 5 5 5 5 5 5 5 10 5 5 10 5 5 10 5 5 10 5 16 5 5 10 10 5 16 5 5 16 5 16 0 10 10 0 5 10 5 5 0 5 5 0 5 5 5 5 5 0 10 5 5 5 5 5 0 5 5 0 5 5 5 5 0 5 5 5 10 0 5 10 5 0 10 5 10 5 5 10 5 5 10 5 10 10 5 10 5 10 10 5 16 5 10 16 5 5 16 10 16 5 10 16 5 0 16 0 5 5 0 5 5 0 5 0 0 5 5 0 5 0 10 0 5 5 0 10 0 5 5 5 10 5 0 10 5 5 10 5 5 10 5 10 5 5 10 5 10 10 5 5 5 5 5 5 0 10 5 5 5 5 10 5 5 10 5 10 5 5 10 5 5 16 5 10 5 10 10 10 5 16 5 16 5 10 10 5 5 5 5 10 5 5 5 5 10 5 5 16 5 5 5 5 5 5 0 10 0 5 10 0 10 5 5 10 5 0 10 5 5 5 0 5 0 5 0 5 0 0 5 0 5 0 5 0 5 0 5 5 0 5 5 5 5 5 0 10 0 5 10 0 10 5 5 5 5 5 10 5 10 5 0 10 5 5 5 5 5 5 0 10 0 5 5 0 5 5 0 5 5 5 5 0 10 5 0 10 0 5 10 5 0 10 5 10 5 5 10 5 5 10 0 5 5 5 5 5 0 10 5 5 5 0 5 0 5 5 0 10 0 5 5 5 5 5 5 5 0 5 5 0 5 0 5 0 5 0 5 0 5 0 5 5 0 5 5 5 5 0 5 5 5 10 0 5 5 5 0 5 5 5 0 5 5 5 5 0 5 10 0 5 10 0 5 10 5 10 5 5 10 5 5 10 5 10 5 5 10 5 0 10 0 10 0 5 10 5 0 10 5 5 10 5 10 5 5 10 5 5 10 5 5 16 5 10 10 5 16 5 10 10 10 5 10 5 5 5 0 5 5 0 5 5 0 5 0 5 0 5 5 0 5 5 0 5 5 5 0 10 0 5 5 5 10 0 5 10 5 5 5 5 5 | shim fwd=87811 writeErr=0 drop=0
mode=prod conns=0 sharing= rtt=71ms jitter=0ms bw=30000000 loss=0 queue=5000000 rtomax=0ms sent=67108864 received=67108864 throughput=6.56 Mbps wall=0.00 Mbps chrome_cores=0.00 go_cpu=0.00s
START e5-loss0.0002-fwdefault-rtt71-r2 2026-09-18T17:05:59Z --mode prod --size 64MiB --chunk 16KiB --bandwidth 30MB --queue 5MB --rtt 71 --loss 0.0002 --deadline 300
OK e5-loss0.0002-fwdefault-rtt71-r2 2026-09-18T17:06:20Z
trace prod rtt=71 loss=0.0002 mbps/100ms: 0 0 0 0 0 0 0 0 0 0 0 16 16 73 178 68 372 163 110 236 173 89 157 110 84 178 89 121 147 89 184 89 10 168 31 47 37 21 47 21 26 47 21 47 26 21 52 21 26 47 26 47 26 26 10 37 26 10 16 26 5 10 16 5 16 10 5 16 5 10 16 5 10 16 5 21 5 10 16 10 10 16 10 16 16 10 16 10 10 21 10 10 21 10 21 16 10 10 16 5 10 5 16 5 5 16 5 5 16 5 16 10 5 16 10 5 16 10 10 16 5 21 5 10 16 10 10 21 10 16 10 10 21 10 10 21 10 16 16 10 26 10 0 21 5 5 16 5 5 16 5 10 10 5 16 5 10 16 5 16 10 5 16 10 10 16 10 16 10 5 21 10 10 16 10 16 16 10 21 10 10 21 5 5 10 5 16 5 5 10 10 5 10 10 5 16 5 5 16 10 10 10 10 16 5 | shim fwd=90182 writeErr=0 drop=0
mode=prod conns=0 sharing= rtt=71ms jitter=0ms bw=30000000 loss=0 queue=5000000 rtomax=0ms sent=67108864 received=67108864 throughput=27.62 Mbps wall=0.00 Mbps chrome_cores=0.00 go_cpu=0.00s
START e5-loss0.0002-fw256KiB-rtt71-r2 2026-09-18T17:06:20Z --mode prod --size 64MiB --chunk 16KiB --bandwidth 30MB --queue 5MB --rtt 71 --loss 0.0002 --deadline 300 --fastrtxwnd 256KiB
OK e5-loss0.0002-fw256KiB-rtt71-r2 2026-09-18T17:07:04Z
trace prod rtt=71 loss=0.0002 mbps/100ms: 0 0 0 0 0 0 0 0 0 0 5 10 10 37 10 16 31 16 31 16 10 31 16 16 31 21 21 26 16 31 21 16 31 21 31 16 21 37 16 21 31 21 37 16 21 37 16 31 26 21 37 21 21 37 21 21 37 21 42 21 21 42 21 26 37 21 42 21 21 47 21 21 47 10 31 10 10 26 10 26 10 10 26 10 16 26 10 16 21 16 26 16 0 26 5 10 10 0 10 5 0 10 5 5 10 0 10 5 5 10 5 10 10 5 10 5 5 16 5 5 10 5 5 5 5 5 5 5 10 0 10 5 5 10 5 5 10 5 5 10 10 10 5 5 16 5 5 16 5 16 5 10 16 5 5 16 10 16 10 5 21 5 16 5 16 10 16 10 10 21 5 16 5 5 10 5 5 16 5 10 5 5 16 5 5 16 5 5 16 5 16 10 5 16 10 16 5 10 16 10 5 21 5 21 10 5 21 10 10 16 10 21 10 10 21 10 10 21 10 21 16 10 21 16 10 26 10 26 10 10 26 16 10 26 10 26 16 16 26 10 16 26 16 26 16 10 21 5 16 10 5 16 10 5 16 10 16 10 10 16 10 10 10 5 5 10 5 10 5 5 10 10 5 10 5 10 10 5 16 5 5 16 5 10 16 5 16 10 5 16 10 5 21 5 21 10 5 10 5 5 10 5 10 5 5 10 5 5 10 5 5 0 5 5 5 5 5 5 10 5 5 5 5 5 10 5 10 5 5 16 5 5 10 5 16 5 5 16 5 5 16 10 5 16 5 10 5 16 10 10 16 5 16 10 10 16 10 10 16 10 16 16 10 21 10 10 21 10 16 16 10 21 10 16 21 10 21 16 10 26 10 16 21 10 21 10 16 16 5 10 10 5 10 16 5 16 5 10 16 10 10 16 5 21 5 10 16 10 16 16 10 5 10 5 5 5 5 5 0 5 0 0 5 5 0 5 0 5 5 | shim fwd=86773 writeErr=0 drop=0
mode=prod conns=0 sharing= rtt=71ms jitter=0ms bw=30000000 loss=0 queue=5000000 rtomax=0ms sent=67108864 received=67108864 throughput=12.83 Mbps wall=0.00 Mbps chrome_cores=0.00 go_cpu=0.00s
START e5-loss0.001-fwdefault-rtt71-r2 2026-09-18T17:07:04Z --mode prod --size 64MiB --chunk 16KiB --bandwidth 30MB --queue 5MB --rtt 71 --loss 0.001 --deadline 300
OK e5-loss0.001-fwdefault-rtt71-r2 2026-09-18T17:08:39Z
trace prod rtt=71 loss=0.001 mbps/100ms: 0 0 0 0 0 0 0 0 0 0 5 10 16 110 0 210 16 31 16 21 5 10 21 10 0 21 5 10 5 5 10 5 5 10 10 10 0 10 5 5 5 5 5 5 5 0 10 0 5 5 0 5 5 5 5 0 5 5 5 10 0 5 10 5 5 5 5 10 5 0 10 5 0 5 5 5 5 5 5 5 0 5 5 5 0 0 5 5 5 5 0 10 0 5 5 5 5 5 5 10 5 5 5 5 5 10 5 10 5 5 10 10 5 10 5 16 5 5 10 5 10 0 5 10 0 5 10 0 5 5 0 5 5 0 5 5 5 5 5 5 5 5 5 0 5 0 5 5 0 5 5 5 5 5 5 5 5 5 5 5 10 5 0 10 5 5 10 5 10 5 0 5 5 5 5 5 5 0 5 0 5 0 5 0 5 0 5 0 5 0 5 0 5 5 5 5 0 5 5 5 0 10 0 10 5 5 5 5 5 10 5 5 0 5 5 0 5 0 5 0 5 0 0 5 0 0 5 0 5 0 5 5 0 5 0 0 5 0 5 0 5 5 0 0 5 5 5 5 0 5 5 5 5 5 5 5 5 5 5 5 5 5 5 0 5 5 0 5 0 0 5 5 0 5 0 5 5 0 5 5 5 5 5 0 10 5 0 5 5 5 5 0 5 5 0 5 5 5 5 0 10 5 0 10 5 0 10 5 10 5 0 10 5 5 10 10 5 10 5 10 5 10 10 5 10 10 5 5 5 0 10 5 0 10 5 10 5 5 10 5 5 10 5 10 5 5 10 10 5 10 10 10 5 10 10 5 5 10 5 5 5 5 10 0 5 10 5 10 5 5 10 5 5 16 0 10 5 0 10 0 5 10 0 10 5 5 5 5 5 10 5 10 5 5 10 5 5 16 5 10 5 0 16 5 0 10 0 10 5 0 10 5 5 10 5 10 5 5 10 5 5 10 5 5 10 5 5 5 5 5 5 5 5 5 10 0 5 5 0 10 0 5 5 0 5 5 5 5 5 5 5 5 5 10 5 0 10 0 5 5 0 5 5 5 5 5 5 5 5 5 5 5 10 5 5 5 5 10 5 5 10 10 5 10 5 10 10 5 10 0 5 5 5 0 5 0 5 5 0 5 5 5 0 0 5 0 5 5 0 5 0 5 5 5 0 5 5 5 5 5 5 5 5 10 0 10 5 5 10 5 5 5 5 5 0 5 5 5 5 5 5 5 5 5 5 5 5 10 5 10 5 5 10 5 5 10 5 10 5 10 10 5 5 10 5 5 5 0 5 0 5 5 0 5 5 0 10 0 5 5 5 5 5 5 5 5 0 10 0 5 0 0 5 0 5 0 5 5 0 5 0 5 5 5 0 5 5 5 5 5 5 5 5 10 0 5 10 5 5 10 5 10 5 5 10 5 5 10 10 10 5 5 16 5 10 10 10 10 5 10 5 5 5 5 5 10 5 5 5 5 0 5 5 5 0 5 10 0 5 5 5 5 10 0 10 5 5 10 5 5 10 5 10 5 5 10 5 16 5 5 10 10 0 5 5 10 0 5 10 0 0 5 5 5 0 5 5 5 0 5 0 5 5 0 5 0 5 5 0 10 0 5 5 5 5 5 5 5 5 5 5 5 10 5 5 10 5 5 5 5 0 5 5 0 5 0 0 5 0 0 5 0 5 0 5 0 5 5 0 5 5 0 10 0 5 5 5 5 5 5 5 5 5 10 5 5 5 5 10 5 5 10 5 5 5 0 5 5 5 5 5 5 5 5 10 5 0 10 5 10 5 5 10 0 10 5 0 10 0 5 5 5 5 5 5 10 5 5 5 5 5 10 5 10 5 5 10 5 10 10 5 10 10 5 16 5 5 10 5 5 5 5 5 5 5 10 5 10 0 5 10 5 5 16 0 10 0 5 5 5 5 5 5 5 5 5 5 5 5 10 5 10 5 5 10 5 5 10 5 5 10 10 5 5 5 5 5 0 10 5 0 10 5 5 0 5 5 0 5 5 5 0 10 0 10 0 5 5 5 5 10 5 5 5 5 5 10 0 5 5 5 5 0 5 5 5 5 5 0 5 5 0 5 5 0 5 0 5 5 0 0 0 5 0 0 5 0 5 0 5 | shim fwd=88560 writeErr=0 drop=0
mode=prod conns=0 sharing= rtt=71ms jitter=0ms bw=30000000 loss=0 queue=5000000 rtomax=0ms sent=67108864 received=67108864 throughput=5.78 Mbps wall=0.00 Mbps chrome_cores=0.00 go_cpu=0.00s
START e5-loss0.001-fw256KiB-rtt71-r2 2026-09-18T17:08:40Z --mode prod --size 64MiB --chunk 16KiB --bandwidth 30MB --queue 5MB --rtt 71 --loss 0.001 --deadline 300 --fastrtxwnd 256KiB
OK e5-loss0.001-fw256KiB-rtt71-r2 2026-09-18T17:10:07Z
trace prod rtt=71 loss=0.001 mbps/100ms: 0 0 0 0 0 0 0 0 0 0 0 16 16 37 79 126 31 21 31 10 5 5 5 5 5 5 0 5 5 0 5 5 5 5 5 5 5 5 5 5 5 5 5 10 5 5 10 5 5 10 5 10 5 10 10 5 5 16 5 16 5 5 16 10 5 16 5 16 10 5 21 5 10 16 10 10 16 10 10 5 5 10 5 10 5 5 10 5 5 16 5 10 10 5 10 10 5 16 5 10 5 5 5 5 5 10 0 10 5 5 10 5 5 10 5 10 10 5 5 5 5 5 5 5 5 5 5 5 10 5 0 10 5 5 10 5 10 5 5 10 10 5 10 5 5 16 5 5 5 0 10 0 5 5 0 5 5 0 5 5 5 5 0 10 0 5 5 5 5 5 5 5 0 5 5 0 5 5 5 5 0 5 0 5 5 0 5 0 5 5 5 0 10 0 5 5 5 5 5 5 5 5 5 0 5 0 10 0 5 5 0 10 0 5 10 0 10 5 5 5 5 5 10 5 5 10 5 10 5 0 10 5 5 5 0 10 5 0 10 5 5 5 5 10 5 5 5 5 5 0 5 5 5 0 10 0 10 0 5 10 5 0 10 5 10 5 0 5 0 0 5 0 5 0 5 5 0 5 5 0 5 5 5 5 0 5 10 0 10 5 0 10 5 5 10 5 10 5 5 10 5 5 10 5 10 10 5 10 0 5 5 5 5 5 5 5 5 10 5 5 5 5 5 5 0 5 5 0 10 0 5 10 0 5 10 0 10 5 5 10 5 5 5 5 16 5 5 10 5 10 10 5 10 5 16 5 10 10 10 5 16 5 10 5 0 10 5 5 10 5 5 5 5 10 5 5 5 5 5 5 0 10 0 5 5 0 5 0 0 5 5 0 5 0 5 0 0 5 5 0 5 5 5 0 5 5 5 5 5 5 5 5 5 5 5 10 5 5 10 5 5 10 5 10 5 5 10 10 5 10 5 10 5 5 5 5 5 5 5 10 5 5 5 5 5 10 5 10 5 5 10 5 5 5 5 5 5 0 10 5 0 10 5 5 5 5 10 5 5 10 5 10 5 5 10 5 10 10 5 16 5 5 16 5 5 16 10 10 10 5 16 10 5 21 5 10 10 5 5 0 5 5 0 5 5 0 5 5 0 5 0 5 0 5 5 5 5 0 5 5 5 5 5 5 5 5 5 5 5 5 10 5 10 5 0 10 0 5 5 0 10 0 5 5 5 5 5 5 10 5 0 10 0 5 0 5 0 5 0 5 0 5 0 5 5 0 5 5 5 0 10 0 5 0 5 0 5 5 0 5 5 0 5 5 5 5 5 5 5 5 0 10 5 10 0 5 10 5 5 10 5 10 5 5 10 10 5 10 5 16 5 5 16 0 10 0 5 10 0 5 10 5 0 5 5 5 0 5 5 0 0 5 5 0 5 0 5 5 0 5 5 5 5 0 10 0 5 10 0 10 5 5 10 0 5 10 5 10 5 5 10 5 5 16 5 10 5 10 10 5 10 10 10 16 5 5 16 10 10 10 10 16 10 5 10 5 5 10 5 5 5 5 10 10 5 10 5 10 5 10 10 5 5 16 5 16 5 10 16 5 16 10 5 10 5 0 10 5 10 5 5 5 5 5 16 5 5 5 5 5 5 0 10 0 10 5 0 5 5 5 5 0 5 5 0 5 0 0 5 5 0 5 0 5 5 0 5 5 5 5 0 10 0 5 5 0 5 0 5 5 0 5 5 5 5 0 5 10 0 5 10 0 10 5 5 10 5 5 5 5 10 5 10 10 5 0 10 5 5 5 0 10 0 5 10 5 0 10 5 10 5 5 10 5 5 10 5 5 10 5 10 5 0 10 0 0 5 0 5 5 0 5 5 0 5 5 5 0 5 5 0 5 5 0 0 5 5 5 5 0 5 5 5 5 5 5 5 5 5 5 5 10 5 5 10 5 5 10 5 | shim fwd=88064 writeErr=0 drop=0
mode=prod conns=0 sharing= rtt=71ms jitter=0ms bw=30000000 loss=0 queue=5000000 rtomax=0ms sent=67108864 received=67108864 throughput=6.26 Mbps wall=0.00 Mbps chrome_cores=0.00 go_cpu=0.00s
PHASE loss done 2026-09-18T17:10:08Z
START e5-topup-loss0.001-fwdefault-rtt71-r3 2026-09-18T17:10:20Z --mode prod --size 64MiB --chunk 16KiB --bandwidth 30MB --queue 5MB --rtt 71 --loss 0.001 --deadline 300
OK e5-topup-loss0.001-fwdefault-rtt71-r3 2026-09-18T17:12:06Z
trace prod rtt=71 loss=0.001 mbps/100ms: 0 0 0 0 0 0 0 0 0 0 5 10 5 37 10 10 26 16 21 16 10 26 16 10 26 16 21 16 5 16 5 5 10 10 10 0 5 10 5 5 5 5 10 5 5 10 5 5 16 5 10 5 10 10 5 5 5 5 5 5 5 5 5 10 5 5 5 5 0 5 5 5 5 5 0 10 0 5 10 5 5 5 5 10 5 5 5 5 10 10 5 10 5 5 10 10 10 5 10 10 10 10 10 0 16 0 5 5 5 0 5 0 5 5 5 5 0 5 5 5 5 0 0 5 5 5 0 0 5 0 5 0 5 5 0 0 5 5 5 5 0 5 5 5 5 5 5 5 5 10 0 5 10 5 10 5 5 10 5 5 10 5 10 5 10 10 5 10 10 5 16 5 10 16 0 10 5 5 10 5 0 10 5 10 5 5 10 5 5 10 5 5 10 0 5 5 0 5 0 5 5 0 5 5 0 5 0 5 0 5 0 0 0 5 0 5 0 5 5 0 0 5 5 5 0 5 5 5 5 5 0 10 5 0 10 5 5 5 5 10 5 5 10 5 10 0 10 5 0 5 5 5 5 5 5 5 5 5 10 0 10 5 0 10 0 5 5 5 5 5 0 10 0 5 10 5 5 5 5 10 5 0 10 5 10 5 5 16 5 5 5 10 5 5 0 10 0 5 0 5 5 0 5 5 0 5 0 0 5 5 0 5 0 5 5 0 5 5 0 5 0 0 0 5 0 0 5 5 0 0 5 5 5 0 5 5 0 5 5 5 5 5 0 10 5 0 5 0 5 0 0 5 0 5 0 5 5 0 5 5 0 5 5 0 10 0 5 5 5 5 5 5 10 0 5 10 5 5 10 5 10 5 5 10 5 10 10 5 10 10 5 10 10 10 10 5 16 5 10 16 0 16 0 5 10 5 5 10 0 10 5 5 10 10 10 5 5 10 5 5 5 5 5 5 5 5 5 5 5 5 5 5 5 10 5 5 10 5 10 5 10 10 0 10 5 0 10 5 0 10 5 0 10 5 5 5 0 5 5 5 5 0 5 5 5 5 5 5 5 5 10 0 5 10 5 5 10 5 5 5 5 5 5 5 0 5 10 0 5 10 0 10 0 5 5 0 5 5 0 5 0 0 5 5 0 0 5 0 5 0 5 0 5 0 5 5 0 5 5 5 5 0 5 5 5 5 0 0 5 0 0 5 0 5 0 5 5 0 5 5 0 5 5 0 10 0 5 5 0 10 0 5 0 5 0 5 5 5 5 0 10 0 0 10 0 5 0 5 5 0 0 5 0 5 0 5 5 0 5 5 0 5 5 0 5 0 5 5 0 5 0 5 5 0 5 5 5 5 0 5 5 5 5 5 5 5 0 5 5 0 5 5 5 5 0 5 5 5 10 0 5 10 5 0 10 5 5 10 5 10 5 5 5 5 5 5 0 10 0 5 10 0 0 5 0 5 0 0 0 5 0 0 0 5 0 0 5 0 5 0 0 5 0 5 5 0 5 5 0 5 5 0 5 5 0 5 0 5 0 5 0 5 0 5 0 5 0 5 0 5 5 0 10 0 5 5 5 0 10 5 5 5 5 5 5 5 5 5 5 0 5 5 0 0 5 0 5 0 5 5 0 5 5 5 5 0 5 5 0 5 5 0 5 5 0 5 5 5 0 0 5 0 5 5 0 5 0 5 5 5 0 5 5 0 5 0 5 0 0 5 0 0 5 0 5 5 0 5 5 0 5 5 5 0 5 0 5 0 5 0 5 5 0 10 0 5 5 5 5 5 0 5 5 0 5 5 5 0 5 5 5 0 10 0 5 5 0 5 5 0 0 5 0 5 0 5 0 5 5 0 5 5 0 5 5 5 5 5 5 5 5 5 5 5 5 5 10 5 10 5 5 5 5 0 5 5 5 5 0 10 5 0 5 0 5 5 0 5 5 0 10 0 5 5 5 5 5 5 5 5 5 5 5 5 0 5 5 0 10 0 5 5 5 5 5 5 5 5 0 5 5 5 0 5 5 0 5 5 5 5 5 5 10 0 5 10 5 10 5 5 5 5 5 16 5 10 5 5 10 10 5 10 10 10 10 5 16 5 5 16 0 10 5 0 10 5 5 10 5 5 5 0 5 5 0 10 0 10 0 5 10 0 5 10 5 5 5 5 10 5 10 5 5 10 5 10 10 5 5 16 5 10 10 5 16 5 10 10 10 16 5 10 10 5 0 10 5 5 10 5 10 5 5 10 5 5 5 5 5 5 0 10 5 0 10 0 5 5 0 5 5 0 5 5 5 5 0 10 0 5 5 5 5 10 0 10 5 5 10 5 5 10 5 5 10 5 10 0 5 5 5 5 5 5 5 5 5 10 5 0 10 | shim fwd=87419 writeErr=0 drop=0
mode=prod conns=0 sharing= rtt=71ms jitter=0ms bw=30000000 loss=0 queue=5000000 rtomax=0ms sent=67108864 received=67108864 throughput=5.16 Mbps wall=0.00 Mbps chrome_cores=0.00 go_cpu=0.00s
START e5-topup-loss0.001-fw256KiB-rtt71-r3 2026-09-18T17:12:06Z --mode prod --size 64MiB --chunk 16KiB --bandwidth 30MB --queue 5MB --rtt 71 --loss 0.001 --deadline 300 --fastrtxwnd 256KiB
OK e5-topup-loss0.001-fw256KiB-rtt71-r3 2026-09-18T17:13:50Z
trace prod rtt=71 loss=0.001 mbps/100ms: 0 0 0 0 0 0 0 0 0 0 0 0 0 5 5 10 10 5 10 10 5 16 5 5 10 5 5 0 5 5 5 0 5 5 5 0 0 5 5 0 5 0 5 5 0 5 5 0 5 5 5 5 5 5 5 5 5 5 10 0 5 10 5 5 10 5 10 5 5 10 5 10 5 5 5 0 5 0 5 0 5 5 0 5 5 5 5 0 10 0 5 5 5 5 0 0 5 5 0 0 5 5 0 0 5 5 5 0 5 5 0 0 10 0 0 5 0 5 5 0 5 5 5 5 0 5 5 5 5 5 5 5 5 10 0 5 5 5 5 0 5 5 5 0 5 5 10 0 5 0 0 5 0 0 5 0 0 5 0 5 0 0 5 0 5 0 0 5 0 0 5 0 5 0 5 5 0 5 5 0 5 5 0 10 0 5 5 5 5 5 5 5 5 5 10 5 10 5 5 10 5 5 10 5 10 5 5 10 10 5 0 5 10 0 5 10 0 10 5 5 5 5 5 10 5 10 5 5 16 5 10 5 10 10 5 0 10 0 10 5 0 10 5 5 5 5 10 5 5 10 5 5 10 5 10 5 10 10 5 5 5 5 5 5 0 10 5 0 10 5 10 0 5 5 5 0 5 5 5 5 0 10 5 0 10 5 5 5 5 10 5 5 5 5 10 5 5 16 5 5 10 5 16 5 5 16 5 16 5 5 10 10 5 5 5 10 0 5 10 5 5 10 5 10 5 5 5 10 0 10 0 10 0 5 5 5 10 0 5 10 5 5 10 0 5 10 5 16 5 5 10 5 10 5 0 5 5 5 5 5 10 0 5 10 5 5 5 5 10 5 5 10 5 5 0 0 5 0 5 5 0 5 5 0 5 5 0 10 0 10 0 0 5 5 0 5 5 5 0 5 5 0 5 5 0 5 0 5 0 5 0 5 5 5 5 0 10 0 5 5 5 10 0 5 10 5 5 5 5 10 5 5 10 5 5 10 10 10 5 5 16 5 5 16 5 16 5 10 10 10 5 16 10 16 5 10 10 5 5 10 5 10 5 5 10 5 5 5 5 0 10 0 5 5 5 5 5 5 10 0 5 10 5 10 5 0 10 0 5 5 0 10 0 5 10 0 5 10 0 5 5 0 5 5 0 5 5 5 5 5 5 5 0 10 0 5 5 0 5 5 0 10 0 0 0 0 0 0 0 0 0 0 0 26 0 0 0 0 5 0 0 5 0 5 0 5 0 5 0 5 5 0 5 5 0 10 0 10 0 5 5 5 5 5 5 10 5 5 10 0 5 10 5 16 0 5 5 5 5 5 0 10 5 0 10 5 0 10 5 10 5 5 5 5 10 10 5 10 5 5 10 10 10 5 5 16 5 16 5 10 16 5 5 16 10 5 16 10 16 10 5 21 10 5 21 10 16 0 16 5 0 10 5 0 5 5 5 5 5 0 10 0 10 5 5 5 5 10 5 5 10 5 5 10 5 10 5 5 10 10 5 10 10 10 5 10 16 5 5 16 10 16 5 5 10 5 5 5 5 10 5 5 10 5 5 0 5 5 5 0 10 0 10 0 5 5 5 0 5 5 5 0 5 5 5 5 5 0 10 0 5 10 5 5 5 5 10 0 10 0 5 5 0 5 5 5 5 5 5 5 5 5 5 5 10 5 0 10 0 5 0 5 0 5 0 5 0 5 0 5 5 5 0 5 5 5 5 5 5 0 5 5 0 5 5 0 5 5 0 5 5 5 5 5 5 5 5 5 5 0 5 0 5 0 5 0 0 5 5 0 5 0 5 5 0 10 0 5 5 0 5 0 0 5 0 0 5 0 5 0 5 0 5 0 5 5 5 0 0 5 0 0 5 5 0 5 5 0 5 5 5 5 0 5 5 0 10 0 5 0 5 5 0 5 0 5 0 5 0 5 0 5 5 0 5 5 5 0 5 5 5 5 0 5 0 5 0 5 5 5 0 5 5 5 0 10 0 10 5 0 10 5 5 5 5 10 5 5 10 5 5 10 5 16 5 5 10 5 5 5 5 5 5 0 10 5 5 5 5 10 5 5 5 5 5 5 0 5 5 0 5 0 5 0 5 5 0 5 5 5 5 0 5 5 5 5 5 5 10 5 0 10 5 5 10 5 10 5 5 10 5 10 10 5 10 5 10 10 5 10 10 10 16 5 5 10 0 5 10 5 0 10 5 5 5 0 5 5 0 10 0 5 5 5 5 5 5 5 5 5 10 5 5 10 5 5 0 5 0 5 0 5 0 5 0 5 5 0 5 5 5 5 0 5 5 5 5 5 0 10 5 0 5 0 5 5 5 0 5 5 0 5 0 5 0 | shim fwd=87582 writeErr=0 drop=0
mode=prod conns=0 sharing= rtt=71ms jitter=0ms bw=30000000 loss=0 queue=5000000 rtomax=0ms sent=67108864 received=67108864 throughput=5.26 Mbps wall=0.00 Mbps chrome_cores=0.00 go_cpu=0.00s
START e5-topup-loss0.001-fw1MiB-rtt71-r3 2026-09-18T17:13:51Z --mode prod --size 64MiB --chunk 16KiB --bandwidth 30MB --queue 5MB --rtt 71 --loss 0.001 --deadline 300 --fastrtxwnd 1MiB
OK e5-topup-loss0.001-fw1MiB-rtt71-r3 2026-09-18T17:15:17Z
trace prod rtt=71 loss=0.001 mbps/100ms: 0 0 0 0 0 0 0 0 0 0 5 10 16 63 21 26 47 21 26 16 10 21 10 16 5 5 16 5 5 10 5 5 5 5 10 0 5 10 5 10 5 5 10 5 5 10 5 16 5 5 10 5 0 10 0 10 0 5 10 5 5 5 5 10 5 0 10 0 5 5 0 10 0 5 5 5 5 5 5 5 5 0 5 5 0 5 5 5 5 0 10 0 5 0 5 5 0 5 5 0 5 5 5 5 5 0 10 0 5 10 0 10 5 5 10 5 0 10 5 10 5 10 10 5 10 5 10 10 5 10 5 5 5 5 5 5 5 5 10 0 10 5 5 5 5 0 10 0 5 5 5 5 5 5 5 0 5 5 0 5 5 5 0 5 5 5 0 10 0 10 5 0 10 5 0 10 0 5 5 0 5 5 0 10 0 10 0 5 10 0 10 5 5 5 5 5 10 5 5 10 5 10 5 5 16 5 5 10 10 10 0 5 5 5 5 5 5 10 5 0 10 5 10 5 5 10 5 5 10 5 10 10 0 10 5 5 5 5 0 10 0 5 0 5 5 0 5 5 5 5 0 5 5 5 10 0 5 10 5 5 5 5 10 5 5 10 5 10 5 10 10 5 5 16 5 10 10 5 16 5 5 16 10 10 10 0 16 5 5 5 5 10 5 5 10 5 5 10 5 10 5 5 16 5 10 10 5 10 5 5 5 5 5 5 5 10 0 5 10 5 10 5 5 10 5 5 10 5 16 5 5 10 10 5 10 10 10 10 5 16 5 10 16 5 16 10 10 16 5 10 16 10 16 5 0 10 5 5 10 0 10 5 0 10 0 5 5 5 5 5 5 10 0 10 5 5 10 5 5 10 5 10 5 5 5 10 0 10 0 10 0 5 5 5 5 5 0 5 5 0 5 5 5 5 0 10 0 5 10 0 10 5 5 5 5 5 10 5 0 5 0 5 0 0 5 0 5 5 0 5 5 0 5 0 5 0 0 5 5 5 0 5 5 0 5 5 5 5 5 0 10 5 0 10 5 10 5 0 10 5 5 10 5 10 5 5 16 0 5 10 0 10 0 5 5 0 5 0 5 5 0 5 5 5 0 5 5 5 5 5 5 5 0 5 5 5 0 5 5 0 10 0 5 5 5 5 5 5 0 5 0 5 5 0 5 5 5 5 5 5 5 0 10 5 5 5 5 10 0 5 10 5 5 10 5 10 5 10 10 5 10 10 5 10 10 5 16 5 16 5 10 16 5 10 16 5 16 10 10 16 5 10 10 5 10 5 5 10 5 5 10 5 10 5 5 16 5 5 16 5 16 5 10 10 10 10 10 10 16 5 10 16 10 10 0 10 5 5 0 5 5 0 5 5 5 5 5 5 5 5 5 5 10 5 5 10 5 5 5 5 16 5 5 10 5 10 10 5 10 10 5 10 10 16 5 5 16 10 5 16 10 16 10 5 16 0 5 10 5 5 10 5 10 5 5 10 5 5 5 0 10 0 5 5 5 5 0 5 0 5 0 10 0 5 5 0 10 5 0 10 0 10 5 5 5 5 5 10 5 10 5 5 10 5 5 10 5 16 5 5 16 5 5 16 5 10 0 5 10 0 5 10 5 10 5 0 10 5 10 5 10 10 5 5 10 0 5 5 5 5 5 5 5 0 10 0 5 5 0 5 5 0 10 0 5 5 5 5 5 5 5 0 5 5 0 5 5 0 10 0 5 5 5 5 5 5 5 5 5 10 0 10 5 0 5 5 0 5 5 0 5 0 5 0 5 5 0 5 5 0 5 5 5 5 5 0 10 0 5 10 5 0 10 5 10 5 5 10 5 5 10 5 5 16 0 10 5 0 10 0 5 10 0 10 5 5 5 5 5 10 5 5 10 5 5 10 0 5 5 0 10 5 0 10 0 10 0 0 5 5 0 5 5 5 | shim fwd=87649 writeErr=0 drop=0
mode=prod conns=0 sharing= rtt=71ms jitter=0ms bw=30000000 loss=0 queue=5000000 rtomax=0ms sent=67108864 received=67108864 throughput=6.36 Mbps wall=0.00 Mbps chrome_cores=0.00 go_cpu=0.00s
START e5-topup-loss0.001-fwdefault-rtt12-r3 2026-09-18T17:15:17Z --mode prod --size 64MiB --chunk 16KiB --bandwidth 30MB --queue 5MB --rtt 12 --loss 0.001 --deadline 300
OK e5-topup-loss0.001-fwdefault-rtt12-r3 2026-09-18T17:15:34Z
trace prod rtt=12 loss=0.001 mbps/100ms: 0 0 0 0 31 330 136 68 42 47 42 26 37 37 26 10 10 21 26 26 37 31 26 26 21 26 10 16 16 26 26 37 42 42 26 21 21 26 37 42 26 26 37 31 21 21 21 26 37 37 42 31 10 10 21 26 31 37 42 47 52 58 63 58 37 47 37 31 37 37 21 21 10 10 16 21 26 31 42 21 31 26 42 47 42 58 63 63 73 79 79 84 16 21 10 21 16 16 16 16 21 31 21 21 26 31 42 37 52 58 52 58 47 42 31 10 26 26 37 37 47 42 58 47 26 26 10 21 26 31 21 10 16 21 16 26 26 26 10 21 26 26 31 42 47 47 58 42 21 26 26 37 37 26 26 37 | shim fwd=88269 writeErr=0 drop=0
mode=prod conns=0 sharing= rtt=12ms jitter=0ms bw=30000000 loss=0 queue=5000000 rtomax=0ms sent=67108864 received=67108864 throughput=35.34 Mbps wall=0.00 Mbps chrome_cores=0.00 go_cpu=0.00s
START e5-topup-loss0.001-fw64KiB-rtt12-r3 2026-09-18T17:15:34Z --mode prod --size 64MiB --chunk 16KiB --bandwidth 30MB --queue 5MB --rtt 12 --loss 0.001 --fastrtxwnd 64KiB --deadline 300
OK e5-topup-loss0.001-fw64KiB-rtt12-r3 2026-09-18T17:15:50Z
trace prod rtt=12 loss=0.001 mbps/100ms: 0 0 0 0 16 357 157 100 42 31 37 42 37 0 0 0 0 0 0 0 0 0 252 10 16 21 16 21 26 37 37 42 42 31 31 21 31 26 42 42 42 31 37 42 42 52 42 16 21 31 31 42 47 58 52 63 42 37 47 47 21 16 21 21 21 21 16 16 21 31 16 26 26 37 37 47 52 47 63 47 42 26 26 21 21 31 37 37 26 31 42 37 42 31 31 37 47 31 26 21 5 10 16 16 21 31 31 42 47 47 31 26 21 31 31 37 37 31 26 42 31 21 16 26 31 21 21 16 21 31 37 37 47 47 26 26 26 26 37 37 47 52 52 68 31 21 26 31 37 42 52 47 47 | shim fwd=89702 writeErr=0 drop=0
mode=prod conns=0 sharing= rtt=12ms jitter=0ms bw=30000000 loss=0 queue=5000000 rtomax=0ms sent=67108864 received=67108864 throughput=36.13 Mbps wall=0.00 Mbps chrome_cores=0.00 go_cpu=0.00s
START e5-topup-loss0.001-fw256KiB-rtt12-r3 2026-09-18T17:15:50Z --mode prod --size 64MiB --chunk 16KiB --bandwidth 30MB --queue 5MB --rtt 12 --loss 0.001 --fastrtxwnd 256KiB --deadline 300
OK e5-topup-loss0.001-fw256KiB-rtt12-r3 2026-09-18T17:16:11Z
trace prod rtt=12 loss=0.001 mbps/100ms: 0 0 0 0 47 42 16 21 16 21 16 21 21 10 10 10 16 10 10 10 16 10 16 16 21 16 10 21 21 16 26 26 26 16 10 16 16 26 26 26 26 26 31 42 42 42 26 21 21 31 37 37 52 31 31 37 37 26 31 37 42 47 47 16 21 26 31 31 21 26 37 37 47 47 58 58 68 42 42 42 26 37 37 16 16 16 21 31 37 42 52 26 21 21 26 21 21 31 31 37 42 52 31 16 26 26 31 16 16 21 21 31 37 42 47 37 26 37 26 26 21 21 31 26 21 26 26 16 5 16 21 26 26 37 31 21 21 10 21 21 21 16 16 21 21 26 31 21 26 31 21 16 10 16 21 26 37 31 42 21 16 26 26 16 26 26 31 42 42 31 31 26 21 31 37 21 26 31 16 26 21 10 16 26 26 37 31 31 21 16 16 16 26 26 37 37 42 26 31 42 42 | shim fwd=87473 writeErr=0 drop=0
mode=prod conns=0 sharing= rtt=12ms jitter=0ms bw=30000000 loss=0 queue=5000000 rtomax=0ms sent=67108864 received=67108864 throughput=27.27 Mbps wall=0.00 Mbps chrome_cores=0.00 go_cpu=0.00s
START e5-topup-loss0.001-fw1MiB-rtt12-r3 2026-09-18T17:16:11Z --mode prod --size 64MiB --chunk 16KiB --bandwidth 30MB --queue 5MB --rtt 12 --loss 0.001 --fastrtxwnd 1MiB --deadline 300
OK e5-topup-loss0.001-fw1MiB-rtt12-r3 2026-09-18T17:16:30Z
trace prod rtt=12 loss=0.001 mbps/100ms: 0 0 0 0 16 294 189 84 63 31 21 26 21 26 21 21 16 16 16 16 21 31 37 26 21 16 16 10 10 21 21 31 26 21 26 21 26 26 31 31 21 31 26 21 31 31 37 42 26 31 31 21 26 37 26 21 31 21 26 26 21 21 26 37 26 16 21 21 31 31 26 31 26 37 42 37 26 37 37 47 21 31 26 16 16 26 31 31 26 26 31 31 47 42 52 42 10 16 21 16 10 10 16 16 26 31 31 26 31 26 42 37 5 10 10 21 21 26 31 42 47 47 58 58 68 73 68 37 47 26 26 26 16 21 26 31 26 21 31 31 42 47 26 31 42 37 52 37 26 26 26 31 16 16 21 21 31 37 42 31 26 26 21 26 31 21 10 21 26 31 16 21 26 16 16 16 26 | shim fwd=87774 writeErr=0 drop=0
mode=prod conns=0 sharing= rtt=12ms jitter=0ms bw=30000000 loss=0 queue=5000000 rtomax=0ms sent=67108864 received=67108864 throughput=31.04 Mbps wall=0.00 Mbps chrome_cores=0.00 go_cpu=0.00s
PHASE topup done 2026-09-18T17:16:30Z
START e5-rx256KiB-rtt12-r1 2026-09-18T17:16:30Z --mode prod --size 64MiB --chunk 16KiB --bandwidth 30MB --queue 5MB --rtt 12 --loss 0 --maxrxbuf 256KiB --deadline 180
OK e5-rx256KiB-rtt12-r1 2026-09-18T17:16:34Z
trace prod rtt=12 loss=0 mbps/100ms: 0 0 0 0 31 425 225 220 225 220 220 225 215 225 220 225 215 225 220 220 225 220 220 220 220 225 220 225 | shim fwd=86066 writeErr=0 drop=0
mode=prod conns=0 sharing= rtt=12ms jitter=0ms bw=30000000 loss=0 queue=5000000 rtomax=0ms sent=67108864 received=67108864 throughput=228.98 Mbps wall=0.00 Mbps chrome_cores=0.00 go_cpu=0.00s
START e5-rx4MiB-rtt12-r1 2026-09-18T17:16:34Z --mode prod --size 64MiB --chunk 16KiB --bandwidth 30MB --queue 5MB --rtt 12 --loss 0 --maxrxbuf 4MiB --deadline 180
OK e5-rx4MiB-rtt12-r1 2026-09-18T17:16:37Z
trace prod rtt=12 loss=0 mbps/100ms: 0 0 0 0 31 446 225 215 225 220 220 225 220 220 220 225 220 220 225 215 225 220 225 220 220 220 220 225 | shim fwd=86062 writeErr=0 drop=0
mode=prod conns=0 sharing= rtt=12ms jitter=0ms bw=30000000 loss=0 queue=5000000 rtomax=0ms sent=67108864 received=67108864 throughput=228.97 Mbps wall=0.00 Mbps chrome_cores=0.00 go_cpu=0.00s
START e5-rx16MiB-rtt12-r1 2026-09-18T17:16:38Z --mode prod --size 64MiB --chunk 16KiB --bandwidth 30MB --queue 5MB --rtt 12 --loss 0 --maxrxbuf 16MiB --deadline 180
OK e5-rx16MiB-rtt12-r1 2026-09-18T17:16:41Z
trace prod rtt=12 loss=0 mbps/100ms: 0 0 0 0 31 435 225 215 225 220 225 220 215 225 220 225 220 220 225 215 225 220 225 220 220 220 220 225 | shim fwd=86060 writeErr=0 drop=0
mode=prod conns=0 sharing= rtt=12ms jitter=0ms bw=30000000 loss=0 queue=5000000 rtomax=0ms sent=67108864 received=67108864 throughput=228.97 Mbps wall=0.00 Mbps chrome_cores=0.00 go_cpu=0.00s
START e5-rx64MiB-rtt12-r1 2026-09-18T17:16:41Z --mode prod --size 64MiB --chunk 16KiB --bandwidth 30MB --queue 5MB --rtt 12 --loss 0 --maxrxbuf 64MiB --deadline 180
OK e5-rx64MiB-rtt12-r1 2026-09-18T17:16:45Z
trace prod rtt=12 loss=0 mbps/100ms: 0 0 0 0 5 336 283 220 220 225 220 220 225 220 220 220 220 225 220 220 220 220 225 220 225 220 220 220 | shim fwd=86061 writeErr=0 drop=0
mode=prod conns=0 sharing= rtt=12ms jitter=0ms bw=30000000 loss=0 queue=5000000 rtomax=0ms sent=67108864 received=67108864 throughput=229.09 Mbps wall=0.00 Mbps chrome_cores=0.00 go_cpu=0.00s
START e5-rx256KiB-rtt71-r1 2026-09-18T17:16:45Z --mode prod --size 64MiB --chunk 16KiB --bandwidth 30MB --queue 5MB --rtt 71 --loss 0 --maxrxbuf 256KiB --deadline 180
OK e5-rx256KiB-rtt71-r1 2026-09-18T17:16:50Z
trace prod rtt=71 loss=0 mbps/100ms: 0 0 0 0 0 0 0 0 0 0 0 16 16 110 142 288 304 215 225 225 147 294 220 225 215 163 283 220 225 220 173 267 220 225 220 184 262 | shim fwd=85923 writeErr=0 drop=0
mode=prod conns=0 sharing= rtt=71ms jitter=0ms bw=30000000 loss=0 queue=5000000 rtomax=0ms sent=67108864 received=67108864 throughput=204.55 Mbps wall=0.00 Mbps chrome_cores=0.00 go_cpu=0.00s
START e5-rx4MiB-rtt71-r1 2026-09-18T17:16:50Z --mode prod --size 64MiB --chunk 16KiB --bandwidth 30MB --queue 5MB --rtt 71 --loss 0 --maxrxbuf 4MiB --deadline 180
OK e5-rx4MiB-rtt71-r1 2026-09-18T17:16:56Z
trace prod rtt=71 loss=0 mbps/100ms: 0 0 0 0 0 0 0 0 0 0 5 10 21 105 142 377 257 215 184 267 215 225 215 194 73 0 488 0 346 178 105 210 105 10 199 52 94 68 52 110 52 58 105 52 110 52 52 110 58 58 105 | shim fwd=89856 writeErr=0 drop=0
mode=prod conns=0 sharing= rtt=71ms jitter=0ms bw=30000000 loss=0 queue=5000000 rtomax=0ms sent=67108864 received=67108864 throughput=132.13 Mbps wall=0.00 Mbps chrome_cores=0.00 go_cpu=0.00s
START e5-rx16MiB-rtt71-r1 2026-09-18T17:16:56Z --mode prod --size 64MiB --chunk 16KiB --bandwidth 30MB --queue 5MB --rtt 71 --loss 0 --maxrxbuf 16MiB --deadline 180
OK e5-rx16MiB-rtt71-r1 2026-09-18T17:17:01Z
trace prod rtt=71 loss=0 mbps/100ms: 0 0 0 0 0 0 0 0 0 0 5 10 16 110 142 288 315 215 215 89 0 551 241 215 210 210 210 210 210 210 231 252 241 210 121 136 168 121 199 21 | shim fwd=88969 writeErr=0 drop=0
mode=prod conns=0 sharing= rtt=71ms jitter=0ms bw=30000000 loss=0 queue=5000000 rtomax=0ms sent=67108864 received=67108864 throughput=187.79 Mbps wall=0.00 Mbps chrome_cores=0.00 go_cpu=0.00s
START e5-rx64MiB-rtt71-r1 2026-09-18T17:17:01Z --mode prod --size 64MiB --chunk 16KiB --bandwidth 30MB --queue 5MB --rtt 71 --loss 0 --maxrxbuf 64MiB --deadline 180
OK e5-rx64MiB-rtt71-r1 2026-09-18T17:17:19Z
trace prod rtt=71 loss=0 mbps/100ms: 0 0 0 0 0 0 0 0 0 0 5 10 16 110 105 215 252 126 215 168 126 252 126 147 231 131 252 10 0 309 63 73 115 68 73 84 37 63 31 47 0 47 37 16 16 37 16 31 21 16 37 16 21 37 16 37 21 16 37 21 21 37 21 37 21 16 21 10 10 21 10 21 10 10 21 0 21 10 5 10 5 5 16 5 10 10 5 16 5 10 16 5 16 5 10 16 10 5 21 5 21 5 10 16 10 16 16 10 16 10 10 21 10 10 21 10 21 10 10 26 10 16 21 10 10 10 5 16 5 10 10 5 16 5 5 16 10 10 10 10 16 5 10 16 5 10 16 10 16 10 10 21 10 5 21 10 10 21 10 21 10 10 21 10 10 16 5 10 10 5 10 | shim fwd=89034 writeErr=0 drop=0
mode=prod conns=0 sharing= rtt=71ms jitter=0ms bw=30000000 loss=0 queue=5000000 rtomax=0ms sent=67108864 received=67108864 throughput=33.39 Mbps wall=0.00 Mbps chrome_cores=0.00 go_cpu=0.00s
START e5-rx256KiB-rtt12-r2 2026-09-18T17:17:19Z --mode prod --size 64MiB --chunk 16KiB --bandwidth 30MB --queue 5MB --rtt 12 --loss 0 --maxrxbuf 256KiB --deadline 180
OK e5-rx256KiB-rtt12-r2 2026-09-18T17:17:22Z
trace prod rtt=12 loss=0 mbps/100ms: 0 0 0 0 31 430 225 220 225 215 225 220 220 225 215 225 220 220 225 220 225 220 220 220 220 225 215 225 | shim fwd=86063 writeErr=0 drop=0
mode=prod conns=0 sharing= rtt=12ms jitter=0ms bw=30000000 loss=0 queue=5000000 rtomax=0ms sent=67108864 received=67108864 throughput=229.04 Mbps wall=0.00 Mbps chrome_cores=0.00 go_cpu=0.00s
START e5-rx4MiB-rtt12-r2 2026-09-18T17:17:23Z --mode prod --size 64MiB --chunk 16KiB --bandwidth 30MB --queue 5MB --rtt 12 --loss 0 --maxrxbuf 4MiB --deadline 180
OK e5-rx4MiB-rtt12-r2 2026-09-18T17:17:26Z
trace prod rtt=12 loss=0 mbps/100ms: 0 0 0 0 37 440 225 220 225 215 225 220 225 220 215 225 220 225 220 220 225 215 225 220 220 225 215 225 | shim fwd=86060 writeErr=0 drop=0
mode=prod conns=0 sharing= rtt=12ms jitter=0ms bw=30000000 loss=0 queue=5000000 rtomax=0ms sent=67108864 received=67108864 throughput=229.12 Mbps wall=0.00 Mbps chrome_cores=0.00 go_cpu=0.00s
START e5-rx16MiB-rtt12-r2 2026-09-18T17:17:26Z --mode prod --size 64MiB --chunk 16KiB --bandwidth 30MB --queue 5MB --rtt 12 --loss 0 --maxrxbuf 16MiB --deadline 180
OK e5-rx16MiB-rtt12-r2 2026-09-18T17:17:30Z
trace prod rtt=12 loss=0 mbps/100ms: 0 0 0 0 16 414 225 220 225 220 225 215 225 220 220 225 220 220 220 220 225 215 225 220 225 220 220 225 | shim fwd=86061 writeErr=0 drop=0
mode=prod conns=0 sharing= rtt=12ms jitter=0ms bw=30000000 loss=0 queue=5000000 rtomax=0ms sent=67108864 received=67108864 throughput=228.99 Mbps wall=0.00 Mbps chrome_cores=0.00 go_cpu=0.00s
START e5-rx64MiB-rtt12-r2 2026-09-18T17:17:30Z --mode prod --size 64MiB --chunk 16KiB --bandwidth 30MB --queue 5MB --rtt 12 --loss 0 --maxrxbuf 64MiB --deadline 180
OK e5-rx64MiB-rtt12-r2 2026-09-18T17:17:34Z
trace prod rtt=12 loss=0 mbps/100ms: 0 0 0 0 31 425 231 215 225 220 225 220 220 225 215 225 220 220 220 220 225 220 225 220 220 220 220 225 | shim fwd=86060 writeErr=0 drop=0
mode=prod conns=0 sharing= rtt=12ms jitter=0ms bw=30000000 loss=0 queue=5000000 rtomax=0ms sent=67108864 received=67108864 throughput=228.97 Mbps wall=0.00 Mbps chrome_cores=0.00 go_cpu=0.00s
START e5-rx256KiB-rtt71-r2 2026-09-18T17:17:34Z --mode prod --size 64MiB --chunk 16KiB --bandwidth 30MB --queue 5MB --rtt 71 --loss 0 --maxrxbuf 256KiB --deadline 180
OK e5-rx256KiB-rtt71-r2 2026-09-18T17:17:38Z
trace prod rtt=71 loss=0 mbps/100ms: 0 0 0 0 0 0 0 0 0 0 5 10 21 105 142 404 231 220 178 267 220 225 215 189 257 184 262 131 0 377 357 225 220 220 220 225 210 | shim fwd=87857 writeErr=0 drop=0
mode=prod conns=0 sharing= rtt=71ms jitter=0ms bw=30000000 loss=0 queue=5000000 rtomax=0ms sent=67108864 received=67108864 throughput=202.26 Mbps wall=0.00 Mbps chrome_cores=0.00 go_cpu=0.00s
START e5-rx4MiB-rtt71-r2 2026-09-18T17:17:39Z --mode prod --size 64MiB --chunk 16KiB --bandwidth 30MB --queue 5MB --rtt 71 --loss 0 --maxrxbuf 4MiB --deadline 180
OK e5-rx4MiB-rtt71-r2 2026-09-18T17:17:43Z
trace prod rtt=71 loss=0 mbps/100ms: 0 0 0 0 0 0 0 0 0 0 5 10 16 110 142 288 320 220 204 236 168 278 220 215 231 147 299 215 225 220 152 294 215 231 215 163 283 | shim fwd=85917 writeErr=0 drop=0
mode=prod conns=0 sharing= rtt=71ms jitter=0ms bw=30000000 loss=0 queue=5000000 rtomax=0ms sent=67108864 received=67108864 throughput=204.40 Mbps wall=0.00 Mbps chrome_cores=0.00 go_cpu=0.00s
START e5-rx16MiB-rtt71-r2 2026-09-18T17:17:43Z --mode prod --size 64MiB --chunk 16KiB --bandwidth 30MB --queue 5MB --rtt 71 --loss 0 --maxrxbuf 16MiB --deadline 180
OK e5-rx16MiB-rtt71-r2 2026-09-18T17:17:48Z
trace prod rtt=71 loss=0 mbps/100ms: 0 0 0 0 0 0 0 0 0 0 5 10 16 110 142 294 315 220 220 225 220 220 225 220 220 220 220 225 220 220 220 225 220 220 220 225 220 | shim fwd=85931 writeErr=0 drop=0
mode=prod conns=0 sharing= rtt=71ms jitter=0ms bw=30000000 loss=0 queue=5000000 rtomax=0ms sent=67108864 received=67108864 throughput=204.34 Mbps wall=0.00 Mbps chrome_cores=0.00 go_cpu=0.00s
START e5-rx64MiB-rtt71-r2 2026-09-18T17:17:48Z --mode prod --size 64MiB --chunk 16KiB --bandwidth 30MB --queue 5MB --rtt 71 --loss 0 --maxrxbuf 64MiB --deadline 180
OK e5-rx64MiB-rtt71-r2 2026-09-18T17:17:53Z
trace prod rtt=71 loss=0 mbps/100ms: 0 0 0 0 0 0 0 0 0 0 5 10 16 110 142 288 304 215 225 220 152 294 215 231 215 184 262 215 231 220 215 225 220 225 215 225 220 | shim fwd=85899 writeErr=0 drop=0
mode=prod conns=0 sharing= rtt=71ms jitter=0ms bw=30000000 loss=0 queue=5000000 rtomax=0ms sent=67108864 received=67108864 throughput=204.27 Mbps wall=0.00 Mbps chrome_cores=0.00 go_cpu=0.00s
PHASE rx done 2026-09-18T17:17:53Z
START e5-mm16KiB-rtt12-r1 2026-09-18T17:17:53Z --mode prod --size 64MiB --chunk 16KiB --bandwidth 30MB --queue 5MB --rtt 12 --loss 0 --maxmsg 16KiB --deadline 180
FAIL(1) e5-mm16KiB-rtt12-r1 2026-09-18T17:20:54Z
bench failed: timed out waiting for receiver: 0/67108864
START e5-mm64KiB-rtt12-r1 2026-09-18T17:20:54Z --mode prod --size 64MiB --chunk 16KiB --bandwidth 30MB --queue 5MB --rtt 12 --loss 0 --maxmsg 64KiB --deadline 180
FAIL(1) e5-mm64KiB-rtt12-r1 2026-09-18T17:23:56Z
bench failed: timed out waiting for receiver: 0/67108864
START e5-mm256KiB-rtt12-r1 2026-09-18T17:23:56Z --mode prod --size 64MiB --chunk 16KiB --bandwidth 30MB --queue 5MB --rtt 12 --loss 0 --maxmsg 256KiB --deadline 180
OK e5-mm256KiB-rtt12-r1 2026-09-18T17:24:00Z
trace prod rtt=12 loss=0 mbps/100ms: 0 0 0 0 10 409 225 220 225 215 225 220 220 225 215 225 220 225 220 220 225 215 225 220 220 225 215 225 | shim fwd=86062 writeErr=0 drop=0
mode=prod conns=0 sharing= rtt=12ms jitter=0ms bw=30000000 loss=0 queue=5000000 rtomax=0ms sent=67108864 received=67108864 throughput=228.94 Mbps wall=0.00 Mbps chrome_cores=0.00 go_cpu=0.00s
START e5-mm1MiB-rtt12-r1 2026-09-18T17:24:00Z --mode prod --size 64MiB --chunk 16KiB --bandwidth 30MB --queue 5MB --rtt 12 --loss 0 --maxmsg 1MiB --deadline 180
OK e5-mm1MiB-rtt12-r1 2026-09-18T17:24:03Z
trace prod rtt=12 loss=0 mbps/100ms: 0 0 0 0 21 425 225 215 225 220 225 220 220 220 220 225 220 225 220 215 225 220 225 220 220 220 220 225 | shim fwd=86062 writeErr=0 drop=0
mode=prod conns=0 sharing= rtt=12ms jitter=0ms bw=30000000 loss=0 queue=5000000 rtomax=0ms sent=67108864 received=67108864 throughput=228.96 Mbps wall=0.00 Mbps chrome_cores=0.00 go_cpu=0.00s
START e5-mm16KiB-rtt71-r1 2026-09-18T17:24:04Z --mode prod --size 64MiB --chunk 16KiB --bandwidth 30MB --queue 5MB --rtt 71 --loss 0 --maxmsg 16KiB --deadline 180
FAIL(1) e5-mm16KiB-rtt71-r1 2026-09-18T17:27:05Z
bench failed: timed out waiting for receiver: 0/67108864
START e5-mm64KiB-rtt71-r1 2026-09-18T17:27:06Z --mode prod --size 64MiB --chunk 16KiB --bandwidth 30MB --queue 5MB --rtt 71 --loss 0 --maxmsg 64KiB --deadline 180
FAIL(1) e5-mm64KiB-rtt71-r1 2026-09-18T17:30:07Z
bench failed: timed out waiting for receiver: 0/67108864
START e5-mm256KiB-rtt71-r1 2026-09-18T17:30:07Z --mode prod --size 64MiB --chunk 16KiB --bandwidth 30MB --queue 5MB --rtt 71 --loss 0 --maxmsg 256KiB --deadline 180
OK e5-mm256KiB-rtt71-r1 2026-09-18T17:30:12Z
trace prod rtt=71 loss=0 mbps/100ms: 0 0 0 0 0 0 0 0 0 0 0 16 16 37 215 288 257 189 257 215 199 246 178 267 220 204 236 163 283 220 215 231 147 294 220 225 220 | shim fwd=85898 writeErr=0 drop=0
mode=prod conns=0 sharing= rtt=71ms jitter=0ms bw=30000000 loss=0 queue=5000000 rtomax=0ms sent=67108864 received=67108864 throughput=204.35 Mbps wall=0.00 Mbps chrome_cores=0.00 go_cpu=0.00s
START e5-mm1MiB-rtt71-r1 2026-09-18T17:30:12Z --mode prod --size 64MiB --chunk 16KiB --bandwidth 30MB --queue 5MB --rtt 71 --loss 0 --maxmsg 1MiB --deadline 180
OK e5-mm1MiB-rtt71-r1 2026-09-18T17:30:38Z
trace prod rtt=71 loss=0 mbps/100ms: 0 0 0 0 0 0 0 0 0 0 0 16 16 37 84 210 79 152 79 100 136 79 152 79 79 157 79 84 157 79 89 0 147 52 0 63 42 21 21 42 21 42 21 21 42 21 26 37 21 47 21 21 47 21 10 31 16 10 21 16 10 16 5 10 10 5 10 10 10 10 5 16 5 10 16 5 10 16 5 10 16 10 16 10 10 16 10 16 10 10 16 16 10 21 10 10 21 10 10 21 10 21 10 16 21 10 21 16 10 21 21 10 21 0 16 10 5 10 10 10 5 16 5 16 10 5 16 10 5 21 5 21 5 10 16 10 10 21 5 10 21 10 21 10 10 21 10 10 21 10 10 10 5 16 5 5 10 10 5 10 10 10 10 5 16 5 10 16 5 10 16 10 5 16 10 16 10 10 16 10 10 21 5 16 16 10 10 21 10 21 10 10 21 16 10 21 10 16 21 10 26 10 10 26 16 10 26 10 16 26 10 21 21 16 26 16 10 31 10 16 31 16 10 16 10 10 10 10 16 5 10 16 10 10 16 10 5 21 10 10 16 10 10 21 10 10 21 10 10 21 10 10 21 10 | shim fwd=88098 writeErr=0 drop=0
mode=prod conns=0 sharing= rtt=71ms jitter=0ms bw=30000000 loss=0 queue=5000000 rtomax=0ms sent=67108864 received=67108864 throughput=22.08 Mbps wall=0.00 Mbps chrome_cores=0.00 go_cpu=0.00s
START e5-mm16KiB-rtt12-r2 2026-09-18T17:30:39Z --mode prod --size 64MiB --chunk 16KiB --bandwidth 30MB --queue 5MB --rtt 12 --loss 0 --maxmsg 16KiB --deadline 180
FAIL(1) e5-mm16KiB-rtt12-r2 2026-09-18T17:33:40Z
bench failed: timed out waiting for receiver: 0/67108864
START e5-mm64KiB-rtt12-r2 2026-09-18T17:33:40Z --mode prod --size 64MiB --chunk 16KiB --bandwidth 30MB --queue 5MB --rtt 12 --loss 0 --maxmsg 64KiB --deadline 180
FAIL(1) e5-mm64KiB-rtt12-r2 2026-09-18T17:36:41Z
bench failed: timed out waiting for receiver: 0/67108864
START e5-mm256KiB-rtt12-r2 2026-09-18T17:36:42Z --mode prod --size 64MiB --chunk 16KiB --bandwidth 30MB --queue 5MB --rtt 12 --loss 0 --maxmsg 256KiB --deadline 180
OK e5-mm256KiB-rtt12-r2 2026-09-18T17:36:45Z
trace prod rtt=12 loss=0 mbps/100ms: 0 0 0 0 26 425 225 220 225 215 225 220 220 220 220 231 215 225 220 220 220 220 225 220 220 220 220 225 | shim fwd=86061 writeErr=0 drop=0
mode=prod conns=0 sharing= rtt=12ms jitter=0ms bw=30000000 loss=0 queue=5000000 rtomax=0ms sent=67108864 received=67108864 throughput=228.89 Mbps wall=0.00 Mbps chrome_cores=0.00 go_cpu=0.00s
START e5-mm1MiB-rtt12-r2 2026-09-18T17:36:46Z --mode prod --size 64MiB --chunk 16KiB --bandwidth 30MB --queue 5MB --rtt 12 --loss 0 --maxmsg 1MiB --deadline 180
OK e5-mm1MiB-rtt12-r2 2026-09-18T17:36:49Z
trace prod rtt=12 loss=0 mbps/100ms: 0 0 0 0 31 430 225 220 225 215 225 220 220 225 220 225 215 220 225 220 225 215 225 220 220 225 215 225 | shim fwd=86061 writeErr=0 drop=0
mode=prod conns=0 sharing= rtt=12ms jitter=0ms bw=30000000 loss=0 queue=5000000 rtomax=0ms sent=67108864 received=67108864 throughput=228.90 Mbps wall=0.00 Mbps chrome_cores=0.00 go_cpu=0.00s
START e5-mm16KiB-rtt71-r2 2026-09-18T17:36:49Z --mode prod --size 64MiB --chunk 16KiB --bandwidth 30MB --queue 5MB --rtt 71 --loss 0 --maxmsg 16KiB --deadline 180
FAIL(1) e5-mm16KiB-rtt71-r2 2026-09-18T17:39:51Z
bench failed: timed out waiting for receiver: 0/67108864
START e5-mm64KiB-rtt71-r2 2026-09-18T17:39:51Z --mode prod --size 64MiB --chunk 16KiB --bandwidth 30MB --queue 5MB --rtt 71 --loss 0 --maxmsg 64KiB --deadline 180
FAIL(1) e5-mm64KiB-rtt71-r2 2026-09-18T17:42:53Z
bench failed: timed out waiting for receiver: 0/67108864
START e5-mm256KiB-rtt71-r2 2026-09-18T17:42:53Z --mode prod --size 64MiB --chunk 16KiB --bandwidth 30MB --queue 5MB --rtt 71 --loss 0 --maxmsg 256KiB --deadline 180
OK e5-mm256KiB-rtt71-r2 2026-09-18T17:43:16Z
trace prod rtt=71 loss=0 mbps/100ms: 0 0 0 0 0 0 0 0 0 0 0 16 16 37 204 299 252 199 0 372 115 194 115 110 204 105 142 178 105 215 105 100 157 31 31 16 31 10 21 5 16 5 10 16 5 10 16 5 16 10 10 5 21 5 21 5 10 21 10 5 21 10 10 21 10 16 16 10 21 10 10 21 0 21 10 5 10 5 10 10 5 10 10 10 5 16 5 16 10 5 16 10 5 16 10 10 16 10 5 21 10 5 21 0 5 10 5 10 5 5 10 5 10 10 5 5 10 10 5 10 10 10 10 5 16 5 16 10 5 16 10 10 16 5 10 16 10 10 16 10 10 16 10 21 10 10 21 10 10 16 16 21 10 10 21 10 10 26 10 10 26 10 26 0 16 10 5 10 10 10 5 16 5 16 5 10 16 5 10 16 10 5 16 10 10 10 16 10 10 16 10 16 5 10 5 10 5 5 16 5 5 10 5 5 16 5 5 16 5 16 5 10 16 5 5 16 10 10 16 | shim fwd=88810 writeErr=0 drop=0
mode=prod conns=0 sharing= rtt=71ms jitter=0ms bw=30000000 loss=0 queue=5000000 rtomax=0ms sent=67108864 received=67108864 throughput=25.76 Mbps wall=0.00 Mbps chrome_cores=0.00 go_cpu=0.00s
START e5-mm1MiB-rtt71-r2 2026-09-18T17:43:16Z --mode prod --size 64MiB --chunk 16KiB --bandwidth 30MB --queue 5MB --rtt 71 --loss 0 --maxmsg 1MiB --deadline 180
OK e5-mm1MiB-rtt71-r2 2026-09-18T17:44:00Z
trace prod rtt=71 loss=0 mbps/100ms: 0 0 0 0 0 0 0 0 0 0 0 16 16 37 115 37 21 58 21 21 42 21 42 21 21 47 21 21 47 21 26 42 21 47 21 26 37 0 31 10 5 16 5 5 16 5 10 10 10 10 10 10 16 5 10 16 5 10 16 10 10 16 10 10 10 16 10 21 10 10 16 10 10 21 16 16 16 10 10 16 5 10 10 5 10 5 10 10 5 16 10 5 16 5 10 16 5 16 10 5 21 5 10 16 10 10 16 10 16 10 10 21 10 10 21 10 10 21 10 21 10 10 21 16 5 16 5 10 5 10 10 5 16 5 10 10 10 5 16 5 10 16 5 10 16 10 5 21 5 21 5 10 21 5 10 21 10 5 16 5 5 0 5 5 5 0 10 0 5 10 5 5 5 5 10 5 0 10 5 5 10 5 10 10 5 10 5 10 10 5 10 10 10 5 16 5 16 5 10 16 5 10 16 10 5 21 5 10 16 10 16 10 10 21 10 10 16 10 10 16 16 10 21 10 16 21 10 16 21 10 21 0 16 16 5 5 16 5 5 16 5 5 16 10 5 16 5 10 16 10 5 16 10 10 16 10 16 10 10 21 5 10 21 10 10 21 10 10 21 10 21 0 16 10 5 10 10 5 5 16 5 10 10 5 16 5 10 16 5 10 16 5 10 16 5 16 10 10 21 5 10 21 5 16 16 10 21 10 10 21 10 10 21 10 16 16 10 26 10 10 21 16 10 26 10 10 26 10 26 10 0 21 10 5 16 5 16 5 10 16 5 10 16 5 10 16 10 16 10 5 21 10 5 21 10 16 10 10 16 16 10 21 10 10 26 10 10 21 10 10 16 16 5 10 5 16 5 5 16 5 16 5 10 16 5 10 16 5 10 16 5 10 16 10 16 10 10 21 5 10 21 10 10 21 10 5 21 16 10 21 10 16 5 16 10 5 10 10 5 5 16 5 5 16 5 10 16 5 5 16 10 5 16 | shim fwd=87406 writeErr=0 drop=0
mode=prod conns=0 sharing= rtt=71ms jitter=0ms bw=30000000 loss=0 queue=5000000 rtomax=0ms sent=67108864 received=67108864 throughput=12.73 Mbps wall=0.00 Mbps chrome_cores=0.00 go_cpu=0.00s
PHASE msg done 2026-09-18T17:44:01Z
START e5-tail-rtt12-r1 2026-09-18T17:45:43Z --mode prod --size 64MiB --chunk 16KiB --bandwidth 30MB --queue 5MB --rtt 12 --loss 0 --deadline 180
OK e5-tail-rtt12-r1 2026-09-18T17:45:46Z
trace prod rtt=12 loss=0 mbps/100ms: 0 0 0 0 5 351 273 225 220 220 225 220 225 215 225 220 220 225 215 225 220 220 225 220 220 220 225 220 | shim fwd=86060 writeErr=0 drop=0
mode=prod conns=0 sharing= rtt=12ms jitter=0ms bw=30000000 loss=0 queue=5000000 rtomax=0ms sent=67108864 received=67108864 throughput=228.93 Mbps wall=0.00 Mbps chrome_cores=0.00 go_cpu=0.00s
START e5-tail-rtt71-r1 2026-09-18T17:45:46Z --mode prod --size 64MiB --chunk 16KiB --bandwidth 30MB --queue 5MB --rtt 71 --loss 0 --deadline 180
OK e5-tail-rtt71-r1 2026-09-18T17:46:29Z
trace prod rtt=71 loss=0 mbps/100ms: 0 0 0 0 0 0 0 0 0 0 0 16 16 79 42 0 215 142 10 37 31 16 10 10 16 16 10 21 16 10 21 10 10 26 10 16 21 10 21 16 10 26 10 16 26 10 16 26 16 26 10 16 26 16 16 26 16 31 16 10 31 16 16 10 21 10 10 10 16 5 10 16 10 10 16 10 10 16 10 21 10 10 21 10 10 21 10 16 16 10 21 10 10 26 10 10 26 10 16 21 16 21 16 10 26 16 10 16 5 10 10 10 10 10 5 16 10 5 16 10 10 16 5 10 16 10 10 16 10 10 10 10 5 10 5 5 10 5 16 5 5 10 10 5 10 10 5 10 10 5 16 5 10 16 5 0 16 5 10 0 5 10 5 5 10 5 5 10 5 5 16 5 10 5 10 10 5 10 10 10 5 16 5 16 10 5 16 5 10 16 10 5 21 5 10 21 5 21 10 10 16 10 10 16 5 5 10 5 10 5 10 10 5 5 10 10 5 10 10 5 16 5 10 10 10 5 16 10 5 16 10 10 16 10 5 21 5 21 10 10 16 10 10 21 10 10 21 10 21 10 10 21 10 16 21 10 21 10 10 16 5 5 16 5 5 16 5 16 5 5 16 5 10 16 5 10 16 10 5 16 10 16 10 10 16 10 10 21 5 10 21 10 10 21 10 21 10 10 21 10 10 26 10 21 16 10 21 16 10 21 0 21 5 10 10 5 10 16 5 5 16 10 10 10 10 16 5 10 16 10 5 21 10 16 10 10 16 10 16 16 10 21 10 10 21 10 10 16 5 10 5 10 10 5 5 16 5 5 16 5 16 10 5 16 5 10 16 5 10 16 10 5 21 10 16 10 10 16 10 10 21 5 16 16 10 10 21 10 16 21 10 21 10 10 26 10 0 21 5 5 16 5 5 16 5 10 10 10 10 10 5 16 10 5 16 10 10 10 | shim fwd=88585 writeErr=0 drop=0
mode=prod conns=0 sharing= rtt=71ms jitter=0ms bw=30000000 loss=0 queue=5000000 rtomax=0ms sent=67108864 received=67108864 throughput=13.19 Mbps wall=0.00 Mbps chrome_cores=0.00 go_cpu=0.00s
START e5-tail-rtt12-r2 2026-09-18T17:46:29Z --mode prod --size 64MiB --chunk 16KiB --bandwidth 30MB --queue 5MB --rtt 12 --loss 0 --deadline 180
OK e5-tail-rtt12-r2 2026-09-18T17:46:40Z
trace prod rtt=12 loss=0 mbps/100ms: 0 0 0 0 10 84 58 58 63 79 52 42 47 52 52 68 63 68 58 42 47 47 58 58 68 73 63 26 26 37 37 42 47 47 58 58 68 52 37 42 52 58 37 37 37 42 47 52 58 58 68 68 68 37 52 47 63 63 58 73 73 47 42 47 58 52 68 42 37 47 47 52 58 63 63 63 37 42 52 52 58 58 37 37 47 52 52 58 47 37 37 47 52 58 58 63 63 84 63 42 47 47 58 58 73 | shim fwd=87013 writeErr=0 drop=0
mode=prod conns=0 sharing= rtt=12ms jitter=0ms bw=30000000 loss=0 queue=5000000 rtomax=0ms sent=67108864 received=67108864 throughput=53.38 Mbps wall=0.00 Mbps chrome_cores=0.00 go_cpu=0.00s
START e5-tail-rtt71-r2 2026-09-18T17:46:41Z --mode prod --size 64MiB --chunk 16KiB --bandwidth 30MB --queue 5MB --rtt 71 --loss 0 --deadline 180
OK e5-tail-rtt71-r2 2026-09-18T17:47:37Z
trace prod rtt=71 loss=0 mbps/100ms: 0 0 0 0 0 0 0 0 0 0 0 16 10 21 26 16 31 16 16 26 16 16 26 0 26 10 10 16 5 10 16 10 10 16 10 10 16 10 21 10 5 21 10 16 16 10 21 10 10 26 10 10 21 10 16 21 10 21 16 16 26 10 10 26 16 10 26 16 16 26 10 16 26 16 26 16 16 26 16 16 31 16 21 21 16 21 26 16 31 21 10 21 5 5 5 5 5 10 5 5 10 5 5 10 10 10 5 5 10 10 5 16 5 10 10 10 5 16 5 10 16 5 10 16 0 10 5 0 5 5 0 5 5 5 5 5 0 10 5 0 10 5 0 10 5 10 5 5 5 5 0 5 5 5 5 5 0 10 0 5 10 5 5 5 5 10 5 5 10 5 5 10 5 5 10 5 10 10 5 10 10 5 16 5 5 16 10 5 16 5 10 16 10 5 16 0 10 5 0 5 5 5 5 0 5 5 5 5 5 5 5 5 5 10 5 5 5 5 5 10 5 5 16 5 5 10 5 5 16 5 16 5 5 16 5 10 10 10 5 16 10 5 16 10 10 16 5 10 16 0 10 5 5 10 5 5 10 5 5 10 10 5 10 5 10 10 5 10 10 10 5 16 5 16 10 5 10 16 10 5 16 10 16 10 10 16 10 10 16 10 10 21 10 10 21 10 10 21 10 10 16 5 5 10 10 5 10 5 10 10 5 10 10 10 10 10 5 16 10 5 16 10 10 16 5 10 16 10 10 16 10 10 16 0 10 10 5 10 5 5 10 5 5 16 5 5 10 10 5 10 10 10 10 5 10 10 10 16 5 10 16 10 5 16 10 10 16 10 16 10 10 21 5 10 21 10 10 21 10 10 21 10 10 10 10 0 5 5 5 5 5 5 5 5 5 5 5 5 5 5 10 5 5 10 5 10 5 5 16 5 5 10 5 10 10 10 5 16 5 10 5 0 10 5 5 5 5 5 10 5 10 5 5 10 5 5 10 5 5 16 5 5 16 5 10 10 5 16 5 10 16 5 10 16 5 10 16 10 5 16 10 10 16 10 21 5 10 21 10 10 16 0 10 10 5 5 10 5 10 10 5 5 16 5 5 16 5 5 16 5 16 10 5 16 10 5 16 10 10 5 16 0 10 5 5 10 5 5 10 5 5 10 5 5 16 5 5 16 5 5 16 5 10 10 10 5 16 10 5 10 16 5 10 16 10 10 16 10 5 21 10 5 16 5 10 5 0 5 5 5 0 5 5 5 5 | shim fwd=86969 writeErr=0 drop=0
mode=prod conns=0 sharing= rtt=71ms jitter=0ms bw=30000000 loss=0 queue=5000000 rtomax=0ms sent=67108864 received=67108864 throughput=9.87 Mbps wall=0.00 Mbps chrome_cores=0.00 go_cpu=0.00s
START e5-tail-rtt12-r3 2026-09-18T17:47:37Z --mode prod --size 64MiB --chunk 16KiB --bandwidth 30MB --queue 5MB --rtt 12 --loss 0 --deadline 180
OK e5-tail-rtt12-r3 2026-09-18T17:47:41Z
trace prod rtt=12 loss=0 mbps/100ms: 0 0 0 0 16 425 225 220 231 215 225 220 220 220 220 225 220 225 220 215 225 220 225 220 220 220 220 225 | shim fwd=86063 writeErr=0 drop=0
mode=prod conns=0 sharing= rtt=12ms jitter=0ms bw=30000000 loss=0 queue=5000000 rtomax=0ms sent=67108864 received=67108864 throughput=228.72 Mbps wall=0.00 Mbps chrome_cores=0.00 go_cpu=0.00s
START e5-tail-rtt71-r3 2026-09-18T17:47:41Z --mode prod --size 64MiB --chunk 16KiB --bandwidth 30MB --queue 5MB --rtt 71 --loss 0 --deadline 180
OK e5-tail-rtt71-r3 2026-09-18T17:48:39Z
trace prod rtt=71 loss=0 mbps/100ms: 0 0 0 0 0 0 0 0 0 0 0 16 16 47 0 0 0 0 0 0 0 0 0 0 0 0 0 0 0 0 0 0 357 0 0 0 0 0 0 0 21 0 0 0 0 0 5 0 0 5 0 5 0 0 5 0 5 5 0 5 5 0 5 5 5 5 0 5 5 5 5 5 5 10 5 5 10 0 5 10 5 5 16 5 5 10 5 5 16 5 5 10 10 5 16 5 10 10 10 16 5 5 21 5 10 16 10 5 21 5 10 16 10 10 21 10 5 21 10 10 21 10 21 10 10 21 0 16 16 5 5 10 5 10 10 5 10 10 10 5 16 5 10 16 5 16 10 5 16 10 0 16 0 5 10 5 5 10 5 10 5 5 10 10 5 10 5 5 16 5 10 10 10 5 16 5 10 16 5 10 16 5 21 5 10 16 10 10 16 10 10 16 10 16 16 5 16 16 10 21 10 10 26 10 10 21 10 21 16 10 26 10 0 26 5 5 10 10 5 16 5 5 16 10 16 5 10 16 5 10 16 10 5 21 5 10 10 10 0 5 5 0 5 5 5 5 5 5 5 5 5 5 5 5 5 5 10 5 5 10 5 10 5 5 10 10 5 10 10 5 10 10 5 16 5 5 16 10 5 16 10 10 10 10 10 16 5 21 5 10 16 10 10 21 5 10 21 10 10 21 10 10 21 10 10 21 10 0 26 5 10 5 5 16 5 5 16 5 10 10 10 5 16 10 5 16 10 10 10 10 10 16 10 5 21 10 16 10 10 21 5 10 21 10 16 16 10 21 16 10 21 10 10 21 0 21 10 5 10 10 5 10 10 5 16 5 10 10 10 10 10 10 5 21 5 10 16 10 10 16 10 16 10 10 16 10 10 10 5 0 5 5 0 10 0 10 5 0 10 5 0 10 5 5 5 5 10 5 5 10 5 5 16 5 5 10 5 10 10 5 16 5 10 16 5 5 16 10 5 16 10 5 16 10 10 16 10 5 21 5 10 21 10 5 21 10 10 21 10 10 21 10 21 0 16 10 5 10 10 5 5 16 5 5 16 5 10 10 10 5 5 5 10 5 0 10 5 10 5 5 5 10 5 10 5 5 10 5 10 10 5 5 16 5 16 5 10 16 5 5 16 10 5 10 0 10 5 5 5 5 5 10 5 5 10 5 5 10 10 5 10 5 10 10 5 5 16 5 10 16 5 10 10 10 10 10 10 10 16 5 10 16 10 5 10 5 0 5 5 0 5 5 5 5 5 5 5 5 5 5 5 5 10 5 0 10 5 5 10 5 5 16 5 | shim fwd=88764 writeErr=0 drop=0
mode=prod conns=0 sharing= rtt=71ms jitter=0ms bw=30000000 loss=0 queue=5000000 rtomax=0ms sent=67108864 received=67108864 throughput=9.55 Mbps wall=0.00 Mbps chrome_cores=0.00 go_cpu=0.00s
PHASE tail done 2026-09-18T17:48:39Z
