=== BLOCK sanity ===
e34-sanity-rtt71-32MiB-16KiB-r1 OK rc=0 wall=2.9s mbps=240.749 cores=0.5237 err=
e34-sanity-rtt71-32MiB-16KiB-r2 OK rc=0 wall=29.3s mbps=9.741 cores=0.0477 err=
e34-sanity-rtt71-32MiB-16KiB-r3 OK rc=0 wall=31.3s mbps=9.052 cores=0.0407 err=
e34-sanity-rtt0-32MiB-16KiB-r1 OK rc=0 wall=1.6s mbps=535.906 cores=1.0696 err=
=== BLOCK ceil ===
e34-ceil-rtt0-16KiB-r1 OK rc=0 wall=3.0s mbps=409.950 cores=0.9571 err=
e34-ceil-rtt0-64KiB-r1 OK rc=0 wall=2.2s mbps=522.451 cores=1.2033 err=
e34-ceil-rtt0-256KiB-r1 OK rc=0 wall=2.8s mbps=455.245 cores=0.7880 err=
e34-ceil-rtt0-16KiB-r2 OK rc=0 wall=2.2s mbps=517.715 cores=1.2614 err=
e34-ceil-rtt0-64KiB-r2 OK rc=0 wall=2.1s mbps=523.470 cores=1.2122 err=
e34-ceil-rtt0-256KiB-r2 OK rc=0 wall=2.1s mbps=532.927 cores=1.1858 err=
e34-ceil-rtt0-16KiB-r3 OK rc=0 wall=2.1s mbps=527.482 cores=1.2610 err=
e34-ceil-rtt0-64KiB-r3 OK rc=0 wall=2.1s mbps=526.292 cores=1.2269 err=
e34-ceil-rtt0-256KiB-r3 OK rc=0 wall=2.1s mbps=532.927 cores=1.1748 err=
e34-ceil-rtt71-16KiB-r1 OK rc=0 wall=64.1s mbps=8.646 cores=0.0373 err=
e34-ceil-rtt71-64KiB-r1 OK rc=0 wall=67.8s mbps=8.161 cores=0.0376 err=
e34-ceil-rtt71-256KiB-r1 OK rc=0 wall=66.9s mbps=8.301 cores=0.0368 err=
e34-ceil-rtt71-16KiB-r2 OK rc=0 wall=69.9s mbps=7.884 cores=0.0357 err=
e34-ceil-rtt71-64KiB-r2 OK rc=0 wall=75.4s mbps=7.312 cores=0.0345 err=
e34-ceil-rtt71-256KiB-r2 OK rc=0 wall=72.7s mbps=7.604 cores=0.0349 err=
e34-ceil-rtt71-16KiB-r3 OK rc=0 wall=46.1s mbps=12.134 cores=0.0446 err=
e34-ceil-rtt71-64KiB-r3 OK rc=0 wall=74.0s mbps=7.444 cores=0.0342 err=
e34-ceil-rtt71-256KiB-r3 OK rc=0 wall=72.5s mbps=7.635 cores=0.0340 err=
=== BLOCK cap8mb ===
e34-cap8mb-rtt0-16KiB-r1 OK rc=0 wall=10.2s mbps=59.705 cores=0.2240 err=
e34-cap8mb-rtt0-64KiB-r1 OK rc=0 wall=10.1s mbps=59.709 cores=0.2151 err=
e34-cap8mb-rtt0-256KiB-r1 OK rc=0 wall=10.1s mbps=59.721 cores=0.2140 err=
e34-cap8mb-rtt0-16KiB-r2 OK rc=0 wall=10.1s mbps=59.698 cores=0.2158 err=
e34-cap8mb-rtt0-64KiB-r2 OK rc=0 wall=10.9s mbps=54.482 cores=0.2058 err=
e34-cap8mb-rtt0-256KiB-r2 OK rc=0 wall=10.9s mbps=54.481 cores=0.2122 err=
e34-cap8mb-rtt0-16KiB-r3 OK rc=0 wall=10.1s mbps=59.696 cores=0.2184 err=
e34-cap8mb-rtt0-64KiB-r3 OK rc=0 wall=10.1s mbps=59.713 cores=0.2074 err=
e34-cap8mb-rtt0-256KiB-r3 OK rc=0 wall=10.2s mbps=59.737 cores=0.2173 err=
e34-cap8mb-rtt71-16KiB-r1 OK rc=0 wall=67.4s mbps=8.182 cores=0.0370 err=
e34-cap8mb-rtt71-64KiB-r1 OK rc=0 wall=61.0s mbps=9.080 cores=0.0373 err=
e34-cap8mb-rtt71-256KiB-r1 OK rc=0 wall=65.1s mbps=8.530 cores=0.0352 err=
e34-cap8mb-rtt71-16KiB-r2 OK rc=0 wall=66.9s mbps=8.254 cores=0.0369 err=
e34-cap8mb-rtt71-64KiB-r2 OK rc=0 wall=77.5s mbps=7.112 cores=0.0336 err=
e34-cap8mb-rtt71-256KiB-r2 OK rc=0 wall=67.2s mbps=8.253 cores=0.0365 err=
e34-cap8mb-rtt71-16KiB-r3 OK rc=0 wall=53.9s mbps=10.285 cores=0.0404 err=
e34-cap8mb-rtt71-64KiB-r3 OK rc=0 wall=70.8s mbps=7.791 cores=0.0353 err=
e34-cap8mb-rtt71-256KiB-r3 OK rc=0 wall=53.3s mbps=10.472 cores=0.0380 err=
=== BLOCK cap30mb ===
e34-cap30mb-rtt0-16KiB-r1 OK rc=0 wall=3.4s mbps=228.329 cores=0.7400 err=
e34-cap30mb-rtt0-64KiB-r1 OK rc=0 wall=3.4s mbps=228.524 cores=0.7352 err=
e34-cap30mb-rtt0-256KiB-r1 OK rc=0 wall=4.3s mbps=170.241 cores=0.5645 err=
e34-cap30mb-rtt0-16KiB-r2 OK rc=0 wall=3.5s mbps=227.816 cores=0.7531 err=
e34-cap30mb-rtt0-64KiB-r2 OK rc=0 wall=3.4s mbps=230.051 cores=0.7279 err=
e34-cap30mb-rtt0-256KiB-r2 OK rc=0 wall=3.4s mbps=230.634 cores=0.7214 err=
e34-cap30mb-rtt0-16KiB-r3 OK rc=0 wall=3.5s mbps=225.728 cores=0.7104 err=
e34-cap30mb-rtt0-64KiB-r3 OK rc=0 wall=3.4s mbps=226.930 cores=0.7383 err=
e34-cap30mb-rtt0-256KiB-r3 OK rc=0 wall=3.4s mbps=228.223 cores=0.7081 err=
e34-cap30mb-rtt71-16KiB-r1 OK rc=0 wall=62.2s mbps=8.994 cores=0.0358 err=
e34-cap30mb-rtt71-64KiB-r1 OK rc=0 wall=58.9s mbps=9.420 cores=0.0357 err=
e34-cap30mb-rtt71-256KiB-r1 OK rc=0 wall=48.1s mbps=11.873 cores=0.0413 err=
e34-cap30mb-rtt71-16KiB-r2 OK rc=0 wall=64.0s mbps=8.632 cores=0.0366 err=
e34-cap30mb-rtt71-64KiB-r2 OK rc=0 wall=61.8s mbps=8.981 cores=0.0352 err=
e34-cap30mb-rtt71-256KiB-r2 OK rc=0 wall=30.8s mbps=18.693 cores=0.0617 err=
e34-cap30mb-rtt71-16KiB-r3 OK rc=0 wall=31.8s mbps=17.872 cores=0.0658 err=
e34-cap30mb-rtt71-64KiB-r3 OK rc=0 wall=62.0s mbps=8.943 cores=0.0348 err=
e34-cap30mb-rtt71-256KiB-r3 OK rc=0 wall=31.8s mbps=18.139 cores=0.0677 err=
=== BLOCK small ===
e34-small-ceil-1KiB-r1 OK rc=0 wall=2.4s mbps=440.708 cores=1.4996 err=
e34-small-ceil-4KiB-r1 OK rc=0 wall=2.3s mbps=459.453 cores=1.2940 err=
e34-small-ceil-16KiB-r1 OK rc=0 wall=2.2s mbps=526.035 cores=1.2383 err=
e34-small-ceil-1KiB-r2 OK rc=0 wall=2.3s mbps=443.768 cores=1.5096 err=
e34-small-ceil-4KiB-r2 OK rc=0 wall=2.3s mbps=458.825 cores=1.3263 err=
e34-small-ceil-16KiB-r2 OK rc=0 wall=2.2s mbps=515.330 cores=1.1847 err=
e34-small-ceil-1KiB-r3 OK rc=0 wall=2.3s mbps=443.072 cores=1.5312 err=
e34-small-ceil-4KiB-r3 OK rc=0 wall=2.3s mbps=466.844 cores=1.3412 err=
e34-small-ceil-16KiB-r3 OK rc=0 wall=2.3s mbps=501.046 cores=1.1519 err=
e34-small-cap30mb-1KiB-r1 OK rc=0 wall=3.4s mbps=227.064 cores=1.0019 err=
e34-small-cap30mb-4KiB-r1 OK rc=0 wall=3.5s mbps=225.264 cores=0.8353 err=
e34-small-cap30mb-16KiB-r1 OK rc=0 wall=3.4s mbps=227.411 cores=0.7399 err=
e34-small-cap30mb-1KiB-r2 OK rc=0 wall=3.4s mbps=227.016 cores=0.9979 err=
e34-small-cap30mb-4KiB-r2 OK rc=0 wall=3.5s mbps=225.065 cores=0.8338 err=
e34-small-cap30mb-16KiB-r2 OK rc=0 wall=3.4s mbps=227.257 cores=0.7412 err=
e34-small-cap30mb-1KiB-r3 OK rc=0 wall=3.5s mbps=227.036 cores=0.9880 err=
e34-small-cap30mb-4KiB-r3 OK rc=0 wall=3.4s mbps=227.122 cores=0.8500 err=
e34-small-cap30mb-16KiB-r3 OK rc=0 wall=3.4s mbps=227.652 cores=0.7866 err=
e34-small-cap8mb-1KiB-r1 OK rc=0 wall=10.2s mbps=59.026 cores=0.2810 err=
e34-small-cap8mb-4KiB-r1 OK rc=0 wall=10.2s mbps=59.029 cores=0.2460 err=
e34-small-cap8mb-16KiB-r1 OK rc=0 wall=10.1s mbps=59.703 cores=0.2219 err=
e34-small-cap8mb-1KiB-r2 OK rc=0 wall=10.2s mbps=59.028 cores=0.2746 err=
e34-small-cap8mb-4KiB-r2 OK rc=0 wall=10.2s mbps=59.033 cores=0.2474 err=
e34-small-cap8mb-16KiB-r2 OK rc=0 wall=10.7s mbps=56.020 cores=0.2112 err=
e34-small-cap8mb-1KiB-r3 OK rc=0 wall=10.2s mbps=59.075 cores=0.2782 err=
e34-small-cap8mb-4KiB-r3 OK rc=0 wall=10.2s mbps=59.036 cores=0.2486 err=
e34-small-cap8mb-16KiB-r3 OK rc=0 wall=10.1s mbps=59.704 cores=0.2216 err=
