=== exp24-raw16-r1 2026-09-18T22:43:42Z
18:43  up 19 days,  1:02, 24 users, load averages: 2.87 2.86 2.99
vm.swapusage: total = 7168.00M  used = 6198.31M  free = 969.69M  (encrypted)
OK exp24-raw16-r1 mbps=46.37 sent=67108864 recv=67108864 fwd=87514 drop=1111 go_cpu=3.1155 chrome_cpu=1.570
=== exp24-raw16-r2 2026-09-18T22:43:55Z
18:43  up 19 days,  1:02, 24 users, load averages: 3.05 2.90 3.00
vm.swapusage: total = 7168.00M  used = 6198.31M  free = 969.69M  (encrypted)
OK exp24-raw16-r2 mbps=41.21 sent=67108864 recv=67108864 fwd=87657 drop=1275 go_cpu=3.2366 chrome_cpu=1.800
=== exp24-raw16-r3 2026-09-18T22:44:09Z
18:44  up 19 days,  1:02, 24 users, load averages: 3.42 2.98 3.03
vm.swapusage: total = 7168.00M  used = 6198.31M  free = 969.69M  (encrypted)
OK exp24-raw16-r3 mbps=74.43 sent=67108864 recv=67108864 fwd=86198 drop=0 go_cpu=3.5797 chrome_cpu=1.820
=== exp24-raw16-r4 2026-09-18T22:45:15Z
18:45  up 19 days,  1:03, 24 users, load averages: 2.69 2.88 2.99
OK exp24-raw16-r4 mbps=56.61 fwd=86827 drop=0 go_cpu=3.1619
=== exp24-raw16-r5 2026-09-18T22:45:26Z
18:45  up 19 days,  1:03, 24 users, load averages: 2.57 2.85 2.98
OK exp24-raw16-r5 mbps=46.63 fwd=87330 drop=1242 go_cpu=3.2230
=== exp24-prod16-r1 2026-09-18T22:45:56Z
18:45  up 19 days,  1:04, 24 users, load averages: 2.80 2.88 2.98
OK exp24-prod16-r1 mbps=55.21 fwd=n/a drop=n/a go_cpu=4.1085
=== exp24-prod16-r2 2026-09-18T22:46:07Z
18:46  up 19 days,  1:04, 24 users, load averages: 4.01 3.13 3.07
OK exp24-prod16-r2 mbps=60.33 fwd=n/a drop=n/a go_cpu=2.8576
=== exp24-raw16-rtt0-r1 2026-09-18T22:46:17Z
18:46  up 19 days,  1:04, 24 users, load averages: 4.55 3.28 3.12
OK exp24-raw16-rtt0-r1 mbps=68.08 fwd=88254 drop=87 go_cpu=3.6761
=== exp24-raw16-rtt0-r2 2026-09-18T22:46:26Z
18:46  up 19 days,  1:04, 24 users, load averages: 4.60 3.33 3.14
OK exp24-raw16-rtt0-r2 mbps=69.87 fwd=88263 drop=149 go_cpu=3.6680
