START e6-zero-rtt25-ck16KiB-r1 2026-09-18T17:58:59Z --mode raw --size 64MiB --backpressure poll --bandwidth 30MB --queue 5MB --deadline 300 --rtt 25 --loss 0 --chunk 16KiB
OK e6-zero-rtt25-ck16KiB-r1 2026-09-18T17:59:06Z
trace raw conns=1 rtt=25 loss=0 mbps/100ms: 0 0 0 0 0 1 10 94 265 216 219 202 222 195 214 225 227 212 229 214 212 233 155 115 121 106 114 80 64 42 26 34 37 38 30 39 42 43 34 41 24 26 28 21 30 31 25 35 35 38 29 39 42 43 28 22 25 26 22 28 30 33 25 35 35 29 39 39 42 34 43 33 | shim fwd=87363 writeErr=0 drop=0 | chrome_cpu=1.32s (0.20 cores) go_cpu=2.97s
mode=raw conns=1 sharing=shared rtt=25ms jitter=0ms bw=30000000 loss=0 queue=5000000 rtomax=0ms sent=67108864 received=67108864 throughput=81.80 Mbps wall=81.23 Mbps chrome_cores=0.20 go_cpu=2.97s
START e6-zero-rtt25-ck64KiB-r1 2026-09-18T17:59:07Z --mode raw --size 64MiB --backpressure poll --bandwidth 30MB --queue 5MB --deadline 300 --rtt 25 --loss 0 --chunk 64KiB
OK e6-zero-rtt25-ck64KiB-r1 2026-09-18T17:59:11Z
trace raw conns=1 rtt=25 loss=0 mbps/100ms: 0 0 0 0 0 0 21 168 398 225 220 225 220 220 225 220 220 220 220 225 220 220 220 225 220 220 225 215 225 225 121 | shim fwd=86055 writeErr=0 drop=0 | chrome_cpu=1.69s (0.64 cores) go_cpu=2.98s
mode=raw conns=1 sharing=shared rtt=25ms jitter=0ms bw=30000000 loss=0 queue=5000000 rtomax=0ms sent=67108864 received=67108864 throughput=222.94 Mbps wall=215.88 Mbps chrome_cores=0.64 go_cpu=2.98s
START e6-zero-rtt25-ck256KiB-r1 2026-09-18T17:59:11Z --mode raw --size 64MiB --backpressure poll --bandwidth 30MB --queue 5MB --deadline 300 --rtt 25 --loss 0 --chunk 256KiB
OK e6-zero-rtt25-ck256KiB-r1 2026-09-18T17:59:19Z
trace raw conns=1 rtt=25 loss=0 mbps/100ms: 0 0 0 0 0 0 0 63 84 63 63 63 84 84 84 63 84 63 84 105 84 84 63 105 84 105 105 84 84 105 105 105 105 84 105 105 105 126 105 84 126 84 63 63 42 63 63 84 63 63 63 84 63 84 63 63 84 84 84 84 63 105 84 84 84 84 105 84 105 84 84 | shim fwd=86433 writeErr=0 drop=0 | chrome_cpu=1.41s (0.21 cores) go_cpu=3.41s
mode=raw conns=1 sharing=shared rtt=25ms jitter=0ms bw=30000000 loss=0 queue=5000000 rtomax=0ms sent=67108864 received=67108864 throughput=83.95 Mbps wall=83.20 Mbps chrome_cores=0.21 go_cpu=3.41s
START e6-zero-rtt25-ck16KiB-r2 2026-09-18T17:59:19Z --mode raw --size 64MiB --backpressure poll --bandwidth 30MB --queue 5MB --deadline 300 --rtt 25 --loss 0 --chunk 16KiB
OK e6-zero-rtt25-ck16KiB-r2 2026-09-18T17:59:23Z
trace raw conns=1 rtt=25 loss=0 mbps/100ms: 0 0 0 0 0 0 12 181 380 225 219 225 218 224 220 220 224 219 225 219 223 222 219 224 220 223 222 220 223 220 142 | shim fwd=86055 writeErr=0 drop=0 | chrome_cpu=1.77s (0.67 cores) go_cpu=3.31s
mode=raw conns=1 sharing=shared rtt=25ms jitter=0ms bw=30000000 loss=0 queue=5000000 rtomax=0ms sent=67108864 received=67108864 throughput=218.27 Mbps wall=211.09 Mbps chrome_cores=0.67 go_cpu=3.31s
START e6-zero-rtt25-ck64KiB-r2 2026-09-18T17:59:23Z --mode raw --size 64MiB --backpressure poll --bandwidth 30MB --queue 5MB --deadline 300 --rtt 25 --loss 0 --chunk 64KiB
OK e6-zero-rtt25-ck64KiB-r2 2026-09-18T17:59:27Z
trace raw conns=1 rtt=25 loss=0 mbps/100ms: 0 0 0 0 0 0 21 225 367 225 215 225 220 220 225 220 225 215 225 220 220 225 220 220 220 220 225 220 225 215 105 | shim fwd=86055 writeErr=0 drop=0 | chrome_cpu=1.68s (0.64 cores) go_cpu=3.18s
mode=raw conns=1 sharing=shared rtt=25ms jitter=0ms bw=30000000 loss=0 queue=5000000 rtomax=0ms sent=67108864 received=67108864 throughput=223.18 Mbps wall=217.51 Mbps chrome_cores=0.64 go_cpu=3.18s
START e6-zero-rtt25-ck256KiB-r2 2026-09-18T17:59:27Z --mode raw --size 64MiB --backpressure poll --bandwidth 30MB --queue 5MB --deadline 300 --rtt 25 --loss 0 --chunk 256KiB
OK e6-zero-rtt25-ck256KiB-r2 2026-09-18T17:59:41Z
trace raw conns=1 rtt=25 loss=0 mbps/100ms: 0 0 0 0 0 0 0 84 84 84 21 42 63 21 21 21 21 42 21 42 21 42 21 42 42 42 42 42 42 42 42 42 63 42 63 42 42 63 63 63 42 63 63 63 84 63 63 63 84 63 84 63 63 84 63 42 21 42 63 42 42 21 21 21 42 21 42 21 42 42 42 21 42 42 42 21 63 42 42 42 63 42 63 42 63 63 63 63 63 42 63 84 63 63 63 42 42 42 42 42 42 42 21 21 42 21 21 21 42 42 21 42 21 42 42 42 21 21 21 42 21 21 21 42 21 42 21 42 | shim fwd=86840 writeErr=0 drop=0 | chrome_cpu=1.46s (0.12 cores) go_cpu=3.24s
mode=raw conns=1 sharing=shared rtt=25ms jitter=0ms bw=30000000 loss=0 queue=5000000 rtomax=0ms sent=67108864 received=67108864 throughput=44.48 Mbps wall=44.33 Mbps chrome_cores=0.12 go_cpu=3.24s
START e6-zero-rtt25-ck16KiB-r3 2026-09-18T17:59:41Z --mode raw --size 64MiB --backpressure poll --bandwidth 30MB --queue 5MB --deadline 300 --rtt 25 --loss 0 --chunk 16KiB
OK e6-zero-rtt25-ck16KiB-r3 2026-09-18T17:59:45Z
trace raw conns=1 rtt=25 loss=0 mbps/100ms: 0 0 0 0 0 1 22 165 425 219 206 240 223 194 248 222 206 237 222 222 197 246 222 216 206 242 223 219 201 244 104 | shim fwd=86966 writeErr=0 drop=0 | chrome_cpu=1.51s (0.57 cores) go_cpu=2.73s
mode=raw conns=1 sharing=shared rtt=25ms jitter=0ms bw=30000000 loss=0 queue=5000000 rtomax=0ms sent=67108864 received=67108864 throughput=217.97 Mbps wall=211.46 Mbps chrome_cores=0.57 go_cpu=2.73s
START e6-zero-rtt25-ck64KiB-r3 2026-09-18T17:59:45Z --mode raw --size 64MiB --backpressure poll --bandwidth 30MB --queue 5MB --deadline 300 --rtt 25 --loss 0 --chunk 64KiB
OK e6-zero-rtt25-ck64KiB-r3 2026-09-18T17:59:49Z
trace raw conns=1 rtt=25 loss=0 mbps/100ms: 0 0 0 0 0 0 10 178 362 231 225 220 220 225 220 220 220 225 220 220 220 220 225 220 220 220 225 220 220 220 157 | shim fwd=86905 writeErr=0 drop=0 | chrome_cpu=1.72s (0.65 cores) go_cpu=3.06s
mode=raw conns=1 sharing=shared rtt=25ms jitter=0ms bw=30000000 loss=0 queue=5000000 rtomax=0ms sent=67108864 received=67108864 throughput=222.77 Mbps wall=215.97 Mbps chrome_cores=0.65 go_cpu=3.06s
START e6-zero-rtt25-ck256KiB-r3 2026-09-18T17:59:49Z --mode raw --size 64MiB --backpressure poll --bandwidth 30MB --queue 5MB --deadline 300 --rtt 25 --loss 0 --chunk 256KiB
OK e6-zero-rtt25-ck256KiB-r3 2026-09-18T17:59:53Z
trace raw conns=1 rtt=25 loss=0 mbps/100ms: 0 0 0 0 0 0 0 105 419 231 210 231 231 210 231 210 231 210 231 210 231 231 210 231 210 231 231 210 231 210 189 | shim fwd=86055 writeErr=0 drop=0 | chrome_cpu=1.77s (0.67 cores) go_cpu=3.20s
mode=raw conns=1 sharing=shared rtt=25ms jitter=0ms bw=30000000 loss=0 queue=5000000 rtomax=0ms sent=67108864 received=67108864 throughput=228.04 Mbps wall=220.57 Mbps chrome_cores=0.67 go_cpu=3.20s
START e6-zero-rtt71-ck16KiB-r1 2026-09-18T17:59:53Z --mode raw --size 64MiB --backpressure poll --bandwidth 30MB --queue 5MB --deadline 300 --rtt 71 --loss 0 --chunk 16KiB
OK e6-zero-rtt71-ck16KiB-r1 2026-09-18T17:59:58Z
trace raw conns=1 rtt=71 loss=0 mbps/100ms: 0 0 0 0 0 0 0 0 0 1 1 3 21 26 56 300 312 218 224 220 223 222 219 225 219 223 220 222 223 220 224 219 223 222 220 223 220 220 | shim fwd=86055 writeErr=0 drop=0 | chrome_cpu=1.93s (0.63 cores) go_cpu=3.31s
mode=raw conns=1 sharing=shared rtt=71ms jitter=0ms bw=30000000 loss=0 queue=5000000 rtomax=0ms sent=67108864 received=67108864 throughput=191.45 Mbps wall=189.00 Mbps chrome_cores=0.63 go_cpu=3.31s
START e6-zero-rtt71-ck64KiB-r1 2026-09-18T17:59:58Z --mode raw --size 64MiB --backpressure poll --bandwidth 30MB --queue 5MB --deadline 300 --rtt 71 --loss 0 --chunk 64KiB
OK e6-zero-rtt71-ck64KiB-r1 2026-09-18T18:00:03Z
trace raw conns=1 rtt=71 loss=0 mbps/100ms: 0 0 0 0 0 0 0 0 0 0 0 5 21 26 58 320 294 220 225 215 225 220 220 225 215 225 220 220 225 220 220 220 225 220 220 225 220 215 | shim fwd=86055 writeErr=0 drop=0 | chrome_cpu=1.96s (0.64 cores) go_cpu=3.43s
mode=raw conns=1 sharing=shared rtt=71ms jitter=0ms bw=30000000 loss=0 queue=5000000 rtomax=0ms sent=67108864 received=67108864 throughput=202.01 Mbps wall=198.64 Mbps chrome_cores=0.64 go_cpu=3.43s
START e6-zero-rtt71-ck256KiB-r1 2026-09-18T18:00:03Z --mode raw --size 64MiB --backpressure poll --bandwidth 30MB --queue 5MB --deadline 300 --rtt 71 --loss 0 --chunk 256KiB
OK e6-zero-rtt71-ck256KiB-r1 2026-09-18T18:00:08Z
trace raw conns=1 rtt=71 loss=0 mbps/100ms: 0 0 0 0 0 0 0 0 0 0 0 0 0 42 63 105 168 377 189 231 336 210 189 189 252 231 63 273 168 126 126 168 105 126 168 105 168 126 126 168 105 147 147 105 189 84 | shim fwd=88737 writeErr=0 drop=0 | chrome_cpu=1.66s (0.44 cores) go_cpu=3.37s
mode=raw conns=1 sharing=shared rtt=71ms jitter=0ms bw=30000000 loss=0 queue=5000000 rtomax=0ms sent=67108864 received=67108864 throughput=165.69 Mbps wall=162.95 Mbps chrome_cores=0.44 go_cpu=3.37s
START e6-zero-rtt71-ck16KiB-r2 2026-09-18T18:00:08Z --mode raw --size 64MiB --backpressure poll --bandwidth 30MB --queue 5MB --deadline 300 --rtt 71 --loss 0 --chunk 16KiB
OK e6-zero-rtt71-ck16KiB-r2 2026-09-18T18:00:13Z
trace raw conns=1 rtt=71 loss=0 mbps/100ms: 0 0 0 0 0 0 0 0 0 0 1 4 8 13 81 107 277 118 377 215 222 258 239 232 222 223 222 222 222 223 222 222 222 211 211 211 214 211 163 | shim fwd=87889 writeErr=0 drop=0 | chrome_cpu=1.60s (0.50 cores) go_cpu=3.11s
mode=raw conns=1 sharing=shared rtt=71ms jitter=0ms bw=30000000 loss=0 queue=5000000 rtomax=0ms sent=67108864 received=67108864 throughput=191.36 Mbps wall=182.55 Mbps chrome_cores=0.50 go_cpu=3.11s
START e6-zero-rtt71-ck64KiB-r2 2026-09-18T18:00:13Z --mode raw --size 64MiB --backpressure poll --bandwidth 30MB --queue 5MB --deadline 300 --rtt 71 --loss 0 --chunk 64KiB
OK e6-zero-rtt71-ck64KiB-r2 2026-09-18T18:00:18Z
trace raw conns=1 rtt=71 loss=0 mbps/100ms: 0 0 0 0 0 0 0 0 0 0 0 5 5 42 52 131 388 231 246 220 225 220 220 225 220 220 220 225 220 220 225 215 225 220 225 215 225 220 | shim fwd=86055 writeErr=0 drop=0 | chrome_cpu=1.75s (0.57 cores) go_cpu=3.11s
mode=raw conns=1 sharing=shared rtt=71ms jitter=0ms bw=30000000 loss=0 queue=5000000 rtomax=0ms sent=67108864 received=67108864 throughput=202.85 Mbps wall=199.93 Mbps chrome_cores=0.57 go_cpu=3.11s
START e6-zero-rtt71-ck256KiB-r2 2026-09-18T18:00:18Z --mode raw --size 64MiB --backpressure poll --bandwidth 30MB --queue 5MB --deadline 300 --rtt 71 --loss 0 --chunk 256KiB
OK e6-zero-rtt71-ck256KiB-r2 2026-09-18T18:00:52Z
trace raw conns=1 rtt=71 loss=0 mbps/100ms: 0 0 0 0 0 0 0 0 0 0 0 0 0 42 63 84 0 0 0 0 0 0 0 0 0 0 377 0 0 0 0 0 0 42 42 42 105 42 63 84 63 105 42 42 105 42 21 84 21 63 21 21 63 21 21 63 21 63 21 21 63 0 0 63 0 21 0 0 21 0 21 21 0 21 0 21 0 21 0 21 0 21 21 0 21 21 0 21 21 21 0 21 21 0 21 21 0 21 21 0 21 0 21 0 21 0 21 0 21 0 0 21 0 21 0 21 21 0 0 21 21 0 21 0 21 21 0 21 0 21 21 0 21 21 0 21 21 21 0 21 21 0 21 21 21 21 0 21 0 21 0 21 0 21 0 21 0 21 0 21 0 21 0 0 21 21 0 21 0 21 21 0 21 0 21 21 0 21 21 0 21 0 21 21 0 42 0 21 21 0 21 0 21 21 0 0 21 0 0 21 0 21 0 21 21 0 0 21 0 21 21 0 21 0 21 0 21 0 21 21 21 0 0 21 21 21 0 21 21 0 21 0 21 0 0 21 0 21 0 21 0 21 0 0 21 0 21 0 21 0 21 0 21 0 21 21 0 0 21 21 21 0 21 0 21 0 21 21 21 0 21 21 0 21 21 0 21 21 21 21 0 21 21 21 21 0 21 21 21 21 21 0 42 0 21 21 21 21 0 0 21 0 21 0 21 0 21 0 21 21 0 21 0 21 21 0 0 21 21 21 0 21 21 0 21 21 0 21 21 0 21 | shim fwd=88941 writeErr=0 drop=0 | chrome_cpu=1.84s (0.06 cores) go_cpu=3.81s
mode=raw conns=1 sharing=shared rtt=71ms jitter=0ms bw=30000000 loss=0 queue=5000000 rtomax=0ms sent=67108864 received=67108864 throughput=16.94 Mbps wall=16.89 Mbps chrome_cores=0.06 go_cpu=3.81s
START e6-zero-rtt71-ck16KiB-r3 2026-09-18T18:00:52Z --mode raw --size 64MiB --backpressure poll --bandwidth 30MB --queue 5MB --deadline 300 --rtt 71 --loss 0 --chunk 16KiB
OK e6-zero-rtt71-ck16KiB-r3 2026-09-18T18:00:58Z
trace raw conns=1 rtt=71 loss=0 mbps/100ms: 0 0 0 0 0 0 0 0 0 0 3 3 21 26 55 242 345 210 233 218 225 219 223 222 220 223 219 225 219 223 222 169 0 0 0 0 1 384 121 111 210 202 106 148 122 | shim fwd=89860 writeErr=0 drop=0 | chrome_cpu=2.04s (0.54 cores) go_cpu=3.72s
mode=raw conns=1 sharing=shared rtt=71ms jitter=0ms bw=30000000 loss=0 queue=5000000 rtomax=0ms sent=67108864 received=67108864 throughput=154.60 Mbps wall=150.01 Mbps chrome_cores=0.54 go_cpu=3.72s
START e6-zero-rtt71-ck64KiB-r3 2026-09-18T18:00:58Z --mode raw --size 64MiB --backpressure poll --bandwidth 30MB --queue 5MB --deadline 300 --rtt 71 --loss 0 --chunk 64KiB
OK e6-zero-rtt71-ck64KiB-r3 2026-09-18T18:01:03Z
trace raw conns=1 rtt=71 loss=0 mbps/100ms: 0 0 0 0 0 0 0 0 0 0 0 5 5 42 52 110 404 257 225 220 225 220 220 220 225 220 220 220 220 220 225 220 225 220 220 220 220 225 58 | shim fwd=86055 writeErr=0 drop=0 | chrome_cpu=1.73s (0.56 cores) go_cpu=3.12s
mode=raw conns=1 sharing=shared rtt=71ms jitter=0ms bw=30000000 loss=0 queue=5000000 rtomax=0ms sent=67108864 received=67108864 throughput=202.02 Mbps wall=195.71 Mbps chrome_cores=0.56 go_cpu=3.12s
START e6-zero-rtt71-ck256KiB-r3 2026-09-18T18:01:03Z --mode raw --size 64MiB --backpressure poll --bandwidth 30MB --queue 5MB --deadline 300 --rtt 71 --loss 0 --chunk 256KiB
OK e6-zero-rtt71-ck256KiB-r3 2026-09-18T18:01:47Z
trace raw conns=1 rtt=71 loss=0 mbps/100ms: 0 0 0 0 0 0 0 0 0 0 0 0 0 42 21 105 21 21 42 21 21 42 0 42 21 21 42 21 0 42 21 21 0 21 21 0 21 21 0 21 21 0 21 21 0 21 21 21 0 21 21 21 21 0 0 21 21 0 21 0 0 21 0 21 0 21 0 21 0 21 0 21 0 21 21 0 21 0 21 21 0 21 21 0 21 21 0 21 21 0 21 21 0 21 0 21 0 21 0 0 21 0 21 0 21 0 21 0 0 21 0 21 21 0 21 0 0 21 21 21 0 0 21 21 0 21 21 0 21 0 21 21 0 21 21 21 21 0 21 21 0 21 21 21 21 0 21 21 21 21 0 42 0 21 21 21 21 21 0 21 21 0 21 0 21 0 0 21 21 0 21 0 21 0 21 21 0 21 21 0 21 0 21 21 0 21 21 0 21 21 0 21 21 21 0 0 21 0 0 0 21 0 0 0 21 0 0 21 0 0 0 21 0 0 21 0 21 0 0 21 0 21 0 21 0 0 21 0 21 0 21 0 21 0 21 0 21 0 21 21 0 0 21 21 0 21 21 21 0 0 21 21 0 0 21 0 21 0 0 21 0 21 0 21 0 0 21 0 21 0 21 0 21 0 21 0 21 21 0 21 0 21 21 0 0 21 21 21 0 21 21 0 21 21 0 21 21 0 21 21 21 21 0 21 21 0 42 0 0 21 0 21 0 21 0 21 0 21 0 21 0 0 21 21 0 21 0 21 21 0 21 0 21 21 0 21 21 0 21 0 21 21 21 0 21 0 21 0 0 21 0 21 0 0 21 0 21 0 21 0 21 0 21 0 21 0 21 0 21 0 21 21 0 21 0 21 21 0 21 21 0 21 21 21 0 21 21 0 21 21 0 42 0 21 21 0 21 21 21 21 0 21 0 21 0 21 0 0 21 0 21 21 0 21 0 0 21 21 0 21 0 21 21 0 21 0 21 21 0 21 21 | shim fwd=87414 writeErr=0 drop=0 | chrome_cpu=1.90s (0.04 cores) go_cpu=4.15s
mode=raw conns=1 sharing=shared rtt=71ms jitter=0ms bw=30000000 loss=0 queue=5000000 rtomax=0ms sent=67108864 received=67108864 throughput=12.86 Mbps wall=12.84 Mbps chrome_cores=0.04 go_cpu=4.15s
START e6-zero-rtt100-ck16KiB-r1 2026-09-18T18:01:47Z --mode raw --size 64MiB --backpressure poll --bandwidth 30MB --queue 5MB --deadline 300 --rtt 100 --loss 0 --chunk 16KiB
OK e6-zero-rtt100-ck16KiB-r1 2026-09-18T18:02:00Z
trace raw conns=1 rtt=100 loss=0 mbps/100ms: 0 0 0 0 0 0 0 0 0 0 0 0 1 1 3 8 13 26 50 0 151 51 52 51 52 52 51 52 52 52 52 54 52 52 54 52 54 52 54 54 52 54 54 39 31 51 48 47 55 52 55 54 55 55 55 55 55 55 55 55 55 55 56 55 56 55 56 56 56 56 56 56 56 56 56 56 56 58 56 58 58 56 58 58 58 58 58 59 58 58 59 58 59 59 58 59 48 45 41 52 52 58 59 59 60 59 60 59 60 60 60 59 60 60 17 | shim fwd=86610 writeErr=0 drop=0 | chrome_cpu=1.33s (0.13 cores) go_cpu=3.24s
mode=raw conns=1 sharing=shared rtt=100ms jitter=0ms bw=30000000 loss=0 queue=5000000 rtomax=0ms sent=67108864 received=67108864 throughput=52.64 Mbps wall=52.03 Mbps chrome_cores=0.13 go_cpu=3.24s
START e6-zero-rtt100-ck64KiB-r1 2026-09-18T18:02:00Z --mode raw --size 64MiB --backpressure poll --bandwidth 30MB --queue 5MB --deadline 300 --rtt 100 --loss 0 --chunk 64KiB
OK e6-zero-rtt100-ck64KiB-r1 2026-09-18T18:02:05Z
trace raw conns=1 rtt=100 loss=0 mbps/100ms: 0 0 0 0 0 0 0 0 0 0 0 0 0 0 5 5 16 26 52 110 215 294 231 252 220 173 273 157 288 215 194 252 136 309 215 204 241 136 309 220 210 231 142 | shim fwd=86055 writeErr=0 drop=0 | chrome_cpu=1.52s (0.44 cores) go_cpu=2.91s
mode=raw conns=1 sharing=shared rtt=100ms jitter=0ms bw=30000000 loss=0 queue=5000000 rtomax=0ms sent=67108864 received=67108864 throughput=187.79 Mbps wall=184.41 Mbps chrome_cores=0.44 go_cpu=2.91s
START e6-zero-rtt100-ck256KiB-r1 2026-09-18T18:02:05Z --mode raw --size 64MiB --backpressure poll --bandwidth 30MB --queue 5MB --deadline 300 --rtt 100 --loss 0 --chunk 256KiB
OK e6-zero-rtt100-ck256KiB-r1 2026-09-18T18:02:14Z
trace raw conns=1 rtt=100 loss=0 mbps/100ms: 0 0 0 0 0 0 0 0 0 0 0 0 0 0 0 0 21 21 63 63 126 105 84 105 84 84 105 84 105 84 105 84 105 84 84 105 84 105 84 105 84 105 84 63 84 84 84 84 105 84 105 84 105 84 105 84 105 105 84 105 84 105 84 105 105 84 105 84 105 105 84 105 105 84 105 21 | shim fwd=86807 writeErr=0 drop=0 | chrome_cpu=1.25s (0.19 cores) go_cpu=3.06s
mode=raw conns=1 sharing=shared rtt=100ms jitter=0ms bw=30000000 loss=0 queue=5000000 rtomax=0ms sent=67108864 received=67108864 throughput=91.12 Mbps wall=89.47 Mbps chrome_cores=0.19 go_cpu=3.06s
START e6-zero-rtt100-ck16KiB-r2 2026-09-18T18:02:14Z --mode raw --size 64MiB --backpressure poll --bandwidth 30MB --queue 5MB --deadline 300 --rtt 100 --loss 0 --chunk 16KiB
OK e6-zero-rtt100-ck16KiB-r2 2026-09-18T18:02:19Z
trace raw conns=1 rtt=100 loss=0 mbps/100ms: 0 0 0 0 0 0 0 0 0 0 0 0 1 1 4 8 14 30 60 119 228 368 225 172 274 218 225 219 193 252 191 254 218 214 231 164 280 218 227 219 176 269 | shim fwd=85939 writeErr=0 drop=0 | chrome_cpu=1.61s (0.48 cores) go_cpu=3.07s
mode=raw conns=1 sharing=shared rtt=100ms jitter=0ms bw=30000000 loss=0 queue=5000000 rtomax=0ms sent=67108864 received=67108864 throughput=177.62 Mbps wall=175.32 Mbps chrome_cores=0.48 go_cpu=3.07s
START e6-zero-rtt100-ck64KiB-r2 2026-09-18T18:02:19Z --mode raw --size 64MiB --backpressure poll --bandwidth 30MB --queue 5MB --deadline 300 --rtt 100 --loss 0 --chunk 64KiB
OK e6-zero-rtt100-ck64KiB-r2 2026-09-18T18:02:24Z
trace raw conns=1 rtt=100 loss=0 mbps/100ms: 0 0 0 0 0 0 0 0 0 0 0 0 0 0 5 5 16 26 52 110 215 351 215 225 220 163 283 220 225 215 168 278 178 267 220 173 267 157 288 220 184 262 136 | shim fwd=86055 writeErr=0 drop=0 | chrome_cpu=1.48s (0.43 cores) go_cpu=2.86s
mode=raw conns=1 sharing=shared rtt=100ms jitter=0ms bw=30000000 loss=0 queue=5000000 rtomax=0ms sent=67108864 received=67108864 throughput=188.16 Mbps wall=184.51 Mbps chrome_cores=0.43 go_cpu=2.86s
START e6-zero-rtt100-ck256KiB-r2 2026-09-18T18:02:24Z --mode raw --size 64MiB --backpressure poll --bandwidth 30MB --queue 5MB --deadline 300 --rtt 100 --loss 0 --chunk 256KiB
OK e6-zero-rtt100-ck256KiB-r2 2026-09-18T18:03:02Z
trace raw conns=1 rtt=100 loss=0 mbps/100ms: 0 0 0 0 0 0 0 0 0 0 0 0 0 0 0 0 21 21 63 105 210 84 105 63 42 63 42 63 63 42 63 42 63 63 42 63 63 42 63 42 63 63 42 42 42 42 63 42 63 63 42 63 63 42 63 63 63 0 0 84 21 0 21 0 21 0 0 21 0 0 21 0 21 0 0 21 0 21 0 0 21 0 21 0 21 0 21 0 0 21 0 21 0 21 0 21 0 21 0 0 21 0 21 0 21 21 0 21 0 21 0 21 0 21 21 0 21 0 21 21 0 21 0 21 21 0 21 21 0 21 0 21 21 0 21 21 0 21 21 21 0 21 0 0 21 0 21 0 0 21 0 0 21 0 21 0 0 21 0 21 0 0 21 0 0 21 0 21 0 21 0 21 0 21 0 21 0 21 0 21 0 21 0 21 0 21 0 21 21 0 21 0 21 0 21 0 21 0 0 21 0 0 21 0 0 21 0 0 21 0 0 21 0 0 21 0 21 0 0 0 21 0 21 0 0 21 0 21 0 21 0 21 0 0 21 0 21 0 21 0 21 0 21 0 21 0 21 0 21 0 21 21 0 21 0 21 0 21 0 0 21 0 0 21 0 0 21 0 0 21 0 0 21 0 0 21 0 0 0 21 0 0 21 0 21 0 0 21 0 21 0 21 0 0 21 0 21 0 21 0 21 0 21 0 21 0 21 0 21 0 21 0 21 0 0 21 0 0 21 0 0 0 21 0 0 21 0 0 0 21 0 0 21 0 0 21 0 0 21 0 21 0 0 21 0 21 0 0 21 0 21 0 21 0 0 21 0 21 0 21 0 21 0 21 | shim fwd=88569 writeErr=0 drop=0 | chrome_cpu=1.91s (0.05 cores) go_cpu=3.97s
mode=raw conns=1 sharing=shared rtt=100ms jitter=0ms bw=30000000 loss=0 queue=5000000 rtomax=0ms sent=67108864 received=67108864 throughput=15.45 Mbps wall=15.42 Mbps chrome_cores=0.05 go_cpu=3.97s
START e6-zero-rtt100-ck16KiB-r3 2026-09-18T18:03:02Z --mode raw --size 64MiB --backpressure poll --bandwidth 30MB --queue 5MB --deadline 300 --rtt 100 --loss 0 --chunk 16KiB
OK e6-zero-rtt100-ck16KiB-r3 2026-09-18T18:03:07Z
trace raw conns=1 rtt=100 loss=0 mbps/100ms: 0 0 0 0 0 0 0 0 0 0 0 0 1 1 3 8 13 26 55 107 215 330 165 279 218 186 260 143 301 218 207 117 0 377 210 210 211 210 211 210 211 211 211 211 33 | shim fwd=87771 writeErr=0 drop=0 | chrome_cpu=1.38s (0.39 cores) go_cpu=2.89s
mode=raw conns=1 sharing=shared rtt=100ms jitter=0ms bw=30000000 loss=0 queue=5000000 rtomax=0ms sent=67108864 received=67108864 throughput=168.09 Mbps wall=163.91 Mbps chrome_cores=0.39 go_cpu=2.89s
START e6-zero-rtt100-ck64KiB-r3 2026-09-18T18:03:07Z --mode raw --size 64MiB --backpressure poll --bandwidth 30MB --queue 5MB --deadline 300 --rtt 100 --loss 0 --chunk 64KiB
OK e6-zero-rtt100-ck64KiB-r3 2026-09-18T18:03:12Z
trace raw conns=1 rtt=100 loss=0 mbps/100ms: 0 0 0 0 0 0 0 0 0 0 0 0 0 0 5 5 16 31 58 121 241 362 220 168 278 215 225 225 173 267 199 246 215 189 257 173 273 220 194 252 147 294 100 | shim fwd=86055 writeErr=0 drop=0 | chrome_cpu=1.54s (0.45 cores) go_cpu=3.00s
mode=raw conns=1 sharing=shared rtt=100ms jitter=0ms bw=30000000 loss=0 queue=5000000 rtomax=0ms sent=67108864 received=67108864 throughput=188.32 Mbps wall=184.40 Mbps chrome_cores=0.45 go_cpu=3.00s
START e6-zero-rtt100-ck256KiB-r3 2026-09-18T18:03:13Z --mode raw --size 64MiB --backpressure poll --bandwidth 30MB --queue 5MB --deadline 300 --rtt 100 --loss 0 --chunk 256KiB
OK e6-zero-rtt100-ck256KiB-r3 2026-09-18T18:03:49Z
trace raw conns=1 rtt=100 loss=0 mbps/100ms: 0 0 0 0 0 0 0 0 0 0 0 0 0 0 0 0 21 21 42 84 63 42 42 42 63 42 42 63 42 42 63 42 42 63 42 42 63 42 63 42 42 63 42 0 63 42 21 21 21 0 42 21 21 21 21 42 21 21 21 42 21 21 42 21 21 21 42 21 21 21 0 42 0 21 21 21 0 21 21 0 21 21 0 21 21 21 0 21 21 0 21 21 21 0 21 21 21 21 0 21 21 21 21 0 21 21 0 0 42 0 0 0 21 0 21 0 21 0 0 21 0 21 0 21 0 21 0 21 0 21 0 21 0 21 0 21 0 21 21 0 21 0 21 0 21 21 0 21 0 0 21 0 0 21 0 0 21 0 0 21 0 0 21 0 0 21 0 21 0 0 21 0 21 0 0 21 0 0 21 0 21 0 0 21 0 21 0 21 0 21 0 21 0 21 0 21 0 21 0 21 0 21 0 0 21 0 21 0 0 21 0 0 0 21 0 0 21 0 0 21 0 0 21 0 21 0 0 21 0 0 21 0 0 21 0 0 21 0 21 0 21 0 0 21 0 21 0 21 0 21 0 21 0 21 0 21 0 21 0 21 0 21 0 21 0 21 0 21 0 21 21 0 21 0 21 0 21 21 0 21 0 21 21 0 21 0 21 21 0 21 21 0 21 21 0 21 0 21 21 0 21 21 0 21 21 21 0 21 21 0 21 21 21 0 21 21 21 21 0 21 21 21 0 21 21 21 21 21 0 21 21 21 21 21 0 21 21 21 21 21 21 0 21 21 21 21 21 21 21 21 21 0 21 21 | shim fwd=87267 writeErr=0 drop=0 | chrome_cpu=1.94s (0.06 cores) go_cpu=4.15s
mode=raw conns=1 sharing=shared rtt=100ms jitter=0ms bw=30000000 loss=0 queue=5000000 rtomax=0ms sent=67108864 received=67108864 throughput=15.89 Mbps wall=15.87 Mbps chrome_cores=0.06 go_cpu=4.15s
PHASE zero done 2026-09-18T18:03:49Z
START e6-loss0.001-rtt25-ck16KiB-r1 2026-09-18T18:03:58Z --mode raw --size 64MiB --backpressure poll --bandwidth 30MB --queue 5MB --deadline 300 --rtt 25 --loss 0.001 --chunk 16KiB
OK e6-loss0.001-rtt25-ck16KiB-r1 2026-09-18T18:04:33Z
trace raw conns=1 rtt=25 loss=0.001 mbps/100ms: 0 0 0 0 0 0 12 181 165 391 104 37 22 24 20 26 29 29 24 31 34 35 37 25 18 22 24 21 10 5 9 10 12 13 12 16 17 20 20 17 24 22 16 9 8 9 7 8 5 10 9 7 8 3 4 3 4 4 4 8 8 5 5 8 9 10 9 13 12 10 9 9 10 7 8 8 12 12 14 12 10 10 12 13 14 13 16 16 10 12 10 14 17 13 10 8 13 14 16 16 8 12 12 14 10 16 18 20 12 9 13 13 16 17 14 20 16 12 13 13 14 17 17 10 9 13 14 13 10 7 5 8 9 8 12 14 13 8 8 10 13 14 12 16 18 20 22 16 24 26 20 18 14 16 10 12 9 13 16 16 18 16 21 17 13 13 13 14 18 20 17 12 13 13 16 12 18 20 21 13 13 13 14 17 13 20 21 18 12 12 13 10 10 10 9 14 16 16 14 18 17 16 13 12 14 17 18 13 8 13 13 16 14 14 9 7 7 8 9 10 7 9 9 9 13 10 14 16 17 20 21 18 25 25 17 10 12 8 7 8 7 10 9 12 14 14 16 18 18 21 22 21 25 17 14 10 9 8 8 8 9 10 9 13 14 16 12 9 12 13 14 16 13 18 20 21 18 24 25 14 16 14 14 8 7 8 8 9 10 13 13 8 5 7 8 9 10 9 13 14 16 17 12 10 12 13 16 13 16 20 20 10 12 14 12 13 9 10 13 8 7 7 7 5 9 10 12 9 14 16 17 14 18 22 14 7 7 9 10 9 12 14 12 7 | shim fwd=89648 writeErr=0 drop=0 | chrome_cpu=2.18s (0.06 cores) go_cpu=4.43s
mode=raw conns=1 sharing=shared rtt=25ms jitter=0ms bw=30000000 loss=0.001 queue=5000000 rtomax=0ms sent=67108864 received=67108864 throughput=15.90 Mbps wall=15.87 Mbps chrome_cores=0.06 go_cpu=4.43s
START e6-loss0.001-rtt25-ck64KiB-r1 2026-09-18T18:04:34Z --mode raw --size 64MiB --backpressure poll --bandwidth 30MB --queue 5MB --deadline 300 --rtt 25 --loss 0.001 --chunk 64KiB
OK e6-loss0.001-rtt25-ck64KiB-r1 2026-09-18T18:05:07Z
trace raw conns=1 rtt=25 loss=0.001 mbps/100ms: 0 0 0 0 0 0 21 142 79 52 21 21 21 21 26 26 31 26 21 10 21 21 21 26 16 26 21 16 16 16 21 21 21 16 16 5 10 5 5 5 10 10 16 10 16 16 16 21 16 16 10 16 5 10 10 10 10 16 16 16 16 5 16 10 16 16 10 16 10 10 16 10 16 21 21 21 16 21 26 10 16 10 10 10 5 5 5 5 10 10 5 10 16 10 16 21 10 21 10 10 16 10 5 10 10 16 5 10 10 10 10 10 10 5 16 10 10 16 16 16 21 16 10 10 16 16 16 16 21 16 10 10 16 16 21 16 16 21 26 26 16 31 26 31 31 26 31 16 10 5 5 10 10 10 0 10 10 10 10 10 16 16 16 10 10 16 10 16 16 21 16 16 10 16 16 10 21 16 21 21 26 16 21 16 16 10 21 21 21 21 21 26 26 26 26 16 21 10 10 10 10 5 10 10 16 10 16 16 16 21 21 16 10 16 10 21 16 16 21 21 26 26 21 26 31 16 21 10 21 16 16 10 10 16 21 16 5 10 10 10 5 5 5 10 10 10 16 10 16 16 21 21 16 21 16 10 10 10 5 16 10 16 16 16 16 21 21 10 10 16 16 21 10 10 16 10 10 10 10 10 10 16 16 16 16 21 21 26 10 16 10 16 21 16 16 26 21 26 26 21 16 16 16 21 16 21 16 16 10 16 16 21 16 16 26 21 26 21 31 26 31 26 31 37 26 42 37 16 | shim fwd=87771 writeErr=0 drop=0 | chrome_cpu=1.88s (0.06 cores) go_cpu=4.00s
mode=raw conns=1 sharing=shared rtt=25ms jitter=0ms bw=30000000 loss=0.001 queue=5000000 rtomax=0ms sent=67108864 received=67108864 throughput=16.72 Mbps wall=16.68 Mbps chrome_cores=0.06 go_cpu=4.00s
START e6-loss0.001-rtt25-ck256KiB-r1 2026-09-18T18:05:07Z --mode raw --size 64MiB --backpressure poll --bandwidth 30MB --queue 5MB --deadline 300 --rtt 25 --loss 0.001 --chunk 256KiB
OK e6-loss0.001-rtt25-ck256KiB-r1 2026-09-18T18:05:38Z
trace raw conns=1 rtt=25 loss=0.001 mbps/100ms: 0 0 0 0 0 0 0 126 105 63 42 21 42 21 21 21 42 21 21 42 21 0 21 0 21 0 21 0 0 21 0 0 21 0 21 0 21 0 21 21 21 21 21 21 21 21 21 42 21 21 42 21 21 0 21 21 0 21 21 0 21 0 21 21 21 0 21 21 0 21 21 0 21 0 21 0 21 21 21 21 21 21 0 42 21 21 42 21 21 42 21 42 42 21 42 21 21 21 21 21 42 21 21 42 42 21 21 0 21 0 0 21 0 0 21 0 21 0 0 21 0 21 21 0 0 21 21 0 21 21 0 21 0 0 21 0 21 0 21 21 0 0 21 0 21 0 21 0 0 21 0 21 21 0 21 0 21 21 0 21 0 21 21 21 21 21 21 21 42 21 21 42 21 42 0 21 21 21 42 0 21 21 0 21 21 21 21 21 42 21 21 21 42 21 42 21 42 42 21 21 0 0 21 0 0 21 0 21 0 21 21 0 21 0 21 0 21 21 21 21 0 21 21 21 42 0 21 21 21 0 21 21 21 0 0 21 0 21 21 0 21 21 21 21 21 21 0 21 21 0 21 0 21 21 0 21 21 21 21 21 21 21 21 42 21 21 42 21 42 42 42 0 21 21 21 42 21 21 21 21 21 21 21 21 0 21 0 21 21 0 21 0 21 0 21 0 21 0 21 21 | shim fwd=87665 writeErr=0 drop=0 | chrome_cpu=1.96s (0.07 cores) go_cpu=4.09s
mode=raw conns=1 sharing=shared rtt=25ms jitter=0ms bw=30000000 loss=0.001 queue=5000000 rtomax=0ms sent=67108864 received=67108864 throughput=18.33 Mbps wall=18.30 Mbps chrome_cores=0.07 go_cpu=4.09s
START e6-loss0.001-rtt25-ck16KiB-r2 2026-09-18T18:05:38Z --mode raw --size 64MiB --backpressure poll --bandwidth 30MB --queue 5MB --deadline 300 --rtt 25 --loss 0.001 --chunk 16KiB
OK e6-loss0.001-rtt25-ck16KiB-r2 2026-09-18T18:06:09Z
trace raw conns=1 rtt=25 loss=0.001 mbps/100ms: 0 0 0 0 0 1 10 118 253 52 68 56 37 37 39 33 28 22 24 25 26 21 22 14 9 10 9 13 14 14 10 8 12 13 14 17 13 9 12 12 14 12 17 17 21 20 10 13 12 8 10 8 12 14 16 16 16 8 10 8 8 5 5 8 8 9 9 13 14 16 13 17 21 21 22 24 20 22 16 16 17 14 20 22 22 25 21 20 14 17 17 21 17 21 24 25 26 22 21 16 17 20 17 20 24 24 26 21 29 30 31 25 18 13 21 22 24 25 20 28 21 24 17 20 13 13 13 13 16 13 17 20 21 22 20 24 26 28 30 25 30 34 35 37 38 30 25 22 24 25 20 29 29 30 33 25 24 10 12 13 10 9 9 12 12 10 14 17 16 10 10 8 7 9 10 8 7 7 10 12 12 12 10 8 10 13 9 14 17 18 18 21 14 12 13 16 16 14 18 12 7 4 4 7 8 9 10 8 13 16 13 10 4 5 5 5 7 4 5 7 9 9 8 12 14 16 13 14 13 10 13 12 14 17 18 20 17 22 24 26 28 21 30 31 33 21 13 16 12 13 14 13 16 18 20 21 20 22 25 28 21 13 17 17 20 21 14 9 14 16 17 14 10 8 7 9 7 5 8 9 8 12 13 13 13 16 18 21 17 21 25 25 21 28 30 22 33 18 | shim fwd=88238 writeErr=0 drop=0 | chrome_cpu=1.96s (0.07 cores) go_cpu=3.99s
mode=raw conns=1 sharing=shared rtt=25ms jitter=0ms bw=30000000 loss=0.001 queue=5000000 rtomax=0ms sent=67108864 received=67108864 throughput=18.41 Mbps wall=18.38 Mbps chrome_cores=0.07 go_cpu=3.99s
START e6-loss0.001-rtt25-ck64KiB-r2 2026-09-18T18:06:09Z --mode raw --size 64MiB --backpressure poll --bandwidth 30MB --queue 5MB --deadline 300 --rtt 25 --loss 0.001 --chunk 64KiB
OK e6-loss0.001-rtt25-ck64KiB-r2 2026-09-18T18:06:47Z
trace raw conns=1 rtt=25 loss=0.001 mbps/100ms: 0 0 0 0 0 0 10 131 225 68 21 21 16 10 16 10 10 10 10 16 10 16 5 10 16 10 16 16 16 21 16 21 21 26 16 10 16 21 16 21 16 21 10 16 16 10 10 10 10 16 16 10 21 21 21 21 21 21 26 26 16 10 5 10 16 10 16 10 10 10 16 10 10 10 10 10 16 10 16 16 16 16 10 5 10 5 10 10 16 10 16 21 16 16 26 21 26 10 10 16 16 10 10 10 10 10 10 10 10 5 10 10 10 5 5 10 10 10 10 16 16 16 10 5 16 16 16 16 16 21 16 10 16 0 10 5 5 10 10 10 16 16 16 16 10 10 10 16 16 10 10 10 16 10 5 10 10 10 16 10 16 10 10 10 10 10 5 5 5 10 5 10 16 10 16 16 16 21 21 10 10 5 10 10 10 10 16 5 10 10 10 16 16 16 16 21 21 21 21 21 26 31 16 5 5 5 0 10 5 5 10 10 10 10 16 16 10 10 10 10 5 10 10 16 10 10 16 21 21 16 5 16 10 16 21 5 10 10 16 10 16 21 16 21 16 10 16 16 16 16 16 21 21 10 5 10 10 10 10 16 10 21 16 16 10 10 5 10 10 10 10 10 10 10 10 5 10 5 10 5 10 5 5 10 5 10 10 10 16 16 16 16 21 21 21 26 16 26 31 31 21 31 21 21 16 10 10 10 16 21 10 21 21 21 21 21 26 26 31 31 16 10 0 0 0 0 0 0 0 0 0 84 5 5 5 5 10 10 10 10 10 5 10 16 10 10 10 10 10 10 10 16 5 10 10 10 10 16 10 21 16 16 21 21 21 26 26 26 26 31 31 16 | shim fwd=88970 writeErr=0 drop=0 | chrome_cpu=2.12s (0.06 cores) go_cpu=4.36s
mode=raw conns=1 sharing=shared rtt=25ms jitter=0ms bw=30000000 loss=0.001 queue=5000000 rtomax=0ms sent=67108864 received=67108864 throughput=14.71 Mbps wall=14.69 Mbps chrome_cores=0.06 go_cpu=4.36s
START e6-loss0.001-rtt25-ck256KiB-r2 2026-09-18T18:06:48Z --mode raw --size 64MiB --backpressure poll --bandwidth 30MB --queue 5MB --deadline 300 --rtt 25 --loss 0.001 --chunk 256KiB
OK e6-loss0.001-rtt25-ck256KiB-r2 2026-09-18T18:07:29Z
trace raw conns=1 rtt=25 loss=0.001 mbps/100ms: 0 0 0 0 0 0 0 0 21 0 21 21 0 21 0 21 0 21 21 21 21 21 0 42 21 21 21 21 42 42 21 42 21 21 21 21 42 0 42 21 21 0 21 0 21 0 21 0 21 0 21 21 0 21 21 21 21 21 21 21 0 21 21 21 0 42 21 21 0 21 21 21 0 21 21 21 21 0 21 21 21 0 21 0 21 21 21 0 21 21 21 21 0 0 21 0 21 0 0 21 0 21 0 0 21 0 0 21 21 0 21 21 0 21 21 21 21 0 21 21 0 21 0 0 0 21 0 21 0 21 0 21 0 21 0 0 21 0 21 0 21 0 21 0 0 21 21 0 21 0 21 21 0 21 0 21 21 21 21 0 21 21 21 0 21 0 0 21 0 0 21 0 0 21 21 0 21 0 21 21 21 21 0 21 0 0 21 0 21 0 21 0 21 21 0 21 21 21 21 21 42 0 21 21 0 21 0 21 0 21 0 0 21 0 21 0 21 0 21 21 0 21 21 42 0 21 21 21 0 21 0 21 0 21 21 21 21 21 21 21 21 21 42 21 21 21 0 21 21 0 21 0 21 0 21 0 21 21 0 0 0 0 0 0 0 0 0 84 0 0 0 0 21 0 0 21 21 0 21 0 21 0 21 0 21 21 21 0 21 0 21 0 21 0 21 0 21 0 21 0 0 21 0 21 0 0 0 21 0 0 0 21 0 0 0 21 0 21 0 21 0 0 21 0 21 0 21 21 21 0 21 21 21 21 0 21 21 21 0 0 21 0 0 21 0 0 21 0 21 21 0 21 21 21 21 0 21 0 21 0 21 0 21 21 21 0 21 21 21 0 21 0 21 0 0 21 0 21 0 21 21 21 0 21 21 21 42 0 42 21 42 21 21 42 21 42 21 21 0 21 21 | shim fwd=87728 writeErr=0 drop=0 | chrome_cpu=2.02s (0.05 cores) go_cpu=4.21s
mode=raw conns=1 sharing=shared rtt=25ms jitter=0ms bw=30000000 loss=0.001 queue=5000000 rtomax=0ms sent=67108864 received=67108864 throughput=13.69 Mbps wall=13.65 Mbps chrome_cores=0.05 go_cpu=4.21s
START e6-loss0.001-rtt25-ck16KiB-r3 2026-09-18T18:07:29Z --mode raw --size 64MiB --backpressure poll --bandwidth 30MB --queue 5MB --deadline 300 --rtt 25 --loss 0.001 --chunk 16KiB
OK e6-loss0.001-rtt25-ck16KiB-r3 2026-09-18T18:08:06Z
trace raw conns=1 rtt=25 loss=0.001 mbps/100ms: 0 0 0 0 0 0 5 52 98 47 30 17 20 17 22 20 24 25 25 14 13 17 18 20 13 10 12 7 8 5 8 8 9 9 7 7 9 10 10 13 14 16 16 14 14 10 13 9 8 9 9 13 12 16 14 18 18 21 20 24 22 26 25 25 16 16 20 16 16 10 9 8 10 10 10 13 14 17 13 9 12 12 14 17 14 17 10 10 12 14 9 9 9 13 12 9 9 8 12 14 14 13 16 18 21 21 20 22 26 28 14 13 17 18 20 22 22 21 24 28 29 31 25 31 24 9 12 12 12 14 17 18 20 17 21 25 21 14 13 16 18 20 21 17 24 25 28 22 28 30 33 34 28 37 38 39 41 26 21 12 13 14 5 5 7 5 5 7 5 4 4 5 7 5 4 5 8 8 10 9 13 14 16 17 14 20 21 22 20 25 28 21 16 14 17 17 12 7 8 8 10 12 14 10 17 17 20 13 7 8 5 5 8 7 9 10 13 14 13 14 18 13 12 10 13 14 17 18 16 21 22 20 18 10 16 13 13 10 9 14 14 17 18 14 13 10 7 9 7 5 7 9 10 10 12 13 16 16 9 10 12 13 9 7 9 12 9 8 8 7 5 8 10 4 8 8 9 7 7 7 9 10 12 12 13 16 18 20 14 22 24 25 26 18 13 17 17 20 17 21 24 25 21 10 12 9 10 10 12 16 16 17 5 20 21 22 20 24 17 14 13 7 10 13 13 13 8 8 7 7 8 7 7 8 8 9 9 12 14 12 17 18 20 17 21 24 20 25 28 24 14 8 10 12 12 13 16 18 14 | shim fwd=87684 writeErr=0 drop=0 | chrome_cpu=2.23s (0.06 cores) go_cpu=4.39s
mode=raw conns=1 sharing=shared rtt=25ms jitter=0ms bw=30000000 loss=0.001 queue=5000000 rtomax=0ms sent=67108864 received=67108864 throughput=15.21 Mbps wall=15.18 Mbps chrome_cores=0.06 go_cpu=4.39s
START e6-loss0.001-rtt25-ck64KiB-r3 2026-09-18T18:08:06Z --mode raw --size 64MiB --backpressure poll --bandwidth 30MB --queue 5MB --deadline 300 --rtt 25 --loss 0.001 --chunk 64KiB
OK e6-loss0.001-rtt25-ck64KiB-r3 2026-09-18T18:08:43Z
trace raw conns=1 rtt=25 loss=0.001 mbps/100ms: 0 0 0 0 0 0 10 89 199 100 58 52 58 47 58 37 26 10 10 10 10 16 10 21 16 5 5 10 5 10 10 10 5 10 10 10 10 16 16 16 16 10 5 5 10 10 10 10 16 10 10 10 5 10 10 5 10 16 10 16 16 16 21 21 21 21 16 10 16 21 5 10 10 10 5 5 5 10 5 10 16 10 16 16 16 10 10 16 10 16 10 10 10 16 10 16 16 10 10 5 5 10 10 0 10 10 10 5 16 16 16 16 10 5 16 10 16 16 16 21 10 10 10 16 16 16 16 16 5 5 10 10 10 10 5 5 5 10 5 10 10 10 16 10 5 5 10 5 10 10 10 16 16 10 21 21 21 21 21 16 10 16 21 16 21 16 26 10 16 10 16 21 16 16 21 26 26 26 26 21 26 21 16 21 16 21 26 21 21 26 21 16 16 10 10 10 5 10 10 5 10 5 10 5 0 5 5 5 5 5 10 5 16 10 10 16 16 21 16 21 21 21 26 26 21 31 31 31 21 16 10 10 16 16 10 16 21 21 21 21 21 26 26 21 10 21 16 21 21 21 21 26 26 26 16 16 16 10 10 10 10 10 5 5 5 10 10 10 10 16 16 10 10 5 16 16 16 16 16 16 21 10 16 10 16 21 16 21 16 26 16 21 16 10 16 16 16 10 10 10 10 10 10 10 10 10 10 5 10 5 10 5 10 5 5 10 16 10 10 16 16 21 10 10 5 10 10 10 10 16 10 16 16 21 21 10 10 10 5 10 10 10 10 16 16 21 16 16 26 21 21 10 10 10 5 10 16 16 | shim fwd=88184 writeErr=0 drop=0 | chrome_cpu=2.12s (0.06 cores) go_cpu=4.52s
mode=raw conns=1 sharing=shared rtt=25ms jitter=0ms bw=30000000 loss=0.001 queue=5000000 rtomax=0ms sent=67108864 received=67108864 throughput=15.28 Mbps wall=15.25 Mbps chrome_cores=0.06 go_cpu=4.52s
START e6-loss0.001-rtt25-ck256KiB-r3 2026-09-18T18:08:43Z --mode raw --size 64MiB --backpressure poll --bandwidth 30MB --queue 5MB --deadline 300 --rtt 25 --loss 0.001 --chunk 256KiB
OK e6-loss0.001-rtt25-ck256KiB-r3 2026-09-18T18:09:18Z
trace raw conns=1 rtt=25 loss=0.001 mbps/100ms: 0 0 0 0 0 0 0 84 210 84 21 42 21 42 42 42 21 21 42 21 21 21 21 42 21 42 21 21 21 0 21 0 21 21 0 21 0 21 0 21 0 21 0 21 21 0 21 0 21 0 21 21 21 21 21 21 21 21 21 21 0 21 0 21 0 21 21 21 0 21 21 21 0 21 0 0 21 0 0 21 21 0 21 21 21 0 21 0 21 0 21 0 21 0 21 21 21 0 21 0 21 0 21 21 21 21 21 21 21 21 21 21 0 21 0 21 0 21 21 0 21 21 0 21 21 21 21 0 21 21 0 0 21 21 0 21 0 21 0 21 21 0 21 21 0 21 21 0 21 21 0 21 0 21 0 21 21 0 21 0 0 21 0 21 0 21 21 0 21 21 21 21 0 21 0 0 21 0 0 21 0 21 21 0 21 21 21 21 21 21 21 0 21 21 0 21 21 21 21 21 21 42 0 21 21 21 0 21 21 0 21 21 21 0 21 21 21 21 42 21 0 21 21 21 21 0 21 0 21 21 0 21 0 0 21 21 0 21 21 21 21 0 21 0 21 21 21 21 21 21 21 21 21 0 21 21 21 0 42 21 21 21 0 21 21 0 21 0 21 0 21 21 21 0 0 21 0 21 0 0 21 0 21 0 21 0 0 21 0 21 0 21 0 21 0 21 21 0 0 21 0 21 0 21 0 21 21 0 21 21 0 21 21 0 21 21 0 21 0 21 0 21 0 21 0 21 21 21 21 21 0 42 21 21 21 21 42 21 21 21 21 0 | shim fwd=88223 writeErr=0 drop=0 | chrome_cpu=4.07s (0.12 cores) go_cpu=6.79s
mode=raw conns=1 sharing=shared rtt=25ms jitter=0ms bw=30000000 loss=0.001 queue=5000000 rtomax=0ms sent=67108864 received=67108864 throughput=16.04 Mbps wall=16.00 Mbps chrome_cores=0.12 go_cpu=6.79s
PHASE loss25 done 2026-09-18T18:09:19Z
START e6-loss0.001-rtt71-ck16KiB-r1 2026-09-18T18:09:22Z --mode raw --size 64MiB --backpressure poll --bandwidth 30MB --queue 5MB --deadline 300 --rtt 71 --loss 0.001 --chunk 16KiB
OK e6-loss0.001-rtt71-ck16KiB-r1 2026-09-18T18:11:13Z
trace raw conns=1 rtt=71 loss=0.001 mbps/100ms: 0 0 0 0 0 0 0 0 0 0 1 1 4 9 7 1 7 4 3 1 5 3 4 4 1 3 3 1 4 3 4 3 3 5 4 3 7 3 4 7 3 4 8 4 4 8 4 7 8 4 9 5 5 10 5 5 12 5 12 7 5 13 7 7 13 7 13 8 7 14 8 7 16 8 8 12 4 8 5 4 9 5 9 0 8 5 3 5 4 4 7 4 3 8 4 4 8 5 8 5 4 9 5 10 5 5 10 5 7 12 5 12 7 7 9 4 3 7 3 4 1 3 4 3 4 4 3 3 1 1 4 3 4 3 1 5 3 3 7 3 7 3 4 7 4 4 8 4 8 5 4 9 5 4 7 7 4 4 3 7 3 4 7 4 4 8 4 8 4 5 8 3 5 5 1 4 5 3 7 3 1 4 3 1 4 3 5 3 3 5 3 4 7 3 7 4 4 5 1 3 5 1 5 3 4 5 4 3 7 4 7 4 4 8 1 5 4 3 4 3 3 7 3 4 5 4 7 4 4 8 4 8 5 4 9 5 4 10 4 10 5 5 9 3 3 7 3 8 3 4 8 4 4 8 4 9 4 1 9 3 4 4 3 7 3 4 7 4 8 3 4 7 4 3 4 3 5 4 3 5 4 3 8 4 7 0 5 5 1 5 3 3 5 3 3 7 4 7 4 3 8 3 3 4 3 5 3 3 5 3 5 4 3 7 4 4 7 4 8 5 4 9 4 7 8 5 9 5 5 5 9 5 3 4 7 3 3 3 1 4 0 3 3 1 3 3 1 4 3 3 5 3 5 3 3 7 4 4 5 4 8 4 4 8 4 5 9 4 7 3 3 5 4 5 4 3 7 4 4 7 3 4 3 3 5 3 3 3 1 4 1 1 1 3 3 1 1 4 1 3 4 3 5 3 3 5 3 3 7 4 7 4 3 8 4 8 1 3 4 3 3 5 4 5 3 4 7 4 0 7 3 4 3 1 5 3 7 3 3 7 4 3 7 3 4 3 1 5 1 3 5 3 7 3 4 7 3 5 5 4 8 4 5 8 5 7 4 3 5 3 4 5 3 7 4 3 8 3 4 8 4 9 4 5 9 4 5 9 5 10 5 7 10 5 8 10 7 12 7 7 13 8 13 7 8 14 8 8 14 8 16 9 8 12 4 7 8 4 10 4 5 8 3 5 4 4 7 3 4 7 4 8 4 5 8 5 5 8 5 9 5 5 10 5 5 12 5 12 7 7 12 7 8 12 8 13 8 7 8 10 5 8 4 8 5 4 9 5 8 3 3 5 3 3 7 4 7 4 4 7 5 5 7 4 9 5 4 10 5 5 9 5 12 5 5 12 4 4 1 3 4 1 3 4 3 5 3 3 7 3 3 7 4 7 4 4 8 4 4 9 4 9 5 4 10 5 7 9 5 12 5 5 13 5 13 7 7 13 7 7 14 7 16 7 8 16 8 8 16 8 14 4 4 9 4 5 9 5 8 3 3 7 3 3 7 4 4 7 4 8 4 1 8 3 3 5 3 5 3 4 7 3 3 5 1 5 0 3 3 1 1 4 1 4 3 3 4 3 3 5 3 5 4 1 5 3 1 4 3 4 3 3 5 3 3 7 3 5 5 4 8 4 4 8 4 7 7 5 9 5 5 9 5 5 12 5 12 5 7 12 7 7 5 4 7 4 4 8 4 9 3 4 4 3 3 5 3 7 3 4 7 4 3 8 4 8 4 4 9 4 5 9 4 7 3 3 7 3 4 7 3 8 3 4 8 4 5 8 5 7 1 3 5 3 3 7 3 7 4 3 8 4 0 8 1 5 3 3 5 3 3 7 4 5 4 4 5 1 3 4 3 3 4 3 7 3 3 4 7 3 4 8 3 8 5 4 8 5 4 9 5 7 8 5 5 5 3 7 3 3 7 4 7 4 4 8 4 4 8 5 8 5 4 5 3 3 5 4 4 5 4 7 4 4 8 4 4 9 1 7 3 3 4 1 1 4 1 4 1 3 4 3 3 5 3 5 4 3 7 4 3 7 1 4 3 1 5 3 4 4 3 7 3 3 4 1 4 3 3 5 1 3 5 4 5 4 3 7 4 4 7 4 5 8 4 9 4 5 9 5 9 5 5 10 5 7 12 5 8 3 1 4 1 3 4 0 4 3 1 1 1 3 1 1 1 1 3 3 1 4 1 3 4 3 3 4 3 5 4 3 5 4 4 7 4 4 8 4 4 9 4 7 8 4 10 1 7 5 3 3 7 3 8 3 4 8 3 4 4 1 3 5 3 5 3 3 7 3 4 7 4 5 5 4 9 4 4 9 5 4 10 5 4 10 7 5 10 7 12 5 7 13 5 3 10 4 5 1 3 4 3 1 5 3 3 5 4 5 4 3 8 3 4 5 4 4 3 3 4 0 1 4 1 1 4 3 4 3 1 5 3 3 5 4 5 4 4 7 4 4 8 4 8 4 5 7 3 1 5 3 | shim fwd=87541 writeErr=0 drop=0 | chrome_cpu=3.72s (0.03 cores) go_cpu=7.71s
mode=raw conns=1 sharing=shared rtt=71ms jitter=0ms bw=30000000 loss=0.001 queue=5000000 rtomax=0ms sent=67108864 received=67108864 throughput=4.93 Mbps wall=4.93 Mbps chrome_cores=0.03 go_cpu=7.71s
START e6-loss0.001-rtt71-ck64KiB-r1 2026-09-18T18:11:14Z --mode raw --size 64MiB --backpressure poll --bandwidth 30MB --queue 5MB --deadline 300 --rtt 71 --loss 0.001 --chunk 64KiB
OK e6-loss0.001-rtt71-ck64KiB-r1 2026-09-18T18:12:41Z
trace raw conns=1 rtt=71 loss=0.001 mbps/100ms: 0 0 0 0 0 0 0 0 0 0 0 5 5 16 79 79 73 89 157 47 68 26 31 37 26 31 16 37 26 10 10 26 16 16 21 16 21 5 10 10 10 10 0 5 10 0 5 10 5 5 5 5 10 5 5 10 5 5 10 0 10 0 5 5 5 5 5 5 10 0 5 10 5 10 5 5 10 5 5 10 5 10 0 10 5 5 0 10 5 5 5 5 5 0 10 0 5 5 0 5 5 5 5 5 0 10 5 0 10 5 5 5 5 10 5 0 5 5 5 0 5 5 5 0 5 0 0 5 0 5 0 0 5 0 5 0 5 0 0 5 0 5 0 5 5 0 0 5 5 0 10 0 5 5 5 5 0 5 0 5 5 0 5 5 0 5 5 0 5 0 0 5 5 5 0 5 5 0 5 5 5 5 0 5 5 5 5 0 0 5 0 5 0 0 5 5 0 5 0 5 5 0 5 5 0 10 0 0 5 5 0 5 0 5 5 5 0 5 5 5 0 10 0 10 0 5 10 5 5 5 5 10 5 5 10 5 10 5 5 10 5 5 16 5 10 10 5 16 5 5 16 5 16 10 5 16 10 10 10 10 16 10 5 5 5 10 5 5 10 5 5 10 5 10 10 5 10 5 5 16 5 16 5 10 10 10 10 10 10 16 5 10 10 5 10 0 5 10 5 5 10 5 10 5 5 10 10 5 10 5 16 5 5 16 5 16 10 5 16 5 10 16 5 16 10 10 10 5 5 10 5 5 5 0 5 5 5 0 5 0 5 0 5 5 5 0 5 5 0 5 5 5 5 5 0 10 5 0 10 5 5 5 0 5 5 0 0 0 5 0 0 5 0 5 0 0 5 0 5 5 0 5 5 0 5 5 5 5 0 10 0 5 10 0 10 0 5 5 0 5 5 0 5 5 5 5 5 5 5 5 5 5 5 5 5 10 5 5 10 5 10 5 5 5 10 0 10 0 10 0 5 5 5 5 10 0 10 5 5 10 5 5 10 5 5 5 0 10 0 5 0 0 5 0 0 5 0 5 0 5 0 5 5 0 5 5 0 5 5 0 5 5 5 5 5 0 5 0 5 5 0 5 5 5 5 0 10 0 5 5 5 5 5 5 10 5 0 10 5 10 5 5 10 5 5 16 5 10 5 5 16 5 5 16 5 16 5 5 10 0 10 5 0 10 5 5 10 5 10 5 5 10 5 5 5 5 5 5 5 5 5 5 5 5 5 5 5 5 5 5 5 0 5 5 5 5 0 10 0 5 10 0 5 10 5 5 5 0 5 5 5 0 5 5 5 0 10 5 5 5 5 5 5 5 10 5 5 0 5 5 0 5 0 0 5 0 5 5 0 5 5 0 5 5 5 5 5 5 5 0 10 5 5 5 5 5 0 5 5 0 5 5 0 5 0 5 5 0 5 0 0 5 0 5 0 5 0 5 0 5 5 5 0 5 5 5 5 5 5 5 5 0 10 5 10 0 5 10 5 5 10 5 10 5 5 10 10 10 5 5 16 5 10 10 5 10 16 5 16 5 10 16 5 10 10 10 5 0 5 5 0 5 5 5 5 5 0 10 0 10 5 0 10 5 5 5 5 10 5 5 10 5 10 5 5 5 5 5 5 5 5 5 0 10 5 5 5 5 5 10 5 10 5 5 10 5 10 5 5 10 0 5 5 0 0 10 5 0 5 10 5 5 5 5 5 5 5 0 5 5 0 0 5 5 0 5 0 5 5 0 5 5 0 5 5 0 5 0 5 0 5 5 0 5 5 5 5 5 5 0 5 5 10 5 5 5 0 5 5 5 0 5 5 5 0 5 5 5 5 5 5 5 0 5 5 5 0 5 5 0 5 5 5 5 5 5 5 5 5 5 5 10 5 5 5 5 5 5 0 10 0 5 5 5 0 10 5 5 5 5 10 0 5 10 5 10 0 5 10 0 5 | shim fwd=89105 writeErr=0 drop=0 | chrome_cpu=3.02s (0.04 cores) go_cpu=6.20s
mode=raw conns=1 sharing=shared rtt=71ms jitter=0ms bw=30000000 loss=0.001 queue=5000000 rtomax=0ms sent=67108864 received=67108864 throughput=6.33 Mbps wall=6.32 Mbps chrome_cores=0.04 go_cpu=6.20s
START e6-loss0.001-rtt71-ck256KiB-r1 2026-09-18T18:12:41Z --mode raw --size 64MiB --backpressure poll --bandwidth 30MB --queue 5MB --deadline 300 --rtt 71 --loss 0.001 --chunk 256KiB
OK e6-loss0.001-rtt71-ck256KiB-r1 2026-09-18T18:14:12Z
trace raw conns=1 rtt=71 loss=0.001 mbps/100ms: 0 0 0 0 0 0 0 0 0 0 0 0 0 0 0 0 0 0 21 0 0 0 0 0 0 0 21 0 0 0 0 0 21 0 0 0 21 0 0 0 21 0 0 21 0 0 0 21 0 0 21 0 0 21 0 21 0 0 21 0 21 0 21 0 0 21 0 0 0 21 0 0 21 0 0 21 0 0 21 0 0 21 0 0 0 21 0 0 0 21 0 0 0 21 0 0 21 0 0 21 0 21 0 0 21 0 0 21 0 21 0 0 21 0 21 0 0 0 21 0 0 0 21 0 0 21 0 0 21 0 0 21 0 0 21 0 21 0 21 0 21 0 21 0 0 21 0 21 0 21 21 0 0 21 21 0 21 0 21 21 0 21 0 21 0 21 21 0 0 0 0 21 0 0 0 0 21 0 0 21 0 0 0 21 0 0 21 0 0 21 0 0 21 0 0 21 0 21 0 21 0 21 0 21 0 0 21 0 21 21 0 21 0 21 0 21 0 0 21 0 0 0 21 0 21 0 0 21 0 21 0 0 21 0 21 0 21 0 0 21 21 0 0 21 0 0 0 21 0 0 0 0 21 0 0 0 0 0 0 21 0 0 0 0 0 21 0 0 0 0 21 0 0 21 0 0 0 21 0 0 0 21 0 0 21 0 21 0 0 21 0 0 0 21 0 0 0 21 0 0 0 0 0 21 0 0 0 0 21 0 0 0 0 21 0 0 21 0 0 21 0 0 21 0 0 21 0 0 21 0 21 0 21 0 0 21 0 21 0 21 0 21 0 21 21 0 0 21 0 21 0 0 21 0 0 21 0 0 21 0 21 0 0 21 0 0 21 0 0 0 0 21 0 0 0 0 0 21 0 0 0 0 21 0 0 0 21 0 0 0 21 0 0 0 21 0 21 0 0 21 0 0 21 0 0 0 0 21 0 0 21 0 0 0 21 0 0 21 0 0 21 0 0 21 0 0 21 0 21 0 0 21 0 21 0 21 0 21 0 21 0 21 0 21 0 21 21 0 21 0 21 21 0 21 0 21 0 0 0 0 21 0 0 0 0 21 0 0 0 21 0 0 21 0 0 21 0 0 21 0 0 21 0 21 0 0 21 0 21 0 0 0 0 0 0 0 0 21 0 0 0 0 0 0 0 0 0 21 0 0 0 0 0 0 21 0 0 0 0 0 21 0 0 0 0 0 0 21 0 0 0 0 21 0 0 0 21 0 0 0 21 0 0 21 0 0 21 0 0 21 0 0 0 0 21 0 0 0 0 0 21 0 0 0 0 0 21 0 0 0 21 0 0 0 21 0 0 0 21 0 0 0 21 0 0 0 0 21 0 0 0 0 21 0 0 21 0 0 21 0 0 0 21 0 0 21 0 0 0 0 21 0 0 0 0 0 0 0 21 0 0 0 0 21 0 0 0 21 0 0 0 21 0 0 0 0 0 21 0 0 0 21 0 0 0 0 21 0 0 0 0 0 21 0 0 0 0 21 0 0 0 21 0 0 0 21 0 0 21 0 0 0 0 21 0 0 0 0 21 0 0 21 0 0 0 21 0 0 0 21 0 21 0 0 21 0 0 0 0 21 0 0 0 0 21 0 0 21 0 0 21 0 0 21 0 0 21 0 0 21 0 21 0 0 21 0 0 0 21 0 0 0 0 0 0 21 0 0 0 0 21 0 0 0 21 0 0 0 21 0 0 21 0 0 21 0 0 21 0 21 0 0 21 0 21 0 21 0 0 21 0 0 0 0 21 0 0 21 0 0 21 0 0 21 0 0 21 0 21 0 0 0 21 0 0 21 0 0 0 0 21 0 0 21 0 0 21 0 0 21 0 0 0 0 21 0 0 0 21 0 0 0 21 0 0 21 0 0 0 0 21 0 0 0 0 21 0 0 0 21 0 0 0 21 0 0 21 0 0 0 0 0 21 0 0 0 0 0 0 21 0 0 0 0 21 0 0 0 0 0 21 0 0 0 0 21 0 0 0 0 0 0 0 21 0 0 0 0 0 21 0 0 0 0 0 0 0 0 21 0 0 0 0 0 0 21 | shim fwd=87203 writeErr=0 drop=0 | chrome_cpu=3.60s (0.04 cores) go_cpu=7.33s
mode=raw conns=1 sharing=shared rtt=71ms jitter=0ms bw=30000000 loss=0.001 queue=5000000 rtomax=0ms sent=67108864 received=67108864 throughput=6.05 Mbps wall=6.05 Mbps chrome_cores=0.04 go_cpu=7.33s
START e6-loss0.001-rtt71-ck16KiB-r2 2026-09-18T18:14:13Z --mode raw --size 64MiB --backpressure poll --bandwidth 30MB --queue 5MB --deadline 300 --rtt 71 --loss 0.001 --chunk 16KiB
OK e6-loss0.001-rtt71-ck16KiB-r2 2026-09-18T18:15:41Z
trace raw conns=1 rtt=71 loss=0.001 mbps/100ms: 0 0 0 0 0 0 0 0 0 1 1 3 20 10 35 37 18 34 22 8 29 10 9 20 10 18 12 10 21 10 13 20 10 21 13 12 17 5 10 8 7 10 9 7 13 7 13 9 7 16 8 13 10 8 14 9 9 17 8 17 10 9 18 9 9 13 5 8 7 5 5 3 5 4 3 8 3 4 8 4 8 4 5 9 4 7 8 5 9 3 3 7 3 5 4 4 7 4 3 8 4 9 4 5 9 4 5 9 5 9 4 3 5 4 5 4 3 8 3 4 8 4 4 3 3 4 3 7 3 3 7 3 4 7 4 7 4 4 8 5 4 9 4 10 4 5 10 5 5 12 5 12 5 7 12 7 7 13 7 12 5 4 7 4 8 4 5 8 4 5 9 5 9 5 5 10 7 5 10 7 12 7 7 13 7 8 12 7 14 8 7 14 8 13 10 8 16 8 9 17 8 10 16 9 16 4 4 5 3 5 3 3 7 3 4 5 1 4 3 3 4 3 3 5 3 3 1 3 4 1 3 4 3 5 3 3 7 3 3 4 5 4 1 3 4 3 5 3 3 5 4 3 7 3 8 3 4 8 4 5 8 5 9 4 5 9 5 10 5 7 10 5 7 12 5 8 12 5 8 9 3 8 4 4 8 4 5 8 4 10 4 5 10 5 7 9 5 12 5 7 12 7 8 12 7 13 7 7 14 7 8 14 8 9 14 8 16 9 8 17 9 12 5 5 5 7 0 5 1 1 4 1 4 3 3 4 3 3 5 3 4 5 4 7 4 3 8 4 5 5 4 4 3 1 7 3 3 5 4 3 7 4 8 4 3 9 4 4 9 4 9 5 4 10 5 7 9 5 12 5 7 12 5 7 3 9 3 3 1 5 1 3 5 3 4 5 3 7 3 4 8 3 5 7 4 9 4 4 9 5 5 9 5 7 9 7 10 5 7 12 7 7 12 7 10 5 4 8 3 4 8 4 9 1 5 4 3 3 5 4 5 1 4 3 3 1 4 3 3 1 3 3 1 3 4 1 4 3 3 5 3 3 4 1 1 4 1 4 3 3 4 1 1 3 3 1 4 1 4 3 3 5 3 3 7 3 3 7 3 4 1 3 4 3 3 5 3 4 4 4 5 4 4 7 4 4 7 4 7 3 1 5 3 3 5 4 3 7 3 7 4 4 8 1 4 4 3 5 3 3 5 3 5 4 0 8 1 3 4 3 1 5 3 3 7 3 7 4 3 8 3 4 8 4 8 5 4 9 4 5 9 5 9 4 3 7 3 3 7 4 8 3 4 8 4 4 8 5 5 8 5 10 5 4 12 5 7 10 5 12 7 1 12 3 4 7 4 8 4 4 8 5 5 7 4 5 3 3 5 3 5 5 3 7 4 4 8 4 4 9 4 7 3 3 5 3 3 4 3 3 3 1 5 3 1 5 3 4 4 4 5 4 3 8 3 4 8 4 5 8 4 9 5 4 10 5 7 9 5 10 5 7 12 5 8 5 3 5 5 4 8 4 4 9 4 4 9 5 7 8 5 10 5 5 12 5 5 12 7 13 7 7 13 7 7 14 7 8 14 8 16 8 8 16 8 8 17 9 17 9 9 18 9 9 18 9 12 18 10 20 10 10 21 10 12 13 14 10 7 5 12 4 8 5 3 8 3 4 8 4 5 8 5 5 8 5 9 5 5 10 7 5 12 5 12 4 5 7 4 3 8 3 8 4 4 9 4 5 5 5 3 5 3 5 3 4 7 3 3 4 3 4 3 1 5 3 3 5 4 0 5 3 4 1 3 4 3 3 5 3 5 3 4 7 3 4 8 4 4 8 4 4 9 4 9 5 5 9 5 5 10 5 7 10 7 5 13 7 7 12 8 8 12 8 14 7 8 16 1 9 8 5 5 8 4 9 5 4 7 3 3 4 3 3 3 3 1 4 3 4 3 3 5 4 3 7 3 4 7 3 4 8 4 8 | shim fwd=87463 writeErr=0 drop=0 | chrome_cpu=2.72s (0.03 cores) go_cpu=5.44s
mode=raw conns=1 sharing=shared rtt=71ms jitter=0ms bw=30000000 loss=0.001 queue=5000000 rtomax=0ms sent=67108864 received=67108864 throughput=6.21 Mbps wall=6.21 Mbps chrome_cores=0.03 go_cpu=5.44s
START e6-loss0.001-rtt71-ck64KiB-r2 2026-09-18T18:15:41Z --mode raw --size 64MiB --backpressure poll --bandwidth 30MB --queue 5MB --deadline 300 --rtt 71 --loss 0.001 --chunk 64KiB
OK e6-loss0.001-rtt71-ck64KiB-r2 2026-09-18T18:17:17Z
trace raw conns=1 rtt=71 loss=0.001 mbps/100ms: 0 0 0 0 0 0 0 0 0 0 0 5 16 31 10 58 42 16 10 10 10 16 10 21 10 10 16 10 5 10 5 10 5 5 10 5 10 10 5 10 10 5 16 5 5 10 5 5 5 5 5 5 5 10 5 5 10 5 10 5 5 10 5 10 10 5 10 0 5 5 5 0 5 0 5 5 5 0 5 5 5 0 10 0 5 5 0 5 0 5 5 5 0 5 5 5 5 0 5 10 0 10 0 5 5 0 5 5 0 5 5 0 10 0 10 5 0 10 5 0 10 5 10 5 5 5 5 5 10 10 10 5 5 10 5 10 10 5 10 10 5 16 10 5 5 5 5 10 0 5 5 0 5 5 0 5 5 5 5 0 10 0 5 0 5 0 5 5 5 0 5 5 5 0 10 0 5 5 5 10 0 5 10 5 5 5 0 5 5 0 5 5 0 5 0 5 0 5 5 0 5 5 5 5 0 5 5 5 5 5 5 5 5 5 10 5 0 10 0 5 5 0 5 0 5 0 5 0 5 0 5 5 0 5 5 5 5 0 5 5 5 10 0 5 10 5 5 5 5 10 5 5 10 5 5 10 0 5 0 0 5 5 0 5 0 5 5 5 5 0 5 5 5 0 5 5 0 5 5 5 0 5 5 0 5 5 5 5 5 0 10 5 0 10 5 5 5 5 5 10 0 5 5 0 5 5 5 5 5 5 5 5 5 5 10 5 5 5 5 5 10 5 5 10 5 16 5 5 10 10 5 10 10 10 5 10 16 5 5 16 10 10 10 10 10 16 5 21 5 10 21 0 10 10 5 10 5 5 10 5 5 10 5 16 5 5 16 5 5 16 5 10 10 10 5 16 10 16 5 10 16 5 16 5 5 10 0 5 10 5 5 10 5 10 5 5 5 5 5 5 5 0 10 0 10 5 5 5 5 10 5 5 10 5 5 10 5 5 10 5 5 16 5 5 16 5 10 10 10 10 10 5 16 5 10 16 10 5 16 10 16 5 10 5 5 5 10 5 10 5 5 10 5 10 10 5 5 10 5 10 0 5 5 5 5 5 5 10 5 5 10 0 5 10 0 5 5 5 5 0 5 5 5 5 5 5 10 5 5 5 5 5 10 5 5 10 5 10 5 10 5 5 0 10 0 5 5 5 10 5 0 10 5 0 10 0 5 5 0 5 5 5 0 10 0 10 5 0 10 5 5 5 5 10 5 5 10 5 5 10 5 5 16 5 10 0 5 5 5 5 5 5 5 5 0 5 5 0 5 5 5 5 0 5 5 5 5 5 5 5 5 5 10 5 10 0 5 10 5 5 10 5 5 5 5 5 5 0 10 0 10 0 0 5 5 0 5 5 0 10 0 5 5 5 5 5 5 5 5 5 10 0 10 5 5 5 0 5 5 5 0 5 5 10 0 5 10 0 5 10 5 10 0 5 10 5 5 10 5 10 10 5 10 5 10 10 5 10 10 10 5 16 5 16 10 5 10 10 5 5 5 0 5 0 5 5 0 5 0 5 0 5 5 0 0 5 5 5 5 0 5 5 5 5 0 5 0 5 0 0 5 0 5 0 0 5 0 0 5 0 5 0 5 0 5 5 0 5 5 0 5 5 0 10 0 5 10 0 10 0 5 10 5 5 10 5 0 10 5 16 0 5 5 5 0 10 0 10 5 0 10 5 0 10 5 5 10 5 10 5 5 10 5 5 10 5 5 0 0 5 0 5 5 0 0 5 5 5 0 5 0 5 0 5 0 5 0 5 5 5 0 5 5 0 10 5 5 5 0 10 0 0 5 5 0 5 5 0 10 0 10 0 5 5 5 10 0 5 5 0 5 5 0 5 5 0 5 5 5 5 5 5 5 5 5 10 0 10 5 5 10 5 5 10 0 10 5 0 5 5 5 5 5 0 10 5 5 5 0 5 5 0 0 0 5 0 0 5 0 5 0 5 0 5 0 5 5 0 5 5 5 0 5 5 5 5 0 0 5 5 0 5 0 5 0 5 0 5 0 5 0 5 5 0 5 5 0 5 5 5 5 5 5 5 5 5 10 0 5 10 5 5 10 5 10 5 5 10 5 5 10 5 0 10 0 10 0 5 10 0 5 10 5 5 5 5 5 10 5 0 5 5 5 5 0 | shim fwd=87771 writeErr=0 drop=0 | chrome_cpu=2.79s (0.03 cores) go_cpu=5.56s
mode=raw conns=1 sharing=shared rtt=71ms jitter=0ms bw=30000000 loss=0.001 queue=5000000 rtomax=0ms sent=67108864 received=67108864 throughput=5.75 Mbps wall=5.75 Mbps chrome_cores=0.03 go_cpu=5.56s
START e6-loss0.001-rtt71-ck256KiB-r2 2026-09-18T18:17:17Z --mode raw --size 64MiB --backpressure poll --bandwidth 30MB --queue 5MB --deadline 300 --rtt 71 --loss 0.001 --chunk 256KiB
OK e6-loss0.001-rtt71-ck256KiB-r2 2026-09-18T18:18:52Z
trace raw conns=1 rtt=71 loss=0.001 mbps/100ms: 0 0 0 0 0 0 0 0 0 0 0 0 0 21 42 0 0 42 0 21 21 0 21 21 0 0 21 0 0 0 0 21 0 0 0 21 0 0 0 0 0 21 0 0 0 0 21 0 0 0 0 0 21 0 0 0 0 0 0 0 21 0 0 0 0 0 0 0 21 0 0 0 0 0 0 0 21 0 0 0 0 0 21 0 0 0 21 0 0 0 21 0 0 21 0 0 21 0 0 21 0 0 21 0 0 21 0 21 0 21 0 0 21 0 0 0 0 0 21 0 0 0 0 0 0 0 21 0 0 0 0 0 0 21 0 0 0 0 21 0 0 0 21 0 0 21 0 0 0 21 0 0 21 0 0 0 21 0 0 0 0 21 0 0 0 21 0 0 0 21 0 0 0 0 21 0 0 0 0 21 0 0 21 0 0 0 21 0 0 21 0 0 21 0 0 21 0 0 21 0 21 0 21 0 21 0 0 21 0 21 0 21 0 21 0 21 0 21 21 0 21 0 21 0 21 0 21 0 0 21 0 0 0 0 21 0 0 0 0 21 0 0 21 0 0 0 21 0 0 21 0 0 21 0 0 21 0 21 0 21 0 0 21 0 21 0 21 0 21 0 21 0 0 21 0 0 21 0 0 21 0 0 21 0 0 21 0 0 21 0 21 0 21 0 0 21 0 0 0 21 0 0 21 0 0 0 21 0 0 21 0 0 21 0 21 0 0 21 0 0 21 0 0 21 0 0 0 21 0 0 0 21 0 21 0 0 21 0 0 21 0 0 0 0 21 0 0 0 21 0 0 21 0 0 21 0 0 21 0 0 21 0 0 21 0 21 0 0 21 0 21 0 0 21 21 0 21 0 21 0 0 21 0 0 21 0 0 21 0 0 21 0 0 21 0 0 0 0 21 0 0 0 0 0 0 0 0 0 0 0 0 21 0 0 0 0 0 0 0 0 0 0 0 0 0 21 0 0 0 0 0 0 0 21 0 0 0 0 21 0 0 0 0 21 0 0 0 21 0 0 0 0 21 0 0 0 0 21 0 0 0 21 0 0 0 0 21 0 0 0 0 0 0 21 0 0 0 0 0 0 21 0 0 0 0 0 21 0 0 0 0 0 0 21 0 0 0 0 21 0 0 0 21 0 0 0 21 0 0 21 0 0 0 21 0 0 0 0 21 0 0 0 21 0 0 21 0 0 0 21 0 0 21 0 0 21 0 0 21 0 21 0 0 21 0 21 0 21 0 21 0 21 0 21 0 21 21 0 0 0 21 0 0 21 0 0 0 0 21 0 0 0 21 0 0 0 0 21 0 0 21 0 0 21 0 0 0 0 21 0 0 0 21 0 0 0 0 0 0 21 0 0 0 0 21 0 0 0 0 0 0 0 21 0 0 0 0 21 0 0 0 21 0 0 0 21 0 0 21 0 0 21 0 0 21 0 0 21 0 0 21 0 21 0 0 0 0 21 0 0 0 0 0 0 21 0 0 0 21 0 0 0 0 0 21 0 0 0 0 0 21 0 0 0 0 21 0 0 0 21 0 0 0 21 0 0 21 0 21 0 0 21 0 21 0 0 21 0 0 21 0 21 0 0 21 0 0 0 21 0 0 0 21 0 0 21 0 21 0 0 21 0 0 21 0 21 0 0 21 0 21 0 21 21 0 21 0 0 0 21 0 0 21 0 0 0 21 0 0 21 0 0 0 0 21 0 0 0 21 0 0 0 21 0 0 21 0 0 0 0 21 0 0 0 0 21 0 0 21 0 0 0 21 0 0 21 0 0 21 0 0 0 0 0 0 0 0 21 0 0 0 0 0 0 0 21 0 0 0 0 0 0 0 21 0 0 0 0 0 0 21 0 0 0 21 0 0 0 21 0 0 0 21 0 0 21 0 0 21 0 0 21 0 21 0 0 21 0 0 21 0 21 0 21 0 21 0 21 0 21 0 0 21 0 0 0 21 0 0 21 0 0 21 0 0 21 0 0 0 0 21 0 0 0 21 0 0 0 21 0 0 0 0 0 0 21 0 0 0 0 0 0 21 0 0 0 0 21 0 0 0 21 0 0 21 0 0 0 21 0 0 21 0 0 0 21 0 0 0 0 21 0 0 0 21 0 0 21 | shim fwd=87692 writeErr=0 drop=0 | chrome_cpu=2.81s (0.03 cores) go_cpu=5.75s
mode=raw conns=1 sharing=shared rtt=71ms jitter=0ms bw=30000000 loss=0.001 queue=5000000 rtomax=0ms sent=67108864 received=67108864 throughput=5.81 Mbps wall=5.80 Mbps chrome_cores=0.03 go_cpu=5.75s
START e6-loss0.001-rtt71-ck16KiB-r3 2026-09-18T18:18:52Z --mode raw --size 64MiB --backpressure poll --bandwidth 30MB --queue 5MB --deadline 300 --rtt 71 --loss 0.001 --chunk 16KiB
OK e6-loss0.001-rtt71-ck16KiB-r3 2026-09-18T18:20:34Z
trace raw conns=1 rtt=71 loss=0.001 mbps/100ms: 0 0 0 0 0 0 0 0 0 1 1 3 21 26 34 75 18 13 22 9 18 9 20 9 4 16 5 5 12 5 12 3 5 7 3 4 7 4 7 4 4 8 5 5 8 4 10 4 5 10 5 7 10 5 9 3 3 7 4 7 4 4 8 4 4 9 4 9 5 4 10 5 7 9 5 12 5 5 13 5 13 7 7 13 7 7 14 7 12 4 10 8 4 4 9 4 9 5 4 10 5 5 10 5 8 4 3 7 3 4 7 4 8 3 4 4 3 3 4 4 5 3 3 7 4 5 1 5 3 3 1 3 1 3 1 1 4 3 3 4 3 4 3 3 7 3 4 5 4 7 4 4 8 4 7 7 4 9 5 4 10 5 10 5 5 10 7 5 12 7 9 5 4 7 4 3 8 4 8 4 5 8 5 5 9 4 10 5 3 5 3 7 3 4 7 4 4 8 4 8 4 4 9 5 4 10 5 9 5 3 7 3 4 5 4 7 4 3 8 4 9 4 4 9 5 1 8 3 5 3 3 7 3 4 7 4 8 4 4 5 5 4 3 3 5 4 3 7 3 7 4 4 7 4 3 5 3 4 3 3 5 3 4 5 3 7 4 4 7 4 8 4 3 5 1 1 3 1 4 3 1 4 3 3 4 1 3 1 1 4 3 1 1 3 1 1 1 1 1 3 1 3 3 3 1 4 3 4 3 1 4 1 3 3 3 4 1 3 4 3 4 4 4 5 4 3 7 4 7 4 4 8 5 4 8 5 9 5 5 9 5 5 12 5 10 7 5 13 7 0 12 4 7 4 4 8 4 5 8 4 9 5 5 9 5 10 5 5 10 7 5 12 7 13 7 7 13 7 8 13 7 14 8 8 16 8 9 14 8 17 8 9 17 9 9 18 9 18 9 10 20 0 14 10 5 10 5 7 8 3 7 4 3 8 4 4 8 4 5 3 3 5 1 4 5 3 7 4 3 8 3 5 7 4 9 4 4 9 5 5 9 4 10 5 5 5 4 4 1 3 3 3 3 4 3 4 4 0 4 1 1 4 3 4 3 3 4 3 5 4 3 7 3 4 7 4 8 4 4 4 5 8 5 4 10 4 10 5 5 5 5 5 3 9 5 10 8 9 8 1 0 4 0 0 0 0 0 0 1 12 3 9 5 4 5 7 4 4 5 8 7 4 8 7 8 5 8 8 8 7 9 8 5 8 4 5 4 4 5 3 4 1 3 3 3 3 1 3 3 3 3 4 3 5 3 4 4 4 4 5 4 7 5 4 3 7 4 3 3 5 3 3 7 3 7 4 3 8 4 4 8 4 7 5 1 5 1 3 3 1 4 1 1 5 1 5 3 3 5 3 3 5 4 7 3 4 8 4 4 8 4 8 4 1 5 3 5 3 4 5 4 3 8 3 8 4 4 8 5 4 9 4 10 4 5 10 5 5 10 5 12 7 5 13 7 7 12 8 7 8 4 4 1 4 3 3 5 3 3 5 4 7 3 4 7 4 4 8 4 8 5 4 9 5 5 9 5 10 5 5 12 5 8 7 4 7 3 4 8 3 8 5 4 5 5 3 4 3 5 4 3 7 3 4 7 4 8 4 4 8 4 4 7 3 5 0 4 3 3 3 3 1 5 1 3 5 3 3 5 3 7 4 3 8 4 4 8 4 5 3 3 4 3 7 3 3 7 3 4 7 4 7 4 4 9 4 4 9 5 9 5 4 10 3 4 5 3 5 4 3 8 4 4 7 4 9 4 5 9 4 5 9 5 10 4 3 5 3 7 4 3 7 4 4 8 4 8 5 4 9 5 4 10 5 10 5 1 9 3 5 5 3 7 4 4 8 4 8 5 4 9 5 4 10 5 9 7 5 10 5 7 5 5 3 1 3 4 1 3 5 1 5 3 1 4 1 4 1 3 4 3 1 5 3 5 3 4 5 4 3 8 4 7 4 5 8 4 5 4 7 5 3 3 7 3 3 7 4 8 3 4 8 4 7 7 4 9 5 5 9 5 10 5 5 10 7 5 12 7 9 3 4 7 4 4 8 4 8 4 5 8 5 5 9 3 8 3 3 7 3 3 7 4 7 4 4 8 4 4 9 4 5 9 5 10 0 8 5 3 3 7 4 7 4 4 8 4 4 8 4 9 5 4 10 5 5 5 7 7 3 3 7 4 3 8 3 5 7 4 9 4 5 9 4 5 9 4 7 3 3 7 4 3 7 4 7 4 1 4 3 3 4 3 5 4 3 5 4 3 8 3 5 7 4 7 | shim fwd=87797 writeErr=0 drop=0 | chrome_cpu=2.96s (0.03 cores) go_cpu=5.99s
mode=raw conns=1 sharing=shared rtt=71ms jitter=0ms bw=30000000 loss=0.001 queue=5000000 rtomax=0ms sent=67108864 received=67108864 throughput=5.40 Mbps wall=5.39 Mbps chrome_cores=0.03 go_cpu=5.99s
START e6-loss0.001-rtt71-ck64KiB-r3 2026-09-18T18:20:34Z --mode raw --size 64MiB --backpressure poll --bandwidth 30MB --queue 5MB --deadline 300 --rtt 71 --loss 0.001 --chunk 64KiB
OK e6-loss0.001-rtt71-ck64KiB-r3 2026-09-18T18:22:07Z
trace raw conns=1 rtt=71 loss=0.001 mbps/100ms: 0 0 0 0 0 0 0 0 0 0 0 5 16 31 47 63 105 26 26 16 26 16 10 21 10 5 16 5 5 5 5 0 5 0 5 5 5 5 0 5 5 5 5 5 5 5 5 5 0 5 0 0 5 0 5 0 5 5 0 5 5 0 5 5 0 10 0 5 5 5 5 5 5 10 5 0 10 5 10 5 5 10 5 5 10 5 16 5 5 16 5 5 16 5 5 5 5 5 0 5 5 0 5 5 0 5 0 0 5 0 5 5 0 5 5 5 0 5 5 0 5 5 0 5 0 5 5 0 5 5 0 5 5 0 5 0 5 0 5 0 0 5 0 0 5 0 5 5 0 5 5 0 5 0 5 5 0 5 0 0 5 5 0 5 5 5 5 0 5 5 5 5 5 5 5 5 10 0 10 5 5 10 5 5 10 5 10 5 5 16 5 10 5 10 10 10 5 16 5 5 16 10 10 10 5 21 5 10 16 10 16 10 5 21 5 21 5 5 10 5 5 10 0 5 5 0 10 0 5 5 5 10 5 0 10 5 10 0 5 5 5 0 5 5 5 0 5 5 0 5 0 5 5 0 5 5 0 5 5 0 5 0 0 5 5 0 5 5 5 0 5 5 5 5 5 5 5 5 5 10 5 5 5 5 10 5 5 10 5 10 5 5 16 5 5 16 5 10 10 5 16 5 16 5 10 16 5 10 16 10 16 5 10 10 10 5 10 5 10 5 5 10 5 5 10 5 10 10 5 10 10 10 5 10 10 5 10 5 5 0 5 0 5 5 0 5 5 5 5 0 10 0 5 5 5 10 0 5 5 0 5 5 0 5 5 5 5 5 0 10 0 10 5 5 5 5 10 5 5 10 5 5 10 5 10 5 5 10 5 10 10 5 16 5 10 10 10 10 5 5 5 5 5 10 5 5 5 5 10 5 5 10 5 10 5 5 16 5 5 10 10 10 5 5 5 5 0 10 5 5 5 5 5 0 5 5 0 5 5 5 5 5 0 5 5 5 0 5 5 0 5 5 0 10 0 5 5 5 5 5 5 5 5 5 10 5 10 5 5 10 5 5 10 5 10 5 5 16 5 5 16 5 10 5 5 10 5 0 10 5 5 5 5 5 5 5 5 0 10 0 5 5 5 0 10 5 5 5 5 5 5 10 5 5 10 5 0 10 0 5 5 5 5 5 0 10 5 5 5 5 5 5 5 0 5 5 5 0 5 0 10 0 0 5 5 0 5 0 10 0 5 5 0 5 5 5 10 0 5 10 0 10 5 5 10 5 5 10 5 10 5 5 10 5 5 16 5 10 10 5 16 5 5 16 5 16 5 5 5 5 5 10 5 5 5 5 10 5 10 5 5 16 5 5 5 0 5 0 5 0 5 0 5 5 5 0 5 5 5 0 5 5 0 5 0 5 5 0 5 5 5 5 0 10 0 10 0 5 10 0 5 10 5 10 0 5 5 0 5 5 5 5 5 0 10 0 5 5 0 5 5 0 5 5 5 0 5 5 5 0 10 0 10 5 0 5 5 5 5 0 5 0 5 0 5 0 0 5 0 5 0 0 5 5 0 0 5 5 0 5 5 5 0 5 5 5 5 5 5 5 5 5 10 5 5 5 5 10 5 5 5 0 5 5 5 5 0 5 5 0 5 0 5 5 0 5 5 5 5 0 5 5 5 10 0 5 10 5 0 10 5 10 5 5 10 5 5 10 5 16 5 5 10 10 10 5 10 10 10 5 16 5 10 10 5 5 5 5 5 5 10 5 0 5 5 0 5 5 5 5 5 0 5 5 5 0 5 0 5 0 5 0 5 0 5 0 5 5 0 5 5 0 5 5 5 5 5 5 5 0 10 5 5 5 5 10 5 5 10 5 10 5 5 10 5 10 10 5 16 5 5 10 5 0 10 0 5 5 0 5 0 5 5 5 0 5 5 5 5 5 5 5 5 5 5 10 5 5 5 5 5 10 5 5 10 10 10 5 5 16 5 5 16 5 10 0 5 10 0 5 5 5 5 0 5 5 0 5 5 5 5 5 0 5 5 0 5 0 5 5 0 5 5 5 5 0 10 5 0 | shim fwd=88269 writeErr=0 drop=0 | chrome_cpu=2.66s (0.03 cores) go_cpu=5.56s
mode=raw conns=1 sharing=shared rtt=71ms jitter=0ms bw=30000000 loss=0.001 queue=5000000 rtomax=0ms sent=67108864 received=67108864 throughput=5.91 Mbps wall=5.91 Mbps chrome_cores=0.03 go_cpu=5.56s
START e6-loss0.001-rtt71-ck256KiB-r3 2026-09-18T18:22:07Z --mode raw --size 64MiB --backpressure poll --bandwidth 30MB --queue 5MB --deadline 300 --rtt 71 --loss 0.001 --chunk 256KiB
OK e6-loss0.001-rtt71-ck256KiB-r3 2026-09-18T18:23:48Z
trace raw conns=1 rtt=71 loss=0.001 mbps/100ms: 0 0 0 0 0 0 0 0 0 0 0 0 21 0 42 21 21 21 0 21 0 21 21 0 21 21 0 21 21 21 0 0 21 0 0 0 21 0 0 0 21 0 0 21 0 0 0 21 0 0 21 0 0 21 0 21 0 0 21 0 21 0 21 0 21 0 0 21 0 0 21 0 0 0 21 0 0 21 0 0 21 0 21 0 0 0 0 21 0 0 0 0 0 0 21 0 0 0 0 21 0 0 0 0 0 0 0 0 0 0 21 0 0 0 0 0 21 0 0 0 0 0 21 0 0 21 0 0 0 21 0 0 21 0 0 21 0 0 21 0 0 21 0 0 21 0 0 0 21 0 0 21 0 0 0 0 0 21 0 0 0 0 21 0 0 0 21 0 0 0 0 0 21 0 0 0 0 21 0 0 0 21 0 0 0 21 0 0 0 0 0 21 0 0 0 0 21 0 0 0 0 21 0 21 0 0 0 0 21 0 0 0 0 21 0 0 0 21 0 0 0 21 0 0 21 0 0 21 0 0 0 21 0 0 0 0 0 21 0 0 0 0 0 21 0 0 0 0 21 0 0 0 0 21 0 0 21 0 0 0 21 0 0 21 0 0 21 0 0 0 21 0 0 0 0 0 0 21 0 0 0 0 21 0 0 0 0 21 0 0 0 0 0 21 0 0 0 0 21 0 0 0 0 0 0 21 0 0 0 0 0 21 0 0 0 21 0 0 0 21 0 0 0 0 0 21 0 0 0 0 0 0 0 21 0 0 0 0 0 0 0 0 21 0 0 0 0 0 0 0 0 21 0 0 0 0 0 0 0 0 21 0 0 0 0 0 21 0 0 0 0 21 0 0 0 21 0 0 0 21 0 0 21 0 0 21 0 0 21 0 21 0 0 21 0 21 0 21 0 21 0 21 0 0 21 0 21 0 0 0 21 0 0 0 0 0 21 0 0 0 21 0 0 0 21 0 0 0 0 0 21 0 0 0 0 21 0 0 0 21 0 0 0 21 0 0 21 0 0 0 0 21 0 0 0 0 21 0 0 21 0 0 0 0 21 0 0 0 0 0 21 0 0 0 0 0 21 0 0 0 0 0 0 21 0 0 0 0 0 0 0 21 0 0 0 0 0 0 0 0 0 21 0 0 0 0 0 0 21 0 0 0 0 0 21 0 0 0 21 0 0 0 21 0 0 21 0 0 21 0 0 21 0 0 21 0 21 0 0 0 0 21 0 0 0 21 0 0 21 0 0 21 0 0 21 0 0 21 0 0 21 0 21 0 0 21 0 21 0 21 0 21 0 0 21 0 0 0 0 21 0 0 0 0 21 0 0 0 21 0 0 0 21 0 0 0 21 0 0 21 0 0 21 0 21 0 0 21 0 21 0 0 21 0 21 0 21 0 0 21 0 0 21 0 0 0 21 0 0 0 0 0 21 0 0 0 21 0 0 0 21 0 0 21 0 0 21 0 0 0 21 0 0 0 0 0 0 21 0 0 0 0 0 21 0 0 0 21 0 0 0 0 21 0 0 21 0 0 21 0 0 21 0 0 21 0 0 21 0 21 0 0 21 0 21 0 21 0 21 0 21 0 21 0 0 0 21 0 0 21 0 0 21 0 0 21 0 21 0 0 21 0 0 21 0 0 21 0 0 0 21 0 0 21 0 0 21 0 0 21 0 0 21 0 21 0 0 21 0 21 0 0 21 0 0 21 0 0 0 0 21 0 0 0 0 21 0 0 0 0 21 0 0 0 0 0 21 0 0 0 0 21 0 0 0 0 21 0 0 21 0 0 0 21 0 0 21 0 0 21 0 0 21 0 21 0 0 0 21 0 0 0 21 0 0 21 0 0 0 21 0 0 0 21 0 0 0 0 21 0 0 0 0 0 21 0 0 0 0 0 0 21 0 0 0 0 0 0 21 0 0 0 0 21 0 0 0 21 0 0 0 21 0 0 0 21 0 0 21 0 21 0 0 21 0 0 0 0 21 0 0 0 21 0 0 0 21 0 0 21 0 0 21 0 0 0 0 21 0 0 0 21 0 0 0 21 0 0 21 0 0 0 0 21 0 0 0 0 21 0 0 0 0 21 0 0 0 0 0 21 0 0 0 0 21 0 0 0 0 0 21 0 0 0 0 21 0 0 0 0 21 0 0 0 0 0 21 0 0 0 0 21 0 0 0 0 21 0 0 0 0 0 21 0 0 0 0 21 0 0 0 0 21 0 0 21 0 0 0 21 0 0 21 0 0 21 0 0 21 0 21 | shim fwd=87660 writeErr=0 drop=0 | chrome_cpu=2.68s (0.03 cores) go_cpu=5.63s
mode=raw conns=1 sharing=shared rtt=71ms jitter=0ms bw=30000000 loss=0.001 queue=5000000 rtomax=0ms sent=67108864 received=67108864 throughput=5.44 Mbps wall=5.43 Mbps chrome_cores=0.03 go_cpu=5.63s
PHASE loss71 done 2026-09-18T18:23:48Z
START e6-loss0.001-rtt100-ck16KiB-r1 2026-09-18T18:23:53Z --mode raw --size 64MiB --backpressure poll --bandwidth 30MB --queue 5MB --deadline 300 --rtt 100 --loss 0.001 --chunk 16KiB
OK e6-loss0.001-rtt100-ck16KiB-r1 2026-09-18T18:26:16Z
trace raw conns=1 rtt=100 loss=0.001 mbps/100ms: 0 0 0 0 0 0 0 0 0 0 0 0 1 1 3 8 13 26 17 0 75 50 18 18 13 17 9 9 9 9 1 13 5 5 5 5 5 5 5 5 5 7 5 3 7 3 4 3 4 4 3 4 4 4 0 4 5 1 1 3 3 3 0 4 1 1 1 3 1 3 1 3 1 3 3 3 3 3 3 3 3 3 4 3 4 3 4 3 4 4 4 3 3 3 1 3 3 3 1 4 3 3 3 3 4 3 4 3 4 4 4 4 3 4 3 3 1 1 3 1 3 1 3 3 3 4 3 3 4 3 4 3 4 4 1 4 1 3 3 1 3 3 3 3 3 3 3 4 3 3 3 3 1 3 1 3 3 1 3 3 3 3 3 3 3 3 4 3 3 4 4 0 5 1 1 3 3 3 1 1 1 3 3 3 3 4 3 3 3 4 3 4 4 4 1 4 1 3 3 3 1 3 3 4 3 3 3 4 3 4 3 4 3 4 4 4 4 4 4 4 4 5 4 5 4 3 3 3 3 3 3 3 3 4 3 4 3 4 4 4 4 3 5 4 1 4 4 3 5 4 5 4 5 5 5 4 5 5 5 5 7 5 5 5 7 5 7 7 7 5 7 5 5 3 4 3 4 4 4 4 4 4 5 4 4 5 4 5 3 4 3 3 1 3 3 1 1 3 1 3 1 3 3 1 3 3 3 3 3 3 0 5 1 4 3 3 4 4 3 4 4 4 4 4 4 5 4 4 5 4 5 4 1 7 3 3 3 3 3 4 3 4 3 4 3 4 4 4 4 4 4 0 7 1 3 0 4 1 1 1 1 3 1 3 1 1 3 3 0 3 1 3 3 3 3 4 3 3 3 4 3 4 4 4 3 4 4 4 4 4 4 5 4 5 4 5 4 5 5 5 5 5 5 5 5 7 5 4 4 0 7 1 1 3 1 3 1 3 3 3 3 3 3 0 4 3 1 3 4 3 3 4 4 3 4 4 4 4 4 4 4 4 5 4 5 4 5 5 5 5 5 5 5 5 5 3 7 3 3 3 4 3 4 4 4 3 4 4 4 4 5 4 4 5 4 5 5 4 5 5 5 5 5 5 5 5 1 5 5 7 5 7 5 7 7 7 7 7 7 7 7 7 4 4 4 4 4 4 4 4 4 5 4 4 4 4 1 3 3 3 3 4 3 3 4 3 4 3 4 4 4 4 4 4 4 4 5 4 5 4 0 7 3 3 3 3 4 3 0 3 3 4 3 4 4 4 4 3 5 4 4 3 4 1 3 3 3 3 3 3 3 3 3 4 3 4 3 4 4 4 4 4 4 4 4 4 4 5 4 5 4 5 4 5 5 5 4 0 7 3 3 3 3 4 0 4 3 1 1 1 1 3 1 3 3 3 3 1 4 3 3 3 3 4 3 4 3 4 4 4 4 4 4 4 4 5 4 5 4 5 4 5 5 5 5 5 5 5 5 5 7 5 3 7 3 3 4 4 3 4 4 4 3 4 4 5 4 4 4 5 1 4 0 5 3 3 3 3 3 4 3 3 4 3 4 4 3 4 4 4 4 4 4 4 4 5 4 4 5 5 4 5 5 5 5 5 4 3 3 3 3 4 3 4 3 4 4 4 3 4 4 5 4 4 4 5 4 5 5 4 0 7 0 3 1 1 1 3 1 1 3 1 3 1 1 1 1 1 1 1 1 0 1 1 1 1 1 1 1 1 1 3 1 3 1 3 3 3 1 3 3 4 3 3 3 4 3 4 3 4 4 3 4 4 4 4 4 4 4 3 1 3 3 3 3 1 1 3 4 3 3 4 3 4 4 3 3 1 3 3 1 3 3 3 3 3 3 3 3 4 3 1 4 1 1 3 1 3 1 3 3 3 3 3 1 3 1 1 1 3 1 3 1 3 1 3 3 3 3 3 3 3 3 3 4 3 4 3 4 4 3 4 4 4 1 3 4 4 1 3 1 3 3 3 3 4 3 3 4 3 4 3 4 4 3 4 4 4 4 1 3 0 3 1 1 1 3 1 1 3 1 1 3 3 1 3 3 3 3 3 3 1 1 1 3 1 3 1 3 1 0 4 1 1 1 1 1 3 1 1 1 3 1 3 3 1 3 3 3 3 4 3 3 4 3 4 3 4 4 3 4 4 4 4 5 4 4 5 4 5 4 5 4 5 5 5 5 5 5 5 7 5 5 7 7 5 7 7 7 7 7 7 7 7 8 7 1 9 4 4 4 4 0 4 4 4 5 4 1 5 3 3 3 3 3 4 3 3 4 3 4 4 3 4 3 3 3 1 3 3 3 1 3 3 3 3 4 1 3 1 1 3 1 3 1 3 3 3 1 3 3 4 3 3 3 4 3 4 3 4 4 3 4 4 4 4 4 1 0 5 3 3 1 3 3 4 3 3 3 4 3 4 3 4 4 3 4 4 4 4 4 4 5 4 4 5 4 5 5 5 4 5 5 7 4 4 3 3 4 3 3 4 4 3 4 4 4 4 4 4 4 4 5 4 4 5 5 4 5 5 5 5 0 5 5 5 5 7 5 5 7 5 7 5 7 7 7 7 7 7 8 7 7 8 7 5 7 4 4 4 4 4 4 4 5 4 5 4 5 5 5 5 5 5 5 5 5 5 7 5 7 5 7 7 7 5 7 7 8 7 0 7 8 7 7 8 7 8 8 7 8 8 8 8 9 8 8 9 8 9 8 9 9 8 9 9 9 9 10 9 9 10 9 10 9 10 10 9 10 10 10 10 12 10 8 3 8 3 4 3 4 3 4 3 4 4 4 4 4 4 4 3 3 5 4 4 4 5 4 5 3 3 3 3 3 0 4 3 1 1 3 1 3 3 1 3 3 3 3 3 0 4 3 1 1 3 1 3 1 3 1 3 3 3 3 3 3 3 3 4 3 4 3 4 4 4 4 4 4 4 4 4 4 5 1 3 7 3 5 4 5 5 5 5 5 5 5 5 7 1 7 4 3 3 4 4 3 4 4 4 4 4 4 4 4 4 5 4 5 4 5 4 5 5 5 5 5 5 5 7 5 1 0 0 8 1 3 1 1 3 3 1 3 3 3 3 3 3 3 3 4 3 3 1 3 1 1 3 1 3 3 1 3 3 3 3 4 3 3 3 4 3 4 4 3 4 4 4 4 4 4 4 1 3 5 4 5 4 5 4 5 5 5 5 5 5 5 5 7 5 7 0 8 4 3 4 3 4 4 3 | shim fwd=88051 writeErr=0 drop=0 | chrome_cpu=3.05s (0.02 cores) go_cpu=6.69s
mode=raw conns=1 sharing=shared rtt=100ms jitter=0ms bw=30000000 loss=0.001 queue=5000000 rtomax=0ms sent=67108864 received=67108864 throughput=3.79 Mbps wall=3.79 Mbps chrome_cores=0.02 go_cpu=6.69s
START e6-loss0.001-rtt100-ck64KiB-r1 2026-09-18T18:26:17Z --mode raw --size 64MiB --backpressure poll --bandwidth 30MB --queue 5MB --deadline 300 --rtt 100 --loss 0.001 --chunk 64KiB
OK e6-loss0.001-rtt100-ck64KiB-r1 2026-09-18T18:28:34Z
trace raw conns=1 rtt=100 loss=0.001 mbps/100ms: 0 0 0 0 0 0 0 0 0 0 0 0 0 0 5 5 10 21 10 10 16 10 10 16 10 10 16 10 5 16 5 5 5 10 5 5 10 5 5 10 5 5 10 5 10 5 10 0 10 5 5 0 5 5 5 5 5 5 5 0 5 5 5 5 5 5 5 5 5 5 5 5 5 0 5 5 0 5 5 5 0 5 5 5 5 0 5 5 5 5 5 5 5 5 5 5 5 5 5 5 5 5 5 5 5 5 0 5 5 0 5 5 0 5 0 0 5 0 5 0 5 0 5 0 5 5 0 0 5 0 5 5 0 5 5 5 0 5 5 5 5 0 5 5 5 5 5 0 5 5 0 5 0 5 0 5 5 0 5 5 0 5 5 5 0 5 5 5 5 5 0 5 5 5 5 5 5 5 5 5 5 5 5 10 5 0 5 5 5 0 5 5 0 0 5 10 0 0 5 5 5 5 5 0 5 5 5 5 5 5 5 5 5 5 5 0 10 5 0 5 0 5 5 0 5 5 5 0 5 5 5 5 0 5 5 5 5 5 5 5 5 5 5 0 5 5 0 0 5 0 0 5 0 0 0 5 0 5 0 5 0 5 0 5 0 5 5 0 5 5 0 5 5 5 0 5 5 5 5 5 0 5 5 5 5 5 5 5 5 5 5 5 5 5 5 10 5 0 5 5 5 0 5 5 0 5 5 5 0 5 5 5 5 0 5 5 0 5 5 5 5 5 5 5 5 5 5 5 5 10 5 5 5 5 10 5 5 5 10 5 5 10 5 5 10 5 10 5 5 5 5 5 5 0 5 0 5 0 5 0 5 0 5 0 5 0 5 0 5 0 5 5 0 5 5 5 0 5 5 5 5 0 5 5 5 5 5 0 5 5 0 5 5 0 5 0 5 5 0 5 5 0 5 5 5 0 5 5 5 5 5 5 5 0 5 5 5 5 5 5 10 5 5 5 5 5 5 0 5 10 5 5 5 5 5 0 5 5 0 5 5 5 5 0 5 5 5 5 5 5 5 5 5 5 5 5 5 5 5 0 5 5 5 0 5 0 5 5 0 5 5 5 0 5 5 5 5 0 5 5 5 5 5 5 5 0 0 10 0 0 5 0 5 0 0 5 0 5 0 0 5 0 5 0 5 0 5 5 0 5 0 5 5 0 5 5 0 5 5 5 0 5 5 5 5 5 5 5 5 5 5 5 5 5 5 5 5 5 5 5 5 0 10 5 0 0 5 5 0 5 5 5 0 5 5 5 5 0 5 5 5 5 5 5 5 5 5 5 5 5 5 5 5 5 5 0 5 5 0 5 5 0 5 0 5 0 5 0 5 0 5 0 5 0 5 0 5 5 0 5 5 0 0 5 5 5 0 5 5 5 0 0 10 0 5 0 5 0 5 0 5 0 5 0 0 5 0 0 0 0 5 0 0 5 0 0 5 0 0 5 0 5 0 5 0 5 0 5 0 5 0 5 5 0 5 5 0 5 5 5 0 5 5 5 0 5 0 5 5 5 5 5 5 5 5 5 5 5 5 5 5 10 5 5 5 5 0 10 5 0 5 5 0 0 5 0 0 5 0 0 0 5 0 0 5 0 5 0 0 5 0 5 0 5 0 5 0 0 5 5 0 5 5 0 5 5 0 5 5 5 5 0 5 5 5 5 5 0 5 5 0 5 0 5 0 5 0 5 5 0 5 0 5 0 0 5 0 5 0 5 0 5 0 5 0 5 0 5 5 0 5 5 0 0 5 0 0 5 0 5 0 5 0 5 0 5 0 5 0 5 5 0 5 5 0 5 5 5 0 5 0 5 0 5 0 5 0 5 0 5 0 5 5 0 5 5 0 5 5 0 5 5 5 5 0 5 5 5 5 5 5 5 0 5 5 5 5 5 5 5 5 5 5 5 5 5 5 5 0 5 5 0 5 5 5 0 5 5 5 5 0 5 5 5 5 5 5 5 5 5 5 5 5 0 5 5 5 0 5 5 0 5 0 5 0 5 0 0 5 0 0 5 0 5 0 5 0 5 5 0 5 5 0 5 5 0 5 5 5 0 5 5 5 5 0 5 0 5 0 5 5 0 5 0 5 5 0 5 0 5 0 5 0 0 5 0 5 0 5 0 5 5 0 5 0 5 5 0 5 0 5 5 0 5 5 5 0 5 5 5 0 5 5 0 5 0 5 0 5 5 0 5 0 5 5 0 5 5 0 5 0 5 0 5 0 5 0 5 0 5 0 5 0 5 0 0 5 0 5 0 0 5 0 5 0 5 0 5 5 0 0 5 0 5 5 0 5 5 0 5 5 5 0 0 5 5 0 5 0 5 0 5 0 5 0 5 5 0 5 0 5 0 5 5 0 0 5 0 5 0 5 0 5 0 5 5 0 5 0 5 5 0 5 5 5 0 0 5 5 5 5 5 0 5 5 0 10 0 5 0 5 0 5 0 5 5 0 5 5 0 5 5 5 0 5 5 5 5 0 5 5 5 5 5 5 5 5 5 5 5 5 5 5 10 5 5 5 5 5 5 0 0 5 5 0 5 5 0 5 5 5 5 0 5 5 5 5 5 5 5 5 5 5 5 5 5 5 5 5 10 5 5 5 5 10 5 5 5 10 5 5 10 5 5 10 5 10 5 10 0 10 5 0 5 5 5 0 5 5 0 5 5 5 5 5 5 5 5 5 5 10 5 5 5 0 5 5 0 5 5 0 5 5 0 5 5 5 5 0 5 5 5 5 5 5 5 5 5 5 0 5 5 0 5 0 5 5 0 5 5 0 5 5 5 0 0 5 5 5 5 0 5 5 5 5 0 5 5 0 5 5 0 5 0 5 0 5 0 5 0 0 5 0 5 0 5 0 5 0 5 0 5 0 5 0 0 5 0 0 5 0 5 0 5 0 0 5 0 5 0 5 5 0 5 5 0 5 5 0 5 5 5 0 5 5 5 5 5 5 0 5 5 5 5 5 5 5 10 5 5 5 5 5 5 10 0 5 5 0 5 0 5 5 0 5 5 5 5 0 5 5 5 5 5 5 5 5 5 5 5 5 5 5 5 5 5 5 5 5 10 5 5 | shim fwd=87575 writeErr=0 drop=0 | chrome_cpu=3.04s (0.02 cores) go_cpu=6.52s
mode=raw conns=1 sharing=shared rtt=100ms jitter=0ms bw=30000000 loss=0.001 queue=5000000 rtomax=0ms sent=67108864 received=67108864 throughput=3.98 Mbps wall=3.98 Mbps chrome_cores=0.02 go_cpu=6.52s
START e6-loss0.001-rtt100-ck256KiB-r1 2026-09-18T18:28:34Z --mode raw --size 64MiB --backpressure poll --bandwidth 30MB --queue 5MB --deadline 300 --rtt 100 --loss 0.001 --chunk 256KiB
OK e6-loss0.001-rtt100-ck256KiB-r1 2026-09-18T18:30:47Z
trace raw conns=1 rtt=100 loss=0.001 mbps/100ms: 0 0 0 0 0 0 0 0 0 0 0 0 0 0 0 0 21 21 42 21 21 21 21 42 21 21 21 21 21 21 21 21 0 21 0 0 21 21 0 0 21 0 0 0 21 0 0 0 0 0 21 0 0 0 0 21 0 0 0 21 0 0 0 21 0 0 21 0 0 0 21 0 0 0 0 0 21 0 0 0 0 0 21 0 0 0 21 0 0 0 0 21 0 0 0 0 0 0 0 21 0 0 0 0 0 0 21 0 0 0 0 21 0 0 0 21 0 0 0 0 21 0 0 0 21 0 0 21 0 0 0 0 0 21 0 0 0 0 0 21 0 0 0 0 0 0 21 0 0 0 0 0 0 21 0 0 0 0 0 0 21 0 0 0 0 0 0 0 21 0 0 0 0 0 0 0 21 0 0 0 0 0 21 0 0 0 0 21 0 0 0 0 21 0 0 0 0 21 0 0 0 0 0 0 21 0 0 0 0 0 0 21 0 0 0 0 0 0 0 0 21 0 0 0 0 0 0 21 0 0 0 0 0 21 0 0 0 0 0 0 0 21 0 0 0 0 0 0 21 0 0 0 0 0 21 0 0 0 0 21 0 0 0 0 21 0 0 0 21 0 0 0 0 21 0 0 0 0 0 21 0 0 0 0 0 0 21 0 0 0 0 0 0 0 21 0 0 0 0 0 0 21 0 0 0 0 0 21 0 0 0 0 21 0 0 0 0 0 0 0 21 0 0 0 0 0 0 21 0 0 0 0 21 0 0 0 0 0 21 0 0 0 0 21 0 0 0 21 0 0 0 0 0 21 0 0 0 0 0 0 0 0 0 21 0 0 0 0 0 0 21 0 0 0 0 0 0 0 0 21 0 0 0 0 0 0 0 0 21 0 0 0 0 0 0 0 0 0 0 0 0 0 0 21 0 0 0 0 0 0 0 0 0 0 21 0 0 0 0 0 0 0 0 0 0 21 0 0 0 0 0 0 0 21 0 0 0 0 0 21 0 0 0 0 21 0 0 0 0 21 0 0 0 0 21 0 0 0 21 0 0 0 0 21 0 0 21 0 0 21 0 0 0 21 0 0 21 0 0 21 0 0 21 0 21 0 0 21 0 0 21 0 0 0 21 0 0 0 21 0 0 0 21 0 0 0 21 0 0 0 21 0 0 0 0 21 0 0 0 0 0 0 21 0 0 0 0 21 0 0 0 21 0 0 0 0 21 0 0 21 0 0 0 21 0 0 0 21 0 0 21 0 0 21 0 0 21 0 0 21 0 0 21 0 21 0 0 21 0 0 0 21 0 0 0 0 0 0 0 0 21 0 0 0 0 0 0 21 0 0 0 0 21 0 0 0 0 21 0 0 0 0 21 0 0 0 21 0 0 0 21 0 0 0 21 0 0 21 0 0 0 21 0 0 0 0 21 0 0 0 0 21 0 0 0 0 0 21 0 0 0 21 0 0 0 21 0 0 0 21 0 0 0 21 0 0 0 0 0 21 0 0 0 0 21 0 0 0 0 21 0 0 0 21 0 0 0 21 0 0 0 0 21 0 0 0 0 21 0 0 0 0 0 0 21 0 0 0 0 21 0 0 0 21 0 0 0 0 21 0 0 0 21 0 0 0 0 21 0 0 0 0 0 21 0 0 0 0 21 0 0 0 0 21 0 0 0 21 0 0 0 0 21 0 0 0 0 0 0 21 0 0 0 0 21 0 0 0 0 21 0 0 0 0 21 0 0 0 21 0 0 0 21 0 0 0 21 0 0 21 0 0 0 21 0 0 21 0 0 0 21 0 0 0 21 0 0 0 0 21 0 0 0 21 0 0 0 0 0 21 0 0 0 0 0 0 21 0 0 0 0 0 21 0 0 0 0 21 0 0 0 0 0 21 0 0 0 0 0 0 21 0 0 0 0 0 0 21 0 0 0 0 0 0 0 0 21 0 0 0 0 0 0 0 0 0 0 21 0 0 0 0 0 0 0 21 0 0 0 0 0 0 0 0 0 21 0 0 0 0 0 0 0 21 0 0 0 0 0 0 21 0 0 0 0 0 0 0 0 21 0 0 0 0 0 0 0 0 21 0 0 0 0 0 0 0 0 0 21 0 0 0 0 0 0 0 0 21 0 0 0 0 0 0 0 0 0 0 0 0 0 21 0 0 0 0 0 0 0 21 0 0 0 0 0 0 21 0 0 0 0 21 0 0 0 0 21 0 0 0 0 0 21 0 0 0 21 0 0 0 21 0 0 21 0 0 0 21 0 0 0 0 0 21 0 0 0 0 0 0 0 21 0 0 0 0 0 0 21 0 0 0 0 0 21 0 0 0 0 0 0 0 21 0 0 0 0 0 0 0 0 0 21 0 0 0 0 0 0 0 0 0 0 0 0 0 21 0 0 0 0 0 0 0 0 0 21 0 0 0 0 0 0 21 0 0 0 0 21 0 0 0 0 0 21 0 0 0 0 0 0 0 21 0 0 0 0 0 0 21 0 0 0 0 0 21 0 0 0 0 21 0 0 0 0 21 0 0 0 21 0 0 21 0 0 0 21 0 0 21 0 0 0 21 0 0 21 0 0 21 0 21 0 0 21 0 0 21 0 0 21 0 0 21 0 0 21 0 21 0 21 0 0 21 0 21 0 21 0 21 0 0 21 0 0 0 0 21 0 0 0 0 0 0 21 0 0 0 0 21 0 0 0 0 21 0 0 0 0 21 0 0 0 0 0 0 21 0 0 0 0 0 0 21 0 0 0 0 21 0 0 0 0 21 0 0 0 0 0 0 0 21 0 0 0 0 0 21 0 0 0 0 21 0 0 0 0 0 0 0 0 0 21 0 0 0 0 0 0 0 0 0 0 21 0 0 0 0 0 0 21 0 0 0 0 0 21 0 0 0 0 21 0 0 0 0 0 21 0 0 0 0 0 0 0 0 21 0 0 0 0 0 21 0 0 0 0 21 0 0 0 0 21 0 0 0 21 0 0 0 21 | shim fwd=87692 writeErr=0 drop=0 | chrome_cpu=3.06s (0.02 cores) go_cpu=6.40s
mode=raw conns=1 sharing=shared rtt=100ms jitter=0ms bw=30000000 loss=0.001 queue=5000000 rtomax=0ms sent=67108864 received=67108864 throughput=4.12 Mbps wall=4.11 Mbps chrome_cores=0.02 go_cpu=6.40s
START e6-loss0.001-rtt100-ck16KiB-r2 2026-09-18T18:30:47Z --mode raw --size 64MiB --backpressure poll --bandwidth 30MB --queue 5MB --deadline 300 --rtt 100 --loss 0.001 --chunk 16KiB
OK e6-loss0.001-rtt100-ck16KiB-r2 2026-09-18T18:33:15Z
trace raw conns=1 rtt=100 loss=0.001 mbps/100ms: 0 0 0 0 0 0 0 0 0 0 0 0 0 1 3 4 8 13 30 12 80 35 18 17 13 18 9 3 12 4 5 5 5 5 5 5 5 5 3 7 3 3 4 3 4 3 4 3 4 4 4 4 4 4 4 0 7 3 3 3 3 3 3 3 3 3 4 3 4 3 4 4 4 4 4 4 4 4 3 4 3 5 4 4 5 1 3 3 3 3 3 4 3 3 4 3 4 4 3 4 4 4 4 5 4 4 3 1 3 3 3 3 3 3 3 3 4 3 3 4 4 3 4 4 4 4 4 4 4 4 4 5 4 5 0 4 5 5 5 5 5 5 5 5 5 5 7 5 7 5 7 7 7 7 7 7 7 7 7 7 8 7 0 12 3 4 4 4 5 4 4 5 4 5 4 5 5 4 5 5 5 5 7 3 5 3 3 4 3 4 3 4 0 3 4 4 4 4 4 4 4 4 5 4 5 4 5 4 5 5 5 5 5 5 7 5 5 5 7 5 7 7 7 5 7 7 7 7 8 7 7 7 8 7 8 8 8 7 8 8 8 8 9 8 8 8 7 7 1 5 3 5 4 5 4 5 5 5 5 5 5 5 5 7 5 7 4 5 3 4 3 4 3 4 4 4 4 4 4 4 4 5 4 5 4 5 4 5 5 5 5 5 5 5 5 4 5 3 4 3 3 4 3 1 3 4 3 1 5 1 3 1 3 3 3 3 3 3 3 3 4 3 3 4 3 4 4 3 4 4 4 4 4 4 5 4 5 4 5 4 5 5 5 5 5 5 5 5 7 5 5 7 5 7 7 5 7 7 7 0 7 7 7 8 7 7 8 7 1 10 4 4 0 5 3 3 1 3 3 3 3 4 3 3 3 4 3 4 4 4 3 4 4 4 4 4 5 4 4 4 5 4 5 5 5 4 5 5 5 5 7 5 5 3 7 3 3 3 1 3 3 4 4 3 4 4 4 4 4 4 5 4 4 5 4 5 5 4 1 5 3 1 1 1 3 1 1 3 1 3 3 1 3 3 3 3 3 3 3 4 1 3 1 3 1 3 1 3 1 3 3 3 3 3 3 0 4 3 3 3 4 3 4 3 4 4 3 4 4 4 4 5 4 0 7 3 1 3 3 3 4 3 3 3 4 3 4 4 4 3 4 4 4 4 5 4 4 3 4 3 3 3 3 3 3 3 4 3 3 4 4 3 4 0 4 3 4 4 4 4 4 5 4 4 5 4 5 5 4 5 5 5 5 5 7 5 5 7 5 7 7 5 7 7 7 7 7 7 8 7 7 7 8 7 7 4 3 4 4 4 5 4 4 5 4 5 4 5 5 0 5 5 5 3 5 3 3 4 3 3 4 3 3 1 3 1 3 1 3 3 1 3 3 3 3 4 3 3 3 4 3 4 4 3 4 4 4 4 4 4 5 4 4 5 4 5 5 4 5 5 5 5 5 5 5 0 9 3 3 4 0 3 4 3 4 4 4 4 4 4 4 4 5 4 4 5 5 4 5 5 5 5 5 5 5 5 7 1 7 3 4 3 4 3 4 0 5 3 1 3 1 3 3 3 3 3 3 3 3 4 3 3 4 4 3 4 4 1 3 4 4 4 4 4 5 4 4 5 5 0 0 9 3 3 3 3 3 4 3 3 4 4 3 4 4 4 4 4 4 4 4 5 4 4 5 3 4 3 3 3 3 4 3 3 4 3 4 3 4 4 3 1 3 4 4 4 5 4 4 5 4 5 4 5 5 4 5 5 5 5 7 5 1 7 4 3 3 4 3 4 4 4 3 4 4 5 4 4 4 5 4 5 1 5 3 3 3 3 3 3 1 3 1 1 1 3 0 3 1 3 3 3 3 3 3 3 3 4 3 0 4 1 1 0 1 1 1 1 1 1 1 3 1 3 1 3 1 3 3 3 3 3 3 3 3 4 3 3 4 3 4 4 0 5 1 3 1 3 3 1 3 1 1 3 3 4 3 3 4 3 4 4 3 4 4 4 4 4 4 4 4 5 4 4 5 5 4 5 5 5 5 5 5 5 5 7 5 5 7 7 5 7 1 8 4 3 4 4 4 4 3 5 4 4 4 1 3 5 4 5 4 5 5 4 1 7 3 3 3 4 3 4 3 3 3 1 3 1 3 1 3 3 3 3 3 3 3 3 4 3 3 4 3 4 4 4 4 3 5 4 4 4 4 5 4 5 4 5 5 5 5 1 3 7 5 5 5 5 7 5 7 5 7 7 7 5 7 7 7 7 8 7 7 8 7 8 3 8 4 0 5 3 3 1 3 3 3 3 3 3 4 3 3 4 4 3 3 1 3 1 3 3 1 3 3 3 0 3 3 3 4 3 3 4 3 4 4 3 4 4 4 4 4 4 4 4 5 4 5 4 5 4 5 5 5 5 5 5 5 7 5 7 5 7 5 7 5 0 8 3 4 3 4 4 4 4 4 4 4 4 5 1 3 5 4 3 5 3 3 3 3 3 3 4 3 4 3 4 3 4 1 4 3 1 3 3 3 3 0 3 1 1 3 1 1 1 1 1 1 1 1 1 1 0 3 0 1 1 0 1 1 1 1 1 3 1 1 1 3 1 0 3 3 3 3 1 1 1 3 1 1 1 3 1 0 3 1 1 1 1 3 1 1 1 3 1 3 1 3 3 3 3 1 4 3 3 0 4 1 3 1 3 1 0 3 1 1 0 1 1 3 1 1 1 3 1 3 1 3 3 3 3 3 3 3 3 4 3 4 3 4 3 4 1 4 3 3 1 0 4 1 1 1 1 1 3 0 1 3 1 0 3 1 1 1 1 1 3 1 1 3 1 3 3 1 3 3 3 3 3 3 4 3 3 4 3 4 3 4 4 3 4 4 4 4 3 1 3 1 1 3 3 3 3 3 3 3 4 3 4 3 4 4 4 3 4 4 5 3 3 3 1 3 3 3 3 3 3 3 3 4 3 4 3 4 4 3 0 4 4 4 4 4 5 4 4 5 4 5 4 5 5 4 5 5 5 3 3 3 3 4 3 3 4 4 3 4 0 1 4 3 1 3 1 3 3 3 3 0 4 1 1 1 3 1 3 1 3 3 1 3 3 3 3 3 4 3 3 0 4 3 4 0 4 3 1 3 1 3 3 3 3 1 3 3 4 3 3 3 4 3 4 4 3 4 4 4 0 0 7 1 3 3 1 3 3 3 3 4 3 1 3 1 0 1 1 1 1 1 1 1 1 3 1 3 1 0 3 1 3 3 1 3 3 3 3 4 3 3 4 3 4 3 4 4 3 4 4 4 4 4 5 4 4 1 | shim fwd=88222 writeErr=0 drop=0 | chrome_cpu=3.26s (0.02 cores) go_cpu=6.93s
mode=raw conns=1 sharing=shared rtt=100ms jitter=0ms bw=30000000 loss=0.001 queue=5000000 rtomax=0ms sent=67108864 received=67108864 throughput=3.70 Mbps wall=3.70 Mbps chrome_cores=0.02 go_cpu=6.93s
START e6-loss0.001-rtt100-ck64KiB-r2 2026-09-18T18:33:15Z --mode raw --size 64MiB --backpressure poll --bandwidth 30MB --queue 5MB --deadline 300 --rtt 100 --loss 0.001 --chunk 64KiB
OK e6-loss0.001-rtt100-ck64KiB-r2 2026-09-18T18:35:42Z
trace raw conns=1 rtt=100 loss=0.001 mbps/100ms: 0 0 0 0 0 0 0 0 0 0 0 0 0 0 5 5 16 26 37 37 89 21 21 26 16 21 10 0 16 5 5 5 0 5 5 5 0 5 5 0 5 5 5 0 5 5 5 5 0 0 5 0 0 5 0 0 5 0 0 5 0 5 0 5 0 5 0 5 0 5 0 0 5 5 0 5 0 5 5 0 5 0 5 0 5 0 0 5 0 5 5 0 5 0 5 0 5 5 5 0 5 5 0 5 5 5 5 0 5 5 5 0 5 5 5 5 5 0 5 5 5 0 5 0 5 5 0 5 5 0 5 5 5 0 5 5 5 5 5 0 5 0 5 0 5 0 5 0 5 0 5 0 0 0 5 0 5 0 0 5 0 5 0 5 0 0 0 5 0 5 0 0 5 0 5 0 5 0 5 0 5 5 0 5 0 5 5 5 0 5 5 0 5 5 0 5 5 5 0 5 5 5 5 5 5 5 5 5 5 5 5 5 10 5 5 5 5 10 0 5 5 5 0 5 5 5 0 5 5 5 5 0 0 10 0 5 5 5 5 5 5 5 5 5 5 5 5 5 5 5 10 0 0 5 5 0 5 0 0 5 0 5 0 5 0 5 0 5 0 5 0 0 5 0 0 0 5 0 5 0 0 5 0 5 5 0 5 0 5 5 0 5 5 0 5 5 0 5 5 5 5 0 5 0 0 5 0 5 0 5 5 0 5 0 5 5 0 0 5 5 0 5 5 5 0 5 0 5 0 5 0 0 5 0 0 5 0 0 5 0 0 5 0 5 0 5 0 5 0 5 0 5 0 5 5 0 0 5 5 0 5 5 5 5 0 5 5 5 5 5 5 5 0 5 5 5 5 5 5 10 5 5 5 5 5 5 5 0 10 5 5 0 5 0 0 5 0 0 5 0 0 5 0 5 5 0 5 0 5 5 0 5 5 0 5 5 0 0 10 0 0 5 0 0 5 0 0 0 5 0 0 5 0 5 0 0 5 0 0 5 0 5 0 5 0 5 5 0 5 5 0 5 5 0 5 5 5 5 0 5 5 5 5 0 5 0 5 0 5 0 5 0 5 5 0 5 5 0 5 5 5 0 0 5 5 5 5 0 5 5 0 5 0 5 0 5 0 5 5 0 5 5 0 5 5 0 5 5 5 5 0 5 5 5 5 5 5 5 5 5 5 0 5 5 5 5 5 5 5 0 10 0 5 5 0 5 5 0 5 5 5 0 5 5 5 5 0 5 0 5 0 5 0 5 0 5 5 0 5 0 5 0 5 5 0 5 5 5 0 5 5 5 5 5 5 0 5 5 5 5 5 5 5 5 0 5 0 5 5 0 5 5 0 5 5 0 5 5 0 0 5 0 0 5 0 5 0 5 5 0 5 0 5 5 0 5 5 0 5 5 5 5 0 5 5 5 5 5 5 5 0 5 5 5 5 0 5 5 0 5 0 5 5 0 0 5 5 5 0 5 5 5 5 0 5 5 5 5 5 5 5 5 5 5 5 5 5 5 5 5 5 10 5 5 5 5 10 5 5 5 10 5 5 5 5 5 10 5 10 5 5 10 0 5 5 5 0 0 5 0 5 0 5 0 5 0 5 5 0 5 5 0 5 5 5 0 5 5 5 0 5 5 5 0 5 5 0 0 0 5 0 5 0 0 5 0 0 5 0 0 5 0 5 0 5 0 5 5 0 5 0 5 5 0 5 5 5 0 5 5 5 5 0 5 5 5 0 5 5 5 5 5 5 5 5 5 5 5 5 5 5 5 10 5 5 5 10 5 0 10 0 5 5 0 5 5 5 5 0 5 5 5 5 5 5 5 0 5 10 0 5 5 5 5 5 5 5 5 5 10 5 5 5 10 5 5 5 10 5 5 10 0 5 5 5 0 5 0 5 5 0 5 0 5 0 5 0 5 0 5 0 5 5 0 0 5 5 5 0 5 0 5 5 0 0 5 0 5 0 5 5 0 5 0 5 5 0 5 5 0 5 5 0 5 0 5 0 5 0 5 0 5 0 5 0 5 0 5 5 0 5 5 0 5 5 0 5 5 5 5 0 5 0 5 0 5 0 0 5 0 5 0 0 5 0 5 0 0 5 0 0 0 5 0 0 5 0 0 0 5 0 5 0 5 0 5 0 5 0 5 0 0 5 0 5 0 5 0 0 5 0 5 0 5 0 5 0 5 0 5 0 0 5 0 0 0 5 0 5 0 0 5 0 5 5 0 5 0 5 5 0 5 5 0 5 5 0 5 5 5 0 5 0 5 0 5 0 5 0 5 5 0 5 5 0 5 5 0 0 5 5 0 5 5 5 5 5 0 5 5 5 5 5 5 5 5 5 5 5 5 5 5 10 5 5 5 5 5 10 5 5 10 5 5 10 5 5 10 0 5 10 5 5 10 5 10 10 5 10 5 10 10 5 10 10 5 10 10 5 10 0 5 10 0 5 0 5 0 5 0 5 5 0 5 5 0 0 5 5 5 0 5 5 0 0 5 0 5 0 0 0 5 0 0 5 0 0 5 0 5 0 5 0 5 0 5 0 5 5 0 0 5 0 0 0 0 5 0 0 0 5 0 0 5 0 0 5 0 0 0 5 0 0 5 0 0 5 0 0 5 0 5 0 0 5 0 5 0 5 5 0 5 0 5 5 0 5 5 0 0 5 0 5 0 5 0 5 0 0 5 0 0 0 5 0 0 5 0 5 0 5 0 0 5 0 5 5 0 5 0 5 5 0 5 5 0 5 5 0 5 0 5 5 5 5 5 5 5 0 5 5 5 5 5 5 5 5 0 0 5 0 5 0 0 5 0 0 5 0 5 0 5 0 5 0 5 0 5 5 0 5 0 0 5 5 0 5 5 5 5 0 5 5 0 5 5 0 0 5 0 5 0 0 5 0 0 5 0 5 0 0 5 0 5 0 5 5 0 5 0 5 5 0 0 5 5 0 5 5 5 0 5 5 5 5 5 5 0 5 0 5 0 5 5 0 5 0 5 5 0 5 5 0 5 0 0 5 0 5 0 5 0 5 0 5 0 0 5 5 0 5 0 5 5 0 5 5 5 0 5 5 5 5 5 5 0 5 5 5 5 5 5 5 5 5 5 0 10 5 5 5 5 5 5 5 5 0 5 5 0 5 5 0 0 5 0 5 0 5 0 5 0 5 0 5 0 5 0 5 0 5 5 5 0 5 5 5 0 5 5 5 5 5 5 0 5 5 5 5 5 5 10 5 0 5 0 5 0 5 5 0 5 5 0 5 5 0 5 5 0 5 5 0 0 5 0 5 5 0 5 0 5 0 5 0 | shim fwd=88087 writeErr=0 drop=0 | chrome_cpu=3.24s (0.02 cores) go_cpu=6.91s
mode=raw conns=1 sharing=shared rtt=100ms jitter=0ms bw=30000000 loss=0.001 queue=5000000 rtomax=0ms sent=67108864 received=67108864 throughput=3.70 Mbps wall=3.70 Mbps chrome_cores=0.02 go_cpu=6.91s
START e6-loss0.001-rtt100-ck256KiB-r2 2026-09-18T18:35:43Z --mode raw --size 64MiB --backpressure poll --bandwidth 30MB --queue 5MB --deadline 300 --rtt 100 --loss 0.001 --chunk 256KiB
OK e6-loss0.001-rtt100-ck256KiB-r2 2026-09-18T18:38:05Z
trace raw conns=1 rtt=100 loss=0.001 mbps/100ms: 0 0 0 0 0 0 0 0 0 0 0 0 0 0 0 21 21 0 42 63 0 21 21 0 21 21 0 21 0 21 21 0 0 0 21 0 0 0 0 21 0 0 0 0 21 0 0 0 21 0 0 0 21 0 0 21 0 0 0 21 0 0 21 0 0 0 0 21 0 0 0 0 21 0 0 0 0 0 21 0 0 0 21 0 0 0 21 0 0 0 21 0 0 0 21 0 0 0 21 0 0 0 0 0 21 0 0 0 0 21 0 0 0 0 21 0 0 0 0 0 0 0 0 0 0 0 0 21 0 0 0 0 0 0 0 21 0 0 0 0 0 0 21 0 0 0 0 21 0 0 0 0 21 0 0 0 0 0 21 0 0 0 0 21 0 0 0 0 0 0 21 0 0 0 0 21 0 0 0 0 21 0 0 0 0 21 0 0 0 21 0 0 0 21 0 0 0 21 0 0 0 21 0 0 21 0 0 21 0 0 21 0 0 0 21 0 0 0 0 0 0 21 0 0 0 0 0 0 0 21 0 0 0 0 0 21 0 0 0 0 0 21 0 0 0 0 21 0 0 0 21 0 0 0 21 0 0 0 21 0 0 0 21 0 0 0 21 0 0 0 0 0 21 0 0 0 0 0 0 21 0 0 0 0 0 0 0 21 0 0 0 0 0 21 0 0 0 0 0 21 0 0 0 0 21 0 0 0 21 0 0 0 21 0 0 0 21 0 0 0 0 21 0 0 0 0 0 0 21 0 0 0 0 21 0 0 0 0 0 21 0 0 0 0 0 0 21 0 0 0 0 0 21 0 0 0 0 21 0 0 0 0 21 0 0 0 21 0 0 0 0 0 0 21 0 0 0 0 0 0 0 0 21 0 0 0 0 0 0 0 0 21 0 0 0 0 0 0 0 0 0 0 21 0 0 0 0 0 0 21 0 0 0 0 0 0 21 0 0 0 0 0 0 0 0 21 0 0 0 0 0 0 21 0 0 0 0 0 21 0 0 0 0 21 0 0 0 0 0 0 0 0 21 0 0 0 0 0 0 21 0 0 0 0 0 21 0 0 0 0 21 0 0 0 0 21 0 0 0 0 21 0 0 0 0 0 0 21 0 0 0 0 0 0 21 0 0 0 0 21 0 0 0 21 0 0 0 21 0 0 0 0 0 0 0 0 21 0 0 0 0 0 0 0 0 21 0 0 0 0 0 0 0 21 0 0 0 0 0 21 0 0 0 0 21 0 0 0 0 0 21 0 0 0 0 0 0 21 0 0 0 0 0 21 0 0 0 0 0 0 0 0 0 21 0 0 0 0 0 0 21 0 0 0 0 0 21 0 0 0 0 21 0 0 0 0 21 0 0 0 21 0 0 0 21 0 0 0 21 0 0 21 0 0 0 21 0 0 21 0 0 21 0 0 21 0 0 21 0 0 21 0 0 21 0 0 0 21 0 0 0 0 21 0 0 0 21 0 0 0 0 0 21 0 0 0 0 0 0 0 0 0 0 0 21 0 0 0 0 0 0 21 0 0 0 0 0 0 21 0 0 0 0 0 0 0 0 0 0 0 0 0 21 0 0 0 0 0 0 0 0 0 0 0 0 21 0 0 0 0 0 0 0 21 0 0 0 0 0 0 21 0 0 0 0 21 0 0 0 0 21 0 0 0 0 0 0 0 0 21 0 0 0 0 0 21 0 0 0 0 0 21 0 0 0 0 21 0 0 0 21 0 0 0 21 0 0 0 0 21 0 0 0 0 0 21 0 0 0 0 0 0 0 21 0 0 0 0 0 0 0 21 0 0 0 0 0 0 21 0 0 0 0 0 0 0 21 0 0 0 0 0 0 21 0 0 0 0 0 0 0 21 0 0 0 0 21 0 0 0 0 21 0 0 0 0 0 21 0 0 0 0 0 21 0 0 0 0 0 21 0 0 0 0 0 0 0 0 21 0 0 0 0 0 0 21 0 0 0 0 0 21 0 0 0 0 21 0 0 0 0 21 0 0 0 21 0 0 0 0 0 0 21 0 0 0 0 0 0 0 0 21 0 0 0 0 0 0 0 0 21 0 0 0 0 0 21 0 0 0 0 0 21 0 0 0 0 21 0 0 0 21 0 0 0 0 0 21 0 0 0 0 0 0 0 21 0 0 0 0 0 0 0 0 21 0 0 0 0 0 0 21 0 0 0 0 0 21 0 0 0 0 0 21 0 0 0 0 21 0 0 0 21 0 0 0 21 0 0 0 21 0 0 0 21 0 0 0 0 21 0 0 0 0 0 0 0 0 0 0 0 0 21 0 0 0 0 0 0 0 0 0 0 21 0 0 0 0 0 0 21 0 0 0 0 0 21 0 0 0 0 21 0 0 0 0 21 0 0 0 21 0 0 0 21 0 0 0 0 21 0 0 21 0 0 0 21 0 0 0 21 0 0 0 0 0 21 0 0 0 0 0 0 0 21 0 0 0 0 0 0 21 0 0 0 0 0 0 0 0 0 21 0 0 0 0 0 0 0 21 0 0 0 0 0 21 0 0 0 0 21 0 0 0 0 21 0 0 0 21 0 0 0 0 21 0 0 0 0 0 0 21 0 0 0 0 0 21 0 0 0 0 21 0 0 0 0 21 0 0 0 21 0 0 0 21 0 0 0 21 0 0 21 0 0 21 0 0 0 0 21 0 0 21 0 0 21 0 21 0 0 21 0 0 0 0 21 0 0 0 0 21 0 0 0 21 0 0 0 21 0 0 0 0 21 0 0 0 0 0 0 21 0 0 0 0 21 0 0 0 0 21 0 0 0 0 21 0 0 0 21 0 0 21 0 0 0 21 0 0 21 0 0 21 0 0 21 0 0 21 0 0 0 0 21 0 0 0 21 0 0 0 0 21 0 0 0 0 0 0 21 0 0 0 0 0 0 21 0 0 0 0 0 0 0 0 0 0 0 0 0 21 0 0 0 0 0 0 0 0 0 0 0 0 0 21 0 0 0 0 0 0 0 0 0 21 0 0 0 0 0 21 0 0 0 0 0 21 0 0 0 0 21 0 0 0 0 0 21 0 0 0 21 0 0 0 21 0 0 0 0 0 0 0 0 0 21 0 0 0 0 0 0 0 21 0 0 0 0 0 0 0 21 0 0 0 0 21 0 0 0 0 21 0 0 0 0 0 21 0 0 0 0 0 0 21 0 0 0 0 0 0 0 0 0 0 21 | shim fwd=87943 writeErr=0 drop=0 | chrome_cpu=3.20s (0.02 cores) go_cpu=6.75s
mode=raw conns=1 sharing=shared rtt=100ms jitter=0ms bw=30000000 loss=0.001 queue=5000000 rtomax=0ms sent=67108864 received=67108864 throughput=3.83 Mbps wall=3.83 Mbps chrome_cores=0.02 go_cpu=6.75s
START e6-loss0.001-rtt100-ck16KiB-r3 2026-09-18T18:38:05Z --mode raw --size 64MiB --backpressure poll --bandwidth 30MB --queue 5MB --deadline 300 --rtt 100 --loss 0.001 --chunk 16KiB
OK e6-loss0.001-rtt100-ck16KiB-r3 2026-09-18T18:40:21Z
trace raw conns=1 rtt=100 loss=0.001 mbps/100ms: 0 0 0 0 0 0 0 0 0 0 0 0 1 1 3 8 13 26 55 89 117 100 38 110 50 50 47 1 60 0 17 1 5 7 7 3 0 8 3 1 3 1 1 1 1 1 1 1 3 1 1 3 1 3 3 1 3 3 3 3 3 3 3 3 4 3 3 3 1 1 3 1 3 0 3 3 1 3 3 3 3 3 4 3 3 4 3 4 3 4 4 4 3 5 4 4 4 4 5 4 5 4 5 5 5 5 4 7 5 5 5 5 7 5 7 5 7 1 5 5 0 10 3 4 4 3 4 4 4 4 4 4 5 4 4 5 4 5 5 4 5 5 3 3 3 3 3 4 3 4 3 4 3 4 4 4 4 4 4 4 4 5 4 5 0 4 4 4 1 3 3 4 3 3 4 3 4 4 3 3 4 1 3 1 3 3 3 1 3 3 4 3 3 3 4 3 4 3 4 4 4 3 4 4 4 1 4 4 4 1 5 3 3 3 3 3 3 3 4 3 3 4 4 3 4 4 4 4 4 4 4 4 4 4 5 4 5 1 5 3 3 3 1 1 1 0 1 1 1 1 0 1 1 1 1 1 1 3 1 3 1 3 3 1 3 3 3 3 4 3 3 3 4 3 4 3 4 4 4 4 4 3 4 1 3 3 1 1 1 3 3 3 4 3 3 3 4 1 3 1 3 4 4 3 4 4 4 4 5 4 4 4 5 4 5 5 5 5 5 5 5 5 3 1 7 3 4 3 3 4 4 3 4 4 4 4 4 4 1 5 1 3 3 3 3 3 3 3 0 4 3 3 4 3 4 4 3 4 4 4 4 4 4 5 4 4 5 4 5 5 4 5 5 1 7 3 3 3 4 3 4 3 4 0 3 5 3 0 5 3 1 3 3 1 3 3 3 3 4 3 3 4 3 4 3 4 4 3 4 4 4 4 4 4 5 4 4 5 4 1 7 3 3 3 3 3 4 3 4 3 4 3 4 4 4 3 3 3 1 3 3 1 3 3 3 1 3 3 3 3 4 3 4 3 4 4 3 4 4 4 4 4 5 4 4 5 4 0 7 3 3 3 3 3 4 3 3 4 3 4 4 3 4 4 4 4 4 4 5 4 4 5 4 5 4 5 5 5 5 5 5 5 5 7 5 3 0 5 3 1 1 1 3 1 3 1 3 3 3 3 3 3 3 3 4 3 3 4 3 4 4 3 4 4 4 4 4 4 5 4 4 5 4 5 5 4 5 5 5 5 5 5 7 5 5 7 5 7 7 5 7 7 0 7 7 7 7 8 7 5 4 4 4 4 4 4 4 4 5 4 5 4 5 4 5 5 5 5 5 5 5 5 7 5 7 5 7 3 7 3 4 3 1 3 1 3 1 3 1 3 3 3 3 3 3 3 3 4 3 1 3 3 4 3 4 4 4 4 4 4 4 4 5 4 4 5 5 4 5 5 5 5 5 5 5 5 7 5 5 7 1 8 3 4 3 4 4 3 4 4 4 4 5 4 4 5 4 5 4 5 5 4 5 5 5 5 7 5 5 1 8 3 3 3 3 1 0 3 1 3 1 3 1 3 3 3 3 3 3 3 3 4 3 4 3 4 4 4 3 4 3 4 1 3 3 1 3 0 4 1 3 1 1 3 1 3 1 0 4 1 1 1 1 1 3 1 1 3 1 3 3 1 3 3 3 1 3 1 1 3 1 1 3 1 0 3 1 0 1 1 1 3 1 1 3 1 1 3 3 1 3 3 3 3 0 4 1 1 1 3 1 3 1 3 1 3 3 3 3 3 3 3 3 4 3 3 3 1 3 1 3 1 3 3 1 3 3 3 3 4 3 3 1 4 1 1 1 1 1 3 3 3 1 3 3 3 3 3 3 4 3 3 4 3 4 4 3 4 4 4 4 4 4 5 4 4 5 4 5 5 4 5 5 5 5 5 5 7 5 5 7 0 4 7 1 1 3 1 3 1 3 3 1 3 3 3 3 1 1 0 1 3 1 1 3 1 3 3 1 3 3 3 3 3 3 3 4 3 3 4 3 4 3 1 3 1 3 3 1 3 3 3 3 3 3 4 3 3 4 3 4 3 4 4 4 4 4 4 4 4 5 4 4 5 5 4 5 5 5 1 4 5 5 5 5 7 5 5 7 7 5 7 7 7 7 7 7 7 7 7 8 7 7 8 8 7 8 8 8 8 0 12 4 4 5 4 4 5 5 4 5 5 5 5 5 5 5 5 7 4 4 3 4 3 4 1 1 4 3 4 4 4 4 4 4 4 5 4 5 4 5 3 5 3 3 3 3 3 3 3 4 3 4 3 4 4 4 3 4 4 5 4 4 4 5 4 5 4 5 5 4 5 5 5 3 5 3 4 3 3 4 3 4 0 5 1 3 1 3 0 1 3 3 3 3 3 3 3 4 3 4 3 3 3 1 3 1 3 1 3 3 1 3 3 3 0 4 3 1 1 3 1 3 1 3 3 1 3 3 3 3 3 4 3 1 3 3 1 3 1 1 3 3 3 1 3 3 3 3 4 3 3 1 1 4 3 4 4 3 4 4 0 5 3 1 3 3 3 3 3 3 3 3 4 3 4 3 4 3 1 4 3 1 3 1 3 3 3 3 3 3 3 3 3 4 3 1 3 1 1 3 3 1 3 3 3 3 3 3 1 3 1 4 3 3 4 4 3 4 4 4 3 4 4 3 4 3 3 1 3 3 3 3 4 3 3 4 3 4 4 3 4 4 4 4 4 4 4 4 5 4 4 5 5 4 5 5 5 5 5 1 7 3 3 3 4 3 4 0 3 4 4 3 4 4 4 4 4 4 5 4 4 5 4 5 5 4 5 5 5 5 5 5 7 5 7 5 7 5 7 7 7 7 7 7 7 7 7 7 8 7 8 7 8 8 8 8 3 8 5 1 3 4 4 5 4 5 4 5 5 5 5 4 7 5 5 5 5 7 5 7 5 7 7 7 7 0 9 3 4 4 4 4 4 4 4 4 4 4 5 4 5 4 5 5 5 5 5 0 5 5 5 5 4 | shim fwd=88807 writeErr=0 drop=0 | chrome_cpu=3.26s (0.02 cores) go_cpu=6.77s
mode=raw conns=1 sharing=shared rtt=100ms jitter=0ms bw=30000000 loss=0.001 queue=5000000 rtomax=0ms sent=67108864 received=67108864 throughput=4.03 Mbps wall=4.03 Mbps chrome_cores=0.02 go_cpu=6.77s
START e6-loss0.001-rtt100-ck64KiB-r3 2026-09-18T18:40:21Z --mode raw --size 64MiB --backpressure poll --bandwidth 30MB --queue 5MB --deadline 300 --rtt 100 --loss 0.001 --chunk 64KiB
OK e6-loss0.001-rtt100-ck64KiB-r3 2026-09-18T18:42:56Z
trace raw conns=1 rtt=100 loss=0.001 mbps/100ms: 0 0 0 0 0 0 0 0 0 0 0 0 0 0 5 0 10 0 5 0 5 0 5 0 5 5 0 5 5 0 5 0 5 0 5 0 0 5 0 5 0 5 0 5 5 0 5 0 5 5 0 5 5 0 5 5 5 5 0 5 5 5 5 5 5 5 0 5 0 5 0 5 0 0 5 0 0 5 0 5 0 0 5 0 5 0 5 0 5 5 0 5 0 5 5 0 5 5 5 0 5 5 5 5 5 0 5 5 5 5 0 5 0 5 0 5 5 0 0 5 5 0 5 5 0 5 5 5 0 5 5 5 5 5 5 0 5 5 5 5 5 5 5 5 10 5 5 5 5 5 5 5 10 5 5 5 10 0 5 5 5 5 0 5 5 5 0 5 5 5 5 0 5 5 5 5 5 5 5 5 5 5 5 5 0 5 5 5 0 5 0 5 5 0 5 5 5 0 5 5 5 5 0 5 5 5 5 5 5 5 5 5 5 5 5 5 5 5 5 5 10 0 5 5 0 5 0 5 0 0 5 0 0 0 5 0 0 5 0 0 5 0 0 5 0 5 0 5 0 5 0 5 0 5 0 5 5 0 5 5 0 5 5 5 0 5 5 5 5 0 5 5 5 5 5 5 5 5 5 5 5 5 5 5 5 5 0 10 0 5 5 0 5 5 0 5 5 5 0 5 5 0 5 5 0 5 0 5 0 5 0 5 0 5 0 0 5 0 0 5 0 5 0 5 0 5 0 5 0 5 0 5 5 0 5 5 0 5 5 0 5 5 0 0 5 0 5 0 5 0 0 5 0 0 5 0 0 5 0 5 0 5 0 5 0 5 0 5 0 5 5 0 5 5 0 5 5 5 0 5 5 5 5 0 5 5 5 5 5 5 0 5 0 5 5 0 5 0 5 5 0 5 5 0 5 5 0 5 5 5 5 5 0 5 0 10 0 0 5 0 0 5 0 0 5 0 0 5 0 5 0 5 0 5 0 5 0 5 5 0 5 5 0 5 5 0 5 5 5 0 5 0 5 5 5 5 5 5 5 5 5 5 0 5 0 5 0 5 5 0 5 0 5 0 5 0 0 5 0 5 0 5 0 5 0 0 5 0 0 5 0 0 5 0 5 0 5 0 5 0 5 0 5 0 5 5 0 5 5 0 5 0 0 5 5 0 0 5 0 5 0 5 0 5 5 0 5 0 5 0 5 0 5 0 5 0 0 5 0 0 0 5 0 0 5 0 5 0 0 5 0 5 0 5 0 5 0 5 0 5 0 5 0 0 5 0 5 0 5 0 0 5 5 0 5 0 0 5 0 5 5 0 5 5 5 0 5 5 5 0 5 5 5 5 5 5 5 5 0 5 5 0 5 0 5 5 0 5 5 0 5 5 0 5 0 5 5 0 0 5 0 5 0 5 0 5 0 5 5 0 5 5 0 5 0 5 0 5 0 0 5 0 5 0 5 0 5 0 5 0 5 5 0 5 5 0 5 5 5 0 5 5 5 5 0 5 5 5 5 5 0 5 5 0 5 0 5 5 0 5 5 0 5 5 0 5 5 5 0 5 5 5 5 5 0 5 5 0 0 5 0 5 0 5 0 5 5 0 5 5 0 5 5 0 5 5 5 5 0 5 5 5 5 5 5 5 5 5 5 5 5 5 5 5 5 5 5 10 5 5 5 5 10 5 5 5 10 5 10 5 5 10 5 10 5 0 10 5 10 5 10 5 5 10 0 5 5 5 0 5 5 0 5 0 0 0 5 0 0 5 0 5 0 5 0 5 0 5 0 5 0 5 0 5 5 0 5 5 0 5 0 5 5 0 0 5 0 5 0 5 0 5 0 0 5 5 0 5 5 0 5 5 0 5 5 5 0 5 5 5 5 5 5 5 5 5 0 10 5 5 5 5 5 5 5 5 5 5 10 5 5 5 10 5 5 5 0 5 5 5 0 5 5 5 0 5 0 5 0 5 0 5 0 5 0 5 5 0 0 5 5 0 5 5 0 5 5 5 5 0 5 5 5 5 5 5 5 5 5 5 5 5 5 5 5 5 5 5 10 5 5 5 5 10 5 0 10 5 0 5 5 0 5 5 5 5 0 5 5 5 5 5 0 5 0 5 0 0 5 0 0 5 0 0 5 0 0 5 0 5 0 5 0 5 0 5 0 5 5 0 5 5 0 5 5 0 5 5 5 0 5 5 5 5 5 5 5 5 5 5 5 5 0 5 5 0 5 0 5 5 0 5 5 0 5 5 5 0 5 5 5 5 0 5 5 0 5 5 5 5 5 5 0 5 0 0 5 0 0 5 0 5 0 0 5 0 5 0 5 5 0 5 0 5 5 0 5 5 0 5 0 0 5 0 5 0 5 0 5 0 5 0 5 5 0 5 5 0 5 5 0 5 5 5 0 5 0 5 5 5 5 5 0 5 5 5 5 5 5 5 5 0 5 0 5 5 0 5 0 5 5 5 0 5 5 5 0 5 5 5 5 5 5 5 0 5 5 0 5 0 5 5 0 5 0 5 5 0 5 5 0 5 0 5 0 5 0 0 5 0 5 0 5 5 0 5 0 5 5 0 5 5 5 0 5 5 5 5 0 5 5 5 5 5 5 5 5 5 5 5 5 5 5 5 5 10 5 5 5 0 10 5 0 5 5 5 0 5 5 5 0 5 5 5 5 5 0 5 5 0 0 5 0 5 0 5 5 0 5 0 5 5 5 0 5 5 5 0 5 5 5 5 5 0 5 5 5 5 5 5 5 5 5 10 5 5 5 0 10 0 5 5 0 5 5 0 5 5 5 0 5 0 5 0 5 0 5 0 0 5 0 5 0 5 0 0 5 0 0 0 5 0 0 0 5 0 0 5 0 0 5 0 5 0 0 5 0 5 0 5 5 0 5 0 5 0 0 0 5 0 0 0 5 0 0 5 0 0 5 0 0 5 0 5 0 5 0 5 0 5 0 5 0 5 0 5 0 5 5 0 5 5 5 0 5 5 5 5 5 0 5 5 5 5 5 5 5 5 5 5 5 5 10 5 5 5 5 5 10 5 5 5 10 5 0 10 0 5 0 5 0 5 0 5 0 5 0 5 0 5 0 5 5 0 5 0 0 5 5 5 0 5 5 5 5 0 5 5 5 0 5 5 0 5 5 0 5 0 5 5 0 5 5 0 5 5 5 5 0 5 0 5 5 0 0 0 0 0 5 0 0 0 0 5 0 0 5 0 0 0 5 0 0 5 0 5 0 5 0 5 0 5 0 5 0 5 5 0 0 5 5 0 0 5 0 5 0 5 0 5 0 5 0 0 5 0 5 0 0 5 0 5 0 0 5 0 5 0 0 5 0 5 5 0 5 0 5 5 0 5 5 5 0 5 0 5 0 5 0 5 0 5 0 5 0 5 5 0 5 5 0 5 5 0 5 5 5 5 0 5 5 0 5 5 5 5 5 0 5 5 5 10 5 5 5 5 5 5 5 5 10 | shim fwd=87608 writeErr=0 drop=0 | chrome_cpu=3.18s (0.02 cores) go_cpu=7.12s
mode=raw conns=1 sharing=shared rtt=100ms jitter=0ms bw=30000000 loss=0.001 queue=5000000 rtomax=0ms sent=67108864 received=67108864 throughput=3.52 Mbps wall=3.52 Mbps chrome_cores=0.02 go_cpu=7.12s
START e6-loss0.001-rtt100-ck256KiB-r3 2026-09-18T18:42:56Z --mode raw --size 64MiB --backpressure poll --bandwidth 30MB --queue 5MB --deadline 300 --rtt 100 --loss 0.001 --chunk 256KiB
OK e6-loss0.001-rtt100-ck256KiB-r3 2026-09-18T18:45:05Z
trace raw conns=1 rtt=100 loss=0.001 mbps/100ms: 0 0 0 0 0 0 0 0 0 0 0 0 0 0 0 0 21 21 21 84 42 42 42 21 42 21 21 21 21 21 0 42 0 21 0 21 0 21 0 0 21 0 0 21 0 0 21 0 0 0 21 0 0 21 0 0 21 0 0 21 0 21 0 0 21 0 21 0 0 21 0 21 0 0 21 0 0 0 21 0 0 0 21 0 0 0 0 21 0 0 21 0 0 21 0 0 0 21 0 0 21 0 0 21 0 21 0 0 21 0 0 21 0 21 0 0 0 21 0 0 0 0 21 0 0 0 21 0 0 0 21 0 0 0 21 0 0 21 0 0 21 0 0 21 0 0 21 0 0 21 0 0 21 0 0 21 0 0 21 0 0 21 0 21 0 21 0 0 21 0 21 0 0 0 0 0 21 0 0 0 0 0 0 21 0 0 0 0 0 21 0 0 0 0 0 0 0 21 0 0 0 0 0 0 21 0 0 0 0 0 21 0 0 0 0 21 0 0 0 0 0 21 0 0 0 21 0 0 0 21 0 0 21 0 0 0 21 0 0 21 0 0 21 0 0 21 0 0 0 21 0 0 0 0 21 0 0 0 0 21 0 0 0 21 0 0 0 21 0 0 0 0 21 0 0 0 0 0 21 0 0 0 0 0 0 21 0 0 0 21 0 0 0 0 21 0 0 0 0 21 0 0 0 0 21 0 0 0 0 0 0 0 21 0 0 0 0 0 0 0 21 0 0 0 0 0 0 21 0 0 0 0 0 0 0 0 0 0 21 0 0 0 0 0 0 0 0 0 0 21 0 0 0 0 0 0 0 21 0 0 0 0 0 21 0 0 0 0 21 0 0 0 0 0 21 0 0 0 0 0 0 21 0 0 0 0 0 0 21 0 0 0 0 0 0 0 0 21 0 0 0 0 0 0 21 0 0 0 0 0 0 0 21 0 0 0 0 0 0 0 0 21 0 0 0 0 0 0 0 0 21 0 0 0 0 0 0 0 0 0 0 0 21 0 0 0 0 0 0 0 0 21 0 0 0 0 0 21 0 0 0 0 0 0 0 0 0 21 0 0 0 0 0 0 21 0 0 0 0 0 0 0 0 0 21 0 0 0 0 0 0 21 0 0 0 0 0 0 21 0 0 0 0 21 0 0 0 0 21 0 0 0 0 0 0 21 0 0 0 0 0 0 21 0 0 0 0 21 0 0 0 0 0 21 0 0 0 21 0 0 0 21 0 0 0 21 0 0 0 0 21 0 0 0 0 0 0 0 0 0 21 0 0 0 0 0 0 0 21 0 0 0 0 0 21 0 0 0 0 0 21 0 0 0 0 21 0 0 0 21 0 0 0 21 0 0 0 0 21 0 0 21 0 0 0 21 0 0 21 0 0 0 0 21 0 0 0 0 0 21 0 0 0 0 0 0 0 21 0 0 0 0 0 0 21 0 0 0 0 0 21 0 0 0 0 21 0 0 0 0 0 0 0 0 0 21 0 0 0 0 0 0 0 0 21 0 0 0 0 0 0 21 0 0 0 0 0 0 0 0 0 0 21 0 0 0 0 0 0 0 0 0 0 21 0 0 0 0 0 0 0 0 21 0 0 0 0 0 21 0 0 0 0 0 21 0 0 0 0 21 0 0 0 0 21 0 0 0 21 0 0 0 21 0 0 0 21 0 0 21 0 0 0 21 0 0 0 21 0 0 0 0 21 0 0 0 0 21 0 0 0 0 21 0 0 0 21 0 0 0 0 21 0 0 21 0 0 0 21 0 0 21 0 0 21 0 0 21 0 0 21 0 0 21 0 0 0 0 21 0 0 0 0 21 0 0 0 21 0 0 0 0 21 0 0 0 21 0 0 21 0 0 21 0 0 0 21 0 0 0 0 21 0 0 0 0 21 0 0 0 0 0 0 0 0 21 0 0 0 0 0 0 0 0 0 0 21 0 0 0 0 0 0 21 0 0 0 0 0 21 0 0 0 0 21 0 0 0 0 0 21 0 0 0 0 0 0 0 0 0 0 0 21 0 0 0 0 0 0 0 0 0 0 0 0 21 0 0 0 0 0 0 0 0 0 0 21 0 0 0 0 0 0 0 0 21 0 0 0 0 0 0 0 21 0 0 0 0 0 0 0 0 0 21 0 0 0 0 0 0 21 0 0 0 0 0 21 0 0 0 0 0 21 0 0 0 0 0 0 0 21 0 0 0 0 0 21 0 0 0 0 0 21 0 0 0 0 21 0 0 0 0 21 0 0 0 21 0 0 0 21 0 0 21 0 0 0 21 0 0 21 0 0 21 0 0 21 0 0 0 0 21 0 0 0 0 21 0 0 0 21 0 0 0 0 21 0 0 21 0 0 0 21 0 0 0 21 0 0 21 0 0 21 0 0 21 0 0 0 21 0 0 21 0 0 0 0 21 0 0 0 0 21 0 0 0 21 0 0 0 21 0 0 0 21 0 0 0 0 0 0 0 0 21 0 0 0 0 0 0 0 0 21 0 0 0 0 0 0 21 0 0 0 0 21 0 0 0 0 21 0 0 0 0 21 0 0 0 21 0 0 0 21 0 0 0 21 0 0 0 21 0 0 0 0 0 0 0 21 0 0 0 0 0 0 0 0 0 0 21 0 0 0 0 0 0 0 0 0 21 0 0 0 0 0 0 0 21 0 0 0 0 0 0 0 0 0 21 0 0 0 0 0 0 0 0 0 0 21 0 0 0 0 0 0 0 0 21 0 0 0 0 0 0 21 0 0 0 0 21 0 0 0 0 21 0 0 0 21 0 0 0 0 0 21 0 0 21 0 0 0 0 21 0 0 0 0 0 0 0 21 0 0 0 0 0 0 0 0 0 0 0 0 21 0 0 0 0 0 0 0 0 0 0 0 0 0 21 | shim fwd=88038 writeErr=0 drop=0 | chrome_cpu=3.01s (0.02 cores) go_cpu=6.42s
mode=raw conns=1 sharing=shared rtt=100ms jitter=0ms bw=30000000 loss=0.001 queue=5000000 rtomax=0ms sent=67108864 received=67108864 throughput=4.26 Mbps wall=4.25 Mbps chrome_cores=0.02 go_cpu=6.42s
PHASE loss100 done 2026-09-18T18:45:05Z
