START gap-base-rtt12-loss0-r1 2026-09-18T08:31:32Z --mode raw --rtt 12 --size 64MiB --chunk 16KiB --backpressure poll --bandwidth 30MB --queue 5MB --deadline 180 --loss 0
trace raw conns=1 rtt=12 loss=0 mbps/100ms: 0 0 0 0 0 69 429 225 219 225 219 223 220 220 224 219 225 219 17 377 249 222 222 222 222 220 223 222 220 | shim fwd=88144 writeErr=0 drop=0 | chrome_cpu=1.78s (0.70 cores) go_cpu=3.17s
mode=raw conns=1 sharing=shared rtt=12ms jitter=0ms bw=30000000 loss=0 queue=5000000 rtomax=0ms sent=67108864 received=67108864 throughput=224.66 Mbps wall=217.45 Mbps chrome_cores=0.70 go_cpu=3.17s
OK gap-base-rtt12-loss0-r1 2026-09-18T08:31:36Z
START gap-base-rtt12-loss0-r2 2026-09-18T08:31:36Z --mode raw --rtt 12 --size 64MiB --chunk 16KiB --backpressure poll --bandwidth 30MB --queue 5MB --deadline 180 --loss 0
trace raw conns=1 rtt=12 loss=0 mbps/100ms: 0 0 0 0 3 187 366 225 219 224 220 219 225 219 224 219 223 222 219 225 219 224 220 220 224 219 224 220 159 | shim fwd=86055 writeErr=0 drop=0 | chrome_cpu=1.75s (0.69 cores) go_cpu=3.08s
mode=raw conns=1 sharing=shared rtt=12ms jitter=0ms bw=30000000 loss=0 queue=5000000 rtomax=0ms sent=67108864 received=67108864 throughput=225.19 Mbps wall=217.70 Mbps chrome_cores=0.69 go_cpu=3.08s
OK gap-base-rtt12-loss0-r2 2026-09-18T08:31:39Z
START gap-base-rtt12-loss0-r3 2026-09-18T08:31:40Z --mode raw --rtt 12 --size 64MiB --chunk 16KiB --backpressure poll --bandwidth 30MB --queue 5MB --deadline 180 --loss 0
trace raw conns=1 rtt=12 loss=0 mbps/100ms: 0 0 0 0 1 161 377 225 219 224 220 220 224 219 224 219 223 222 220 224 219 224 220 222 223 219 225 219 174 | shim fwd=86055 writeErr=0 drop=0 | chrome_cpu=1.77s (0.71 cores) go_cpu=3.01s
mode=raw conns=1 sharing=shared rtt=12ms jitter=0ms bw=30000000 loss=0 queue=5000000 rtomax=0ms sent=67108864 received=67108864 throughput=225.37 Mbps wall=220.99 Mbps chrome_cores=0.71 go_cpu=3.01s
OK gap-base-rtt12-loss0-r3 2026-09-18T08:31:43Z
START gap-rtt12-loss0.0001-r1 2026-09-18T08:31:43Z --mode raw --rtt 12 --size 64MiB --chunk 16KiB --backpressure poll --bandwidth 30MB --queue 5MB --deadline 180 --loss 0.0001
trace raw conns=1 rtt=12 loss=0.0001 mbps/100ms: 0 0 0 0 3 204 322 0 463 222 222 220 222 222 222 222 222 223 222 218 222 222 216 220 227 220 223 216 178 | shim fwd=88931 writeErr=0 drop=0 | chrome_cpu=1.75s (0.69 cores) go_cpu=3.11s
mode=raw conns=1 sharing=shared rtt=12ms jitter=0ms bw=30000000 loss=0.0001 queue=5000000 rtomax=0ms sent=67108864 received=67108864 throughput=224.43 Mbps wall=217.38 Mbps chrome_cores=0.69 go_cpu=3.11s
OK gap-rtt12-loss0.0001-r1 2026-09-18T08:31:47Z
START gap-rtt12-loss0.0001-r2 2026-09-18T08:31:47Z --mode raw --rtt 12 --size 64MiB --chunk 16KiB --backpressure poll --bandwidth 30MB --queue 5MB --deadline 180 --loss 0.0001
trace raw conns=1 rtt=12 loss=0.0001 mbps/100ms: 0 0 0 0 3 203 355 225 79 0 377 0 366 173 263 222 223 222 222 222 222 222 222 222 222 222 222 218 222 194 | shim fwd=89916 writeErr=0 drop=0 | chrome_cpu=1.79s (0.68 cores) go_cpu=3.25s
mode=raw conns=1 sharing=shared rtt=12ms jitter=0ms bw=30000000 loss=0.0001 queue=5000000 rtomax=0ms sent=67108864 received=67108864 throughput=212.84 Mbps wall=208.51 Mbps chrome_cores=0.68 go_cpu=3.25s
OK gap-rtt12-loss0.0001-r2 2026-09-18T08:31:50Z
START gap-rtt12-loss0.0001-r3 2026-09-18T08:31:51Z --mode raw --rtt 12 --size 64MiB --chunk 16KiB --backpressure poll --bandwidth 30MB --queue 5MB --deadline 180 --loss 0.0001
trace raw conns=1 rtt=12 loss=0.0001 mbps/100ms: 0 0 0 0 1 182 370 48 278 325 220 223 222 222 218 168 271 223 223 212 231 222 222 222 222 215 228 219 185 | shim fwd=88905 writeErr=0 drop=0 | chrome_cpu=1.66s (0.65 cores) go_cpu=2.99s
mode=raw conns=1 sharing=shared rtt=12ms jitter=0ms bw=30000000 loss=0.0001 queue=5000000 rtomax=0ms sent=67108864 received=67108864 throughput=224.17 Mbps wall=217.54 Mbps chrome_cores=0.65 go_cpu=2.99s
OK gap-rtt12-loss0.0001-r3 2026-09-18T08:31:54Z
START gap-rtt12-loss0.0001-r4 2026-09-18T08:31:54Z --mode raw --rtt 12 --size 64MiB --chunk 16KiB --backpressure poll --bandwidth 30MB --queue 5MB --deadline 180 --loss 0.0001
trace raw conns=1 rtt=12 loss=0.0001 mbps/100ms: 0 0 0 0 3 198 359 219 218 224 223 222 211 232 222 222 222 222 222 222 222 222 218 208 134 122 119 121 104 69 75 81 84 89 66 | shim fwd=88159 writeErr=0 drop=0 | chrome_cpu=1.64s (0.53 cores) go_cpu=3.08s
mode=raw conns=1 sharing=shared rtt=12ms jitter=0ms bw=30000000 loss=0.0001 queue=5000000 rtomax=0ms sent=67108864 received=67108864 throughput=179.44 Mbps wall=177.25 Mbps chrome_cores=0.53 go_cpu=3.08s
OK gap-rtt12-loss0.0001-r4 2026-09-18T08:31:58Z
START gap-rtt12-loss0.0001-r5 2026-09-18T08:31:58Z --mode raw --rtt 12 --size 64MiB --chunk 16KiB --backpressure poll --bandwidth 30MB --queue 5MB --deadline 180 --loss 0.0001
trace raw conns=1 rtt=12 loss=0.0001 mbps/100ms: 0 0 0 0 1 161 300 0 377 0 278 271 153 280 222 223 222 222 222 222 220 222 222 222 222 222 222 222 223 222 | shim fwd=89157 writeErr=0 drop=0 | chrome_cpu=1.80s (0.68 cores) go_cpu=3.26s
mode=raw conns=1 sharing=shared rtt=12ms jitter=0ms bw=30000000 loss=0.0001 queue=5000000 rtomax=0ms sent=67108864 received=67108864 throughput=214.27 Mbps wall=208.91 Mbps chrome_cores=0.68 go_cpu=3.26s
OK gap-rtt12-loss0.0001-r5 2026-09-18T08:32:02Z
START gap-rtt12-loss0.0002-r1 2026-09-18T08:32:02Z --mode raw --rtt 12 --size 64MiB --chunk 16KiB --backpressure poll --bandwidth 30MB --queue 5MB --deadline 180 --loss 0.0002
trace raw conns=1 rtt=12 loss=0.0002 mbps/100ms: 0 0 0 0 1 138 392 210 208 134 140 163 151 174 160 117 50 56 55 68 64 71 72 41 47 56 55 51 34 41 47 48 55 58 26 13 17 22 29 31 42 42 45 52 62 60 75 71 87 80 64 54 39 22 24 30 30 41 41 52 51 55 68 60 37 41 50 52 58 66 67 77 79 88 88 92 107 100 | shim fwd=87609 writeErr=0 drop=0 | chrome_cpu=1.34s (0.18 cores) go_cpu=3.06s
mode=raw conns=1 sharing=shared rtt=12ms jitter=0ms bw=30000000 loss=0.0002 queue=5000000 rtomax=0ms sent=67108864 received=67108864 throughput=73.38 Mbps wall=73.01 Mbps chrome_cores=0.18 go_cpu=3.06s
OK gap-rtt12-loss0.0002-r1 2026-09-18T08:32:11Z
START gap-rtt12-loss0.0002-r2 2026-09-18T08:32:11Z --mode raw --rtt 12 --size 64MiB --chunk 16KiB --backpressure poll --bandwidth 30MB --queue 5MB --deadline 180 --loss 0.0002
trace raw conns=1 rtt=12 loss=0.0002 mbps/100ms: 0 0 0 0 3 210 349 93 0 562 222 222 222 222 222 52 383 174 165 113 106 126 114 121 142 79 69 85 80 55 48 59 58 63 67 83 76 81 97 50 51 64 60 67 69 87 81 20 | shim fwd=90037 writeErr=0 drop=0 | chrome_cpu=1.55s (0.35 cores) go_cpu=3.03s
mode=raw conns=1 sharing=shared rtt=12ms jitter=0ms bw=30000000 loss=0.0002 queue=5000000 rtomax=0ms sent=67108864 received=67108864 throughput=126.54 Mbps wall=124.06 Mbps chrome_cores=0.35 go_cpu=3.03s
OK gap-rtt12-loss0.0002-r2 2026-09-18T08:32:16Z
START gap-rtt12-loss0.0002-r3 2026-09-18T08:32:16Z --mode raw --rtt 12 --size 64MiB --chunk 16KiB --backpressure poll --bandwidth 30MB --queue 5MB --deadline 180 --loss 0.0002
trace raw conns=1 rtt=12 loss=0.0002 mbps/100ms: 0 0 0 0 3 210 336 0 401 261 222 223 222 208 222 227 122 56 69 66 71 75 92 84 97 48 55 66 64 68 84 77 83 88 105 97 80 56 63 66 80 76 90 73 46 59 56 62 66 80 76 81 55 47 50 | shim fwd=89367 writeErr=0 drop=0 | chrome_cpu=1.46s (0.28 cores) go_cpu=2.98s
mode=raw conns=1 sharing=shared rtt=12ms jitter=0ms bw=30000000 loss=0.0002 queue=5000000 rtomax=0ms sent=67108864 received=67108864 throughput=107.01 Mbps wall=106.19 Mbps chrome_cores=0.28 go_cpu=2.98s
OK gap-rtt12-loss0.0002-r3 2026-09-18T08:32:22Z
START gap-rtt12-loss0.0002-r4 2026-09-18T08:32:22Z --mode raw --rtt 12 --size 64MiB --chunk 16KiB --backpressure poll --bandwidth 30MB --queue 5MB --deadline 180 --loss 0.0002
trace raw conns=1 rtt=12 loss=0.0002 mbps/100ms: 0 0 0 0 1 168 119 468 223 220 223 220 110 326 210 164 140 153 136 89 83 100 87 29 31 38 46 47 56 58 60 72 73 83 41 46 51 64 60 37 45 42 48 60 58 63 76 72 51 48 48 54 68 63 68 58 39 46 55 55 60 58 | shim fwd=89103 writeErr=0 drop=0 | chrome_cpu=1.57s (0.27 cores) go_cpu=3.26s
mode=raw conns=1 sharing=shared rtt=12ms jitter=0ms bw=30000000 loss=0.0002 queue=5000000 rtomax=0ms sent=67108864 received=67108864 throughput=94.28 Mbps wall=92.98 Mbps chrome_cores=0.27 go_cpu=3.26s
OK gap-rtt12-loss0.0002-r4 2026-09-18T08:32:29Z
START gap-rtt12-loss0.0002-r5 2026-09-18T08:32:29Z --mode raw --rtt 12 --size 64MiB --chunk 16KiB --backpressure poll --bandwidth 30MB --queue 5MB --deadline 180 --loss 0.0002
trace raw conns=1 rtt=12 loss=0.0002 mbps/100ms: 0 0 0 0 1 114 377 253 220 219 222 225 222 203 156 107 68 42 42 46 59 56 63 75 71 75 87 62 48 54 63 62 73 60 41 50 51 55 68 46 37 41 54 51 64 62 66 55 41 45 35 30 38 42 46 48 54 67 63 68 84 79 76 45 50 55 60 45 37 47 46 | shim fwd=87513 writeErr=0 drop=0 | chrome_cpu=1.34s (0.20 cores) go_cpu=2.88s
mode=raw conns=1 sharing=shared rtt=12ms jitter=0ms bw=30000000 loss=0.0002 queue=5000000 rtomax=0ms sent=67108864 received=67108864 throughput=81.26 Mbps wall=80.22 Mbps chrome_cores=0.20 go_cpu=2.88s
OK gap-rtt12-loss0.0002-r5 2026-09-18T08:32:37Z
START gap-rtt12-loss0.0003-r1 2026-09-18T08:32:37Z --mode raw --rtt 12 --size 64MiB --chunk 16KiB --backpressure poll --bandwidth 30MB --queue 5MB --deadline 180 --loss 0.0003
trace raw conns=1 rtt=12 loss=0.0003 mbps/100ms: 0 0 0 0 0 58 83 92 105 98 67 58 67 71 41 48 46 52 64 60 66 63 39 51 29 35 35 41 51 50 55 68 64 79 75 92 69 46 59 58 68 66 71 88 80 50 54 52 58 41 37 48 47 52 64 62 67 80 76 84 54 48 52 66 63 69 83 60 84 88 54 55 52 35 38 47 48 58 59 68 67 73 85 84 59 43 28 33 38 42 47 51 56 62 41 | shim fwd=86721 writeErr=0 drop=0 | chrome_cpu=1.27s (0.14 cores) go_cpu=2.95s
mode=raw conns=1 sharing=shared rtt=12ms jitter=0ms bw=30000000 loss=0.0003 queue=5000000 rtomax=0ms sent=67108864 received=67108864 throughput=59.95 Mbps wall=59.46 Mbps chrome_cores=0.14 go_cpu=2.95s
OK gap-rtt12-loss0.0003-r1 2026-09-18T08:32:47Z
START gap-rtt12-loss0.0003-r2 2026-09-18T08:32:47Z --mode raw --rtt 12 --size 64MiB --chunk 16KiB --backpressure poll --bandwidth 30MB --queue 5MB --deadline 180 --loss 0.0003
trace raw conns=1 rtt=12 loss=0.0003 mbps/100ms: 0 0 0 0 1 104 388 267 223 222 139 121 115 113 73 69 76 47 43 39 30 37 41 45 52 58 63 67 69 39 45 26 20 21 29 30 20 25 31 34 39 47 48 55 63 38 37 41 46 34 31 41 41 42 46 29 38 39 43 55 52 67 63 68 83 79 94 43 26 35 35 42 51 51 54 38 30 26 26 37 37 29 30 29 41 41 48 26 30 41 39 46 50 54 59 55 38 | shim fwd=87648 writeErr=0 drop=0 | chrome_cpu=1.41s (0.15 cores) go_cpu=3.22s
mode=raw conns=1 sharing=shared rtt=12ms jitter=0ms bw=30000000 loss=0.0003 queue=5000000 rtomax=0ms sent=67108864 received=67108864 throughput=58.50 Mbps wall=58.18 Mbps chrome_cores=0.15 go_cpu=3.22s
OK gap-rtt12-loss0.0003-r2 2026-09-18T08:32:58Z
START gap-rtt12-loss0.0003-r3 2026-09-18T08:32:58Z --mode raw --rtt 12 --size 64MiB --chunk 16KiB --backpressure poll --bandwidth 30MB --queue 5MB --deadline 180 --loss 0.0003
trace raw conns=1 rtt=12 loss=0.0003 mbps/100ms: 0 0 0 0 1 121 201 147 54 60 52 37 43 52 39 35 35 42 47 25 17 22 26 30 41 42 50 51 63 60 64 79 75 80 84 47 47 30 39 41 51 50 55 63 33 38 48 47 54 66 63 75 67 46 45 50 63 60 58 38 45 46 35 34 34 39 51 48 54 67 63 68 75 77 93 51 50 42 34 41 28 28 34 37 41 46 55 56 60 55 37 43 52 52 34 37 39 45 47 29 33 24 24 30 31 30 22 29 31 38 33 28 30 34 | shim fwd=87176 writeErr=0 drop=0 | chrome_cpu=1.30s (0.12 cores) go_cpu=2.97s
mode=raw conns=1 sharing=shared rtt=12ms jitter=0ms bw=30000000 loss=0.0003 queue=5000000 rtomax=0ms sent=67108864 received=67108864 throughput=49.19 Mbps wall=49.00 Mbps chrome_cores=0.12 go_cpu=2.97s
OK gap-rtt12-loss0.0003-r3 2026-09-18T08:33:10Z
START gap-rtt12-loss0.0003-r4 2026-09-18T08:33:10Z --mode raw --rtt 12 --size 64MiB --chunk 16KiB --backpressure poll --bandwidth 30MB --queue 5MB --deadline 180 --loss 0.0003
trace raw conns=1 rtt=12 loss=0.0003 mbps/100ms: 0 0 0 0 3 54 28 26 34 35 42 50 51 62 38 29 25 28 35 37 47 47 31 31 37 47 47 51 38 34 43 45 47 31 35 37 38 22 16 14 18 22 26 31 39 41 46 55 55 43 34 25 28 33 35 41 50 51 62 59 72 71 73 80 94 89 104 102 105 79 31 35 46 46 51 62 60 64 71 62 43 28 33 34 41 48 48 54 66 64 77 73 79 47 51 52 50 38 41 42 52 51 55 60 76 69 76 80 48 54 52 58 63 41 16 | shim fwd=86807 writeErr=0 drop=0 | chrome_cpu=1.27s (0.11 cores) go_cpu=2.88s
mode=raw conns=1 sharing=shared rtt=12ms jitter=0ms bw=30000000 loss=0.0003 queue=5000000 rtomax=0ms sent=67108864 received=67108864 throughput=49.01 Mbps wall=48.68 Mbps chrome_cores=0.11 go_cpu=2.88s
OK gap-rtt12-loss0.0003-r4 2026-09-18T08:33:22Z
START gap-rtt12-loss0.0003-r5 2026-09-18T08:33:22Z --mode raw --rtt 12 --size 64MiB --chunk 16KiB --backpressure poll --bandwidth 30MB --queue 5MB --deadline 180 --loss 0.0003
trace raw conns=1 rtt=12 loss=0.0003 mbps/100ms: 0 0 0 0 1 140 301 240 75 64 63 47 39 48 47 55 66 64 52 33 28 31 33 38 47 41 30 34 37 43 51 54 56 67 69 77 76 85 88 46 51 63 62 73 73 83 85 83 50 34 33 39 42 26 21 21 24 29 38 38 25 14 20 28 30 34 43 43 50 59 58 63 77 73 77 94 87 98 104 102 69 59 63 62 41 43 48 60 41 34 38 42 48 59 56 63 | shim fwd=88481 writeErr=0 drop=0 | chrome_cpu=1.43s (0.15 cores) go_cpu=3.39s
mode=raw conns=1 sharing=shared rtt=12ms jitter=0ms bw=30000000 loss=0.0003 queue=5000000 rtomax=0ms sent=67108864 received=67108864 throughput=58.76 Mbps wall=58.45 Mbps chrome_cores=0.15 go_cpu=3.39s
OK gap-rtt12-loss0.0003-r5 2026-09-18T08:33:33Z
START gap-base2-rtt12-loss0-r1 2026-09-18T08:33:33Z --mode raw --rtt 12 --size 64MiB --chunk 16KiB --backpressure poll --bandwidth 30MB --queue 5MB --deadline 180 --loss 0
trace raw conns=1 rtt=12 loss=0 mbps/100ms: 0 0 0 0 1 207 353 227 218 223 222 219 225 219 225 219 222 222 220 224 219 224 220 220 224 219 224 220 153 | shim fwd=86055 writeErr=0 drop=0 | chrome_cpu=1.73s (0.69 cores) go_cpu=3.01s
mode=raw conns=1 sharing=shared rtt=12ms jitter=0ms bw=30000000 loss=0 queue=5000000 rtomax=0ms sent=67108864 received=67108864 throughput=225.74 Mbps wall=220.86 Mbps chrome_cores=0.69 go_cpu=3.01s
OK gap-base2-rtt12-loss0-r1 2026-09-18T08:33:36Z
START gap-base2-rtt12-loss0-r2 2026-09-18T08:33:36Z --mode raw --rtt 12 --size 64MiB --chunk 16KiB --backpressure poll --bandwidth 30MB --queue 5MB --deadline 180 --loss 0
trace raw conns=1 rtt=12 loss=0 mbps/100ms: 0 0 0 0 0 96 414 225 219 225 219 222 223 219 224 220 223 220 222 181 0 456 222 222 222 222 222 222 222 | shim fwd=88140 writeErr=0 drop=0 | chrome_cpu=1.80s (0.70 cores) go_cpu=3.28s
mode=raw conns=1 sharing=shared rtt=12ms jitter=0ms bw=30000000 loss=0 queue=5000000 rtomax=0ms sent=67108864 received=67108864 throughput=223.99 Mbps wall=217.28 Mbps chrome_cores=0.70 go_cpu=3.28s
OK gap-base2-rtt12-loss0-r2 2026-09-18T08:33:40Z
START gap-base2-rtt12-loss0-r3 2026-09-18T08:33:40Z --mode raw --rtt 12 --size 64MiB --chunk 16KiB --backpressure poll --bandwidth 30MB --queue 5MB --deadline 180 --loss 0
trace raw conns=1 rtt=12 loss=0 mbps/100ms: 0 0 0 0 0 104 421 225 219 225 219 220 223 219 225 219 224 220 220 224 219 224 220 222 223 219 224 220 190 | shim fwd=86055 writeErr=0 drop=0 | chrome_cpu=1.72s (0.67 cores) go_cpu=3.04s
mode=raw conns=1 sharing=shared rtt=12ms jitter=0ms bw=30000000 loss=0 queue=5000000 rtomax=0ms sent=67108864 received=67108864 throughput=225.35 Mbps wall=217.58 Mbps chrome_cores=0.67 go_cpu=3.04s
OK gap-base2-rtt12-loss0-r3 2026-09-18T08:33:43Z
START gap-rto-rtt12-loss0.001-rtodefault-r1 2026-09-18T08:33:44Z --mode raw --rtt 12 --size 64MiB --chunk 16KiB --backpressure poll --bandwidth 30MB --queue 5MB --deadline 180 --loss 0.001
trace raw conns=1 rtt=12 loss=0.001 mbps/100ms: 0 0 0 0 3 104 372 143 48 54 35 34 38 46 33 28 38 34 24 31 33 22 20 20 21 28 30 20 24 33 34 33 17 9 14 21 24 28 37 38 43 30 29 29 22 28 34 37 29 29 29 31 24 26 33 39 41 42 28 38 35 24 20 18 22 18 21 26 30 33 26 26 21 21 29 30 39 35 26 31 34 30 25 33 34 16 16 20 25 31 34 38 31 26 31 12 10 14 18 25 28 22 22 25 33 29 22 25 14 13 20 24 29 33 38 41 31 28 18 22 31 33 34 21 12 10 10 14 24 24 18 13 17 22 25 30 25 17 14 24 13 18 13 21 21 31 31 37 42 38 30 33 21 24 34 34 31 26 21 21 25 22 20 24 33 34 38 29 26 20 24 26 31 28 14 9 13 18 24 22 18 22 20 18 26 17 10 14 18 | shim fwd=89176 writeErr=0 drop=0 | chrome_cpu=1.81s (0.10 cores) go_cpu=3.55s
mode=raw conns=1 sharing=shared rtt=12ms jitter=0ms bw=30000000 loss=0.001 queue=5000000 rtomax=0ms sent=67108864 received=67108864 throughput=29.15 Mbps wall=29.04 Mbps chrome_cores=0.10 go_cpu=3.55s
OK gap-rto-rtt12-loss0.001-rtodefault-r1 2026-09-18T08:34:03Z
START gap-rto-rtt12-loss0.001-rto200ms-r1 2026-09-18T08:34:03Z --mode raw --rtt 12 --size 64MiB --chunk 16KiB --backpressure poll --bandwidth 30MB --queue 5MB --deadline 180 --loss 0.001 --rtomax 200ms
trace raw conns=1 rtt=12 loss=0.001 mbps/100ms: 0 0 0 0 1 87 261 42 46 41 30 41 29 24 34 29 21 29 31 34 41 47 52 35 31 37 47 41 26 31 41 42 30 16 16 14 20 13 18 25 26 22 13 16 22 25 20 22 26 29 34 28 24 30 33 22 26 21 21 25 30 39 41 45 48 38 33 37 48 30 12 13 12 14 18 22 33 25 20 26 17 24 26 30 41 41 45 56 55 29 20 25 30 38 35 17 16 22 10 13 16 21 29 30 17 16 18 22 28 26 22 24 16 24 14 12 17 21 17 18 25 28 28 13 16 22 26 30 18 22 9 14 20 21 31 31 29 26 28 34 41 43 54 45 25 21 25 34 34 26 26 29 31 20 29 30 34 38 35 26 20 24 26 30 31 22 13 12 16 24 26 30 28 20 17 22 24 29 22 21 30 31 35 46 45 50 55 33 | shim fwd=87836 writeErr=0 drop=0 | chrome_cpu=1.65s (0.09 cores) go_cpu=3.26s
mode=raw conns=1 sharing=shared rtt=12ms jitter=0ms bw=30000000 loss=0.001 queue=5000000 rtomax=200ms sent=67108864 received=67108864 throughput=29.42 Mbps wall=29.29 Mbps chrome_cores=0.09 go_cpu=3.26s
OK gap-rto-rtt12-loss0.001-rto200ms-r1 2026-09-18T08:34:23Z
START gap-rto-rtt12-loss0.001-rto500ms-r1 2026-09-18T08:34:23Z --mode raw --rtt 12 --size 64MiB --chunk 16KiB --backpressure poll --bandwidth 30MB --queue 5MB --deadline 180 --loss 0.001 --rtomax 500ms
trace raw conns=1 rtt=12 loss=0.001 mbps/100ms: 0 0 0 0 1 147 290 76 30 16 21 24 31 34 38 48 48 51 66 63 63 33 26 28 37 39 43 41 31 25 21 30 30 22 24 33 33 20 29 29 34 45 46 37 30 38 41 43 55 54 60 52 37 46 38 28 35 21 24 34 31 24 25 30 39 39 50 31 20 17 16 20 16 20 24 29 30 42 35 25 33 25 12 12 14 20 9 0 0 0 0 63 7 7 8 12 16 20 25 34 34 38 45 41 29 26 25 26 31 35 46 46 50 31 37 38 39 26 30 18 26 26 18 14 16 22 25 34 28 22 30 24 20 14 10 14 21 25 29 35 42 25 18 21 24 26 21 17 17 22 28 33 25 26 29 31 24 25 20 21 25 29 34 39 42 24 16 17 16 20 14 17 22 26 35 37 21 | shim fwd=88143 writeErr=0 drop=0 | chrome_cpu=1.67s (0.10 cores) go_cpu=3.23s
mode=raw conns=1 sharing=shared rtt=12ms jitter=0ms bw=30000000 loss=0.001 queue=5000000 rtomax=500ms sent=67108864 received=67108864 throughput=31.29 Mbps wall=31.16 Mbps chrome_cores=0.10 go_cpu=3.23s
OK gap-rto-rtt12-loss0.001-rto500ms-r1 2026-09-18T08:34:41Z
START gap-rto-rtt12-loss0.009-rtodefault-r1 2026-09-18T08:34:41Z --mode raw --rtt 12 --size 64MiB --chunk 16KiB --backpressure poll --bandwidth 30MB --queue 5MB --deadline 180 --loss 0.009
trace raw conns=1 rtt=12 loss=0.009 mbps/100ms: 0 0 0 0 1 8 7 5 9 8 5 7 5 8 12 8 7 9 4 5 5 5 9 13 13 9 9 7 5 12 14 12 9 13 12 10 10 4 7 9 8 4 8 7 12 5 7 10 13 13 9 9 10 9 4 5 8 4 5 13 7 8 7 4 7 12 8 9 7 5 7 8 13 12 13 12 9 8 13 10 13 9 13 12 10 13 12 13 20 14 9 16 17 17 8 8 10 10 17 22 14 9 3 8 9 7 7 10 9 13 12 5 8 13 17 20 13 10 17 14 10 10 12 13 9 7 7 7 5 5 9 8 12 14 13 17 22 13 12 10 5 8 8 5 5 12 16 20 8 7 7 8 9 5 9 4 4 9 4 5 7 5 5 8 7 8 8 10 8 9 13 8 5 10 9 14 10 9 5 9 9 10 7 4 5 7 4 7 7 8 8 5 12 13 12 5 7 8 7 14 9 9 12 8 8 8 7 8 12 4 0 0 0 0 0 0 0 0 0 34 5 4 7 7 10 16 12 14 13 7 7 7 7 7 12 14 9 7 9 8 8 12 17 16 13 13 16 9 7 9 9 9 7 9 10 12 9 9 13 10 5 8 4 8 8 8 8 9 10 12 8 8 8 5 5 5 5 9 16 16 9 7 8 5 5 9 9 10 12 12 8 10 14 7 5 7 7 7 8 9 14 16 13 7 9 7 8 10 10 10 7 8 9 8 8 7 8 12 16 13 13 10 9 10 10 10 10 8 10 8 4 0 0 0 0 0 0 0 0 0 56 0 1 5 4 7 5 7 7 5 7 5 5 7 5 7 9 8 8 7 12 8 8 13 9 10 7 7 9 8 8 9 8 8 8 9 9 5 7 8 7 8 9 17 12 8 9 10 14 12 13 8 5 7 9 10 8 4 7 4 8 7 12 13 9 10 13 14 14 13 16 22 16 20 9 7 12 7 5 9 9 8 8 5 12 12 8 5 7 10 9 12 13 9 7 9 9 12 7 13 13 7 10 14 13 8 16 9 7 5 5 5 4 7 8 10 17 12 9 10 8 5 4 5 8 8 10 8 5 8 8 7 7 7 10 9 7 7 8 13 9 10 5 4 10 5 4 5 7 8 14 10 17 10 8 10 7 9 9 7 5 10 9 9 5 7 8 12 20 7 12 14 10 7 9 10 9 8 8 8 8 7 9 5 9 10 7 10 14 14 8 12 7 7 9 12 10 8 9 12 13 9 8 10 4 0 3 7 7 9 8 8 9 7 5 5 7 8 10 10 5 0 0 0 0 0 0 0 0 0 28 5 7 5 9 12 9 4 5 7 9 7 8 14 14 10 7 7 5 8 13 12 13 13 8 9 8 8 10 9 13 10 14 16 7 7 4 5 4 5 10 10 10 8 7 10 | shim fwd=89776 writeErr=0 drop=0 | chrome_cpu=2.29s (0.04 cores) go_cpu=5.00s
mode=raw conns=1 sharing=shared rtt=12ms jitter=0ms bw=30000000 loss=0.009 queue=5000000 rtomax=0ms sent=67108864 received=67108864 throughput=8.79 Mbps wall=8.78 Mbps chrome_cores=0.04 go_cpu=5.00s
OK gap-rto-rtt12-loss0.009-rtodefault-r1 2026-09-18T08:35:43Z
START gap-rto-rtt12-loss0.009-rto200ms-r1 2026-09-18T08:35:43Z --mode raw --rtt 12 --size 64MiB --chunk 16KiB --backpressure poll --bandwidth 30MB --queue 5MB --deadline 180 --loss 0.009 --rtomax 200ms
trace raw conns=1 rtt=12 loss=0.009 mbps/100ms: 0 0 0 0 0 35 46 9 10 16 5 8 9 5 4 4 5 4 10 9 4 7 4 4 7 9 8 10 13 9 5 8 9 7 5 8 10 7 8 7 12 17 12 8 9 8 7 8 9 8 10 10 7 8 8 8 5 7 10 13 9 9 8 12 8 7 5 8 4 7 7 8 7 5 10 9 5 7 13 17 12 12 10 10 8 4 4 9 10 5 0 5 5 8 7 9 12 13 12 13 16 14 13 13 8 12 8 5 5 5 8 8 8 8 8 7 7 12 14 4 4 7 8 7 5 8 7 9 13 17 24 16 5 1 0 10 7 5 8 9 4 9 7 5 10 5 7 4 7 10 13 10 4 7 14 16 17 9 7 8 9 10 8 8 9 14 8 5 8 12 17 22 28 17 17 12 7 7 10 9 8 5 7 5 4 7 8 5 0 13 7 7 7 9 8 5 5 7 8 8 10 7 9 5 5 5 4 7 8 5 4 7 10 8 8 4 7 8 7 8 10 14 18 17 10 10 10 13 12 10 8 13 14 8 7 13 8 7 7 9 9 8 7 7 5 7 10 5 5 7 7 10 9 12 9 4 4 5 9 8 7 5 8 13 17 7 5 4 7 10 16 8 8 8 5 7 8 7 14 14 8 9 9 8 12 10 10 12 17 17 10 9 9 9 8 8 7 0 13 4 7 8 7 5 9 14 12 13 12 9 14 14 13 16 7 5 9 12 7 5 9 8 5 5 3 5 7 9 8 5 5 7 9 8 5 0 0 10 9 13 16 9 7 5 9 9 10 5 7 12 9 13 13 9 9 5 7 7 7 5 10 9 8 10 10 9 5 5 9 8 8 9 8 8 5 5 5 3 5 5 8 7 5 4 7 4 7 5 7 7 9 14 9 7 8 8 9 7 5 5 8 10 9 9 10 5 7 8 7 5 9 10 5 8 8 7 8 8 9 14 16 7 5 9 9 5 5 5 9 10 10 10 13 9 7 8 8 8 8 7 8 4 7 5 5 4 5 7 5 9 9 9 8 9 14 10 9 8 7 7 9 7 10 10 5 7 9 10 13 13 17 21 13 9 9 10 10 8 5 9 7 8 12 17 25 17 12 12 13 16 7 8 7 10 14 12 9 13 10 14 7 10 8 8 5 8 12 8 8 5 8 8 12 14 5 7 8 7 5 7 5 4 10 14 14 14 10 10 7 12 17 10 7 9 9 10 8 5 8 14 8 10 9 12 16 20 14 12 8 7 7 9 13 12 8 10 7 5 9 13 13 9 9 0 13 4 5 8 7 12 10 8 9 14 7 8 7 3 8 5 7 10 8 12 7 5 7 8 5 5 9 9 10 12 13 17 13 14 8 12 8 8 12 17 13 7 10 9 8 3 0 7 4 7 5 5 | shim fwd=89853 writeErr=0 drop=0 | chrome_cpu=2.37s (0.04 cores) go_cpu=5.01s
mode=raw conns=1 sharing=shared rtt=12ms jitter=0ms bw=30000000 loss=0.009 queue=5000000 rtomax=200ms sent=67108864 received=67108864 throughput=8.80 Mbps wall=8.78 Mbps chrome_cores=0.04 go_cpu=5.01s
OK gap-rto-rtt12-loss0.009-rto200ms-r1 2026-09-18T08:36:46Z
START gap-rto-rtt12-loss0.009-rto500ms-r1 2026-09-18T08:36:46Z --mode raw --rtt 12 --size 64MiB --chunk 16KiB --backpressure poll --bandwidth 30MB --queue 5MB --deadline 180 --loss 0.009 --rtomax 500ms
trace raw conns=1 rtt=12 loss=0.009 mbps/100ms: 0 0 0 0 0 33 12 7 7 7 5 4 9 10 8 12 14 14 12 8 5 8 9 9 8 8 9 13 9 7 7 7 10 9 8 5 7 7 7 10 9 9 12 10 10 8 8 10 16 12 16 13 18 21 26 10 9 9 7 5 8 13 12 9 7 10 10 5 8 12 12 12 12 17 13 17 9 9 8 9 10 9 9 7 5 10 16 12 5 7 7 4 8 8 12 14 8 8 5 5 0 0 0 0 25 7 7 7 12 9 7 8 12 13 13 17 20 18 8 8 12 9 5 9 10 7 7 7 12 9 13 12 12 13 9 4 9 13 8 8 5 7 5 9 8 5 5 4 5 9 12 12 10 5 4 5 7 8 9 12 8 9 9 8 7 12 13 13 14 8 8 9 10 7 8 8 5 5 5 4 9 7 7 7 9 7 8 12 14 14 5 4 10 8 7 7 12 16 9 10 7 4 5 8 8 7 5 10 9 9 9 12 7 8 5 9 9 9 9 7 9 14 9 8 7 5 4 7 8 7 9 7 7 7 8 5 5 7 14 9 8 5 9 8 8 8 12 16 13 10 16 18 20 14 12 8 9 9 10 7 8 8 7 12 7 5 7 4 8 7 7 13 18 13 16 8 0 0 0 0 18 4 5 8 8 8 7 5 5 5 9 8 5 7 9 7 8 7 5 7 10 14 10 5 5 10 10 5 8 8 8 9 17 13 8 9 3 0 0 0 0 10 0 1 7 12 16 14 7 7 5 9 12 8 5 9 10 4 5 8 7 12 13 8 7 10 9 10 10 8 5 4 8 7 5 7 4 4 7 10 9 7 0 0 0 0 18 4 8 10 14 9 4 5 5 9 8 9 8 10 14 7 4 8 10 9 5 9 8 10 4 7 8 9 5 8 8 7 9 7 9 14 13 9 7 7 8 7 4 5 8 13 10 8 8 9 7 10 10 7 5 7 5 7 7 8 16 7 10 12 9 9 8 8 9 9 8 12 10 8 7 9 10 9 8 9 7 12 12 7 10 12 9 9 10 5 8 8 8 5 7 8 9 5 9 9 10 12 9 8 8 8 9 10 9 10 7 7 8 10 8 7 5 8 4 7 8 12 10 9 5 12 8 5 9 14 17 8 4 7 8 9 9 9 7 13 13 8 8 7 4 5 8 10 12 9 10 14 14 12 8 7 9 9 12 21 17 7 7 9 10 5 9 9 10 7 0 0 0 0 21 4 5 8 5 5 8 10 16 9 9 9 4 5 8 12 17 16 13 14 16 12 9 5 5 7 7 4 4 7 9 9 8 10 8 8 8 5 10 9 7 7 12 5 4 5 8 8 9 10 13 12 8 10 16 9 3 7 8 8 5 8 10 14 13 10 7 8 8 5 7 7 10 10 8 4 4 5 7 5 4 5 5 7 8 8 8 9 9 13 | shim fwd=89821 writeErr=0 drop=0 | chrome_cpu=2.33s (0.04 cores) go_cpu=5.08s
mode=raw conns=1 sharing=shared rtt=12ms jitter=0ms bw=30000000 loss=0.009 queue=5000000 rtomax=500ms sent=67108864 received=67108864 throughput=8.58 Mbps wall=8.58 Mbps chrome_cores=0.04 go_cpu=5.08s
OK gap-rto-rtt12-loss0.009-rto500ms-r1 2026-09-18T08:37:50Z
START gap-rto-rtt12-loss0.001-rtodefault-r2 2026-09-18T08:37:50Z --mode raw --rtt 12 --size 64MiB --chunk 16KiB --backpressure poll --bandwidth 30MB --queue 5MB --deadline 180 --loss 0.001
trace raw conns=1 rtt=12 loss=0.001 mbps/100ms: 0 0 0 0 0 35 96 41 38 24 18 21 18 16 14 17 24 29 34 37 35 26 33 37 43 45 25 16 12 21 22 29 35 24 21 16 24 25 29 16 14 20 16 20 22 25 18 25 16 20 20 16 24 17 20 20 18 20 26 21 20 25 33 34 37 24 31 33 38 47 47 54 64 52 34 25 16 21 24 26 37 38 25 12 13 18 21 29 14 12 20 22 25 10 14 21 24 29 37 33 26 29 33 38 42 34 28 29 22 20 20 22 26 31 29 24 28 35 28 24 21 20 26 22 21 24 33 30 24 28 31 21 24 30 31 21 26 30 38 39 51 48 55 54 22 25 25 20 24 16 10 17 21 17 20 24 26 37 38 42 31 29 35 43 30 26 35 37 41 46 25 18 24 28 34 37 18 16 20 25 28 20 14 18 22 28 34 33 22 20 17 21 28 30 37 39 35 29 31 38 | shim fwd=87510 writeErr=0 drop=0 | chrome_cpu=1.69s (0.09 cores) go_cpu=3.38s
mode=raw conns=1 sharing=shared rtt=12ms jitter=0ms bw=30000000 loss=0.001 queue=5000000 rtomax=0ms sent=67108864 received=67108864 throughput=27.56 Mbps wall=27.47 Mbps chrome_cores=0.09 go_cpu=3.38s
OK gap-rto-rtt12-loss0.001-rtodefault-r2 2026-09-18T08:38:11Z
START gap-rto-rtt12-loss0.001-rto200ms-r2 2026-09-18T08:38:11Z --mode raw --rtt 12 --size 64MiB --chunk 16KiB --backpressure poll --bandwidth 30MB --queue 5MB --deadline 180 --loss 0.001 --rtomax 200ms
trace raw conns=1 rtt=12 loss=0.001 mbps/100ms: 0 0 0 0 1 45 52 33 38 42 26 29 39 30 25 29 34 43 45 47 48 30 34 45 38 28 29 42 41 45 33 22 21 25 22 18 17 20 24 28 31 25 28 29 33 37 48 47 30 35 25 24 17 20 22 33 33 21 25 29 35 38 37 25 31 41 30 12 12 14 20 24 29 33 43 42 47 54 47 21 22 28 25 20 26 33 22 14 18 21 26 30 25 18 17 21 24 30 34 45 45 41 29 33 43 42 47 34 35 21 22 26 17 24 29 31 38 46 46 47 29 38 39 45 22 18 25 26 29 18 16 14 16 17 24 28 34 22 14 18 25 30 33 37 45 51 51 56 38 20 24 33 34 38 25 30 24 21 22 16 14 10 12 18 22 28 33 41 33 25 22 20 24 29 31 39 41 47 45 34 34 29 | shim fwd=87130 writeErr=0 drop=0 | chrome_cpu=1.67s (0.09 cores) go_cpu=3.23s
mode=raw conns=1 sharing=shared rtt=12ms jitter=0ms bw=30000000 loss=0.001 queue=5000000 rtomax=200ms sent=67108864 received=67108864 throughput=30.28 Mbps wall=30.23 Mbps chrome_cores=0.09 go_cpu=3.23s
OK gap-rto-rtt12-loss0.001-rto200ms-r2 2026-09-18T08:38:30Z
START gap-rto-rtt12-loss0.001-rto500ms-r2 2026-09-18T08:38:30Z --mode raw --rtt 12 --size 64MiB --chunk 16KiB --backpressure poll --bandwidth 30MB --queue 5MB --deadline 180 --loss 0.001 --rtomax 500ms
trace raw conns=1 rtt=12 loss=0.001 mbps/100ms: 0 0 0 0 1 93 267 60 29 22 20 25 28 17 13 17 22 31 33 26 21 16 22 22 10 14 18 26 28 37 38 43 28 30 35 43 45 56 50 30 21 26 25 21 22 28 33 43 41 39 9 13 20 16 0 0 0 0 62 5 10 14 24 24 33 34 39 43 28 17 20 17 18 24 16 22 25 29 31 22 31 31 41 42 29 18 22 26 35 35 41 45 56 55 59 64 80 75 79 66 42 33 37 37 42 46 58 55 56 21 16 17 12 16 24 25 30 26 22 31 25 24 18 14 13 16 16 16 25 28 35 26 25 30 31 38 45 25 34 35 24 28 28 21 21 14 13 13 16 17 22 30 22 21 18 18 26 26 35 24 20 10 13 17 24 29 33 37 18 16 20 24 17 20 17 17 21 28 30 35 34 24 26 21 22 28 | shim fwd=88305 writeErr=0 drop=0 | chrome_cpu=1.70s (0.09 cores) go_cpu=3.32s
mode=raw conns=1 sharing=shared rtt=12ms jitter=0ms bw=30000000 loss=0.001 queue=5000000 rtomax=500ms sent=67108864 received=67108864 throughput=29.62 Mbps wall=29.55 Mbps chrome_cores=0.09 go_cpu=3.32s
OK gap-rto-rtt12-loss0.001-rto500ms-r2 2026-09-18T08:38:49Z
START gap-rto-rtt12-loss0.009-rtodefault-r2 2026-09-18T08:38:49Z --mode raw --rtt 12 --size 64MiB --chunk 16KiB --backpressure poll --bandwidth 30MB --queue 5MB --deadline 180 --loss 0.009
trace raw conns=1 rtt=12 loss=0.009 mbps/100ms: 0 0 0 0 1 13 9 7 7 13 16 17 8 8 8 5 5 5 7 10 12 9 10 12 9 12 4 5 10 10 4 8 7 8 9 10 8 12 5 4 5 7 7 7 5 4 7 12 14 12 5 7 10 12 9 10 10 8 7 5 7 9 10 8 10 14 8 8 4 5 4 8 10 9 10 5 5 7 9 16 5 8 12 14 9 8 7 7 13 16 18 10 7 8 9 8 8 12 7 8 8 12 10 12 8 7 4 8 8 8 9 12 8 5 8 16 20 13 13 12 10 5 8 5 5 9 7 7 12 9 13 12 12 16 13 21 14 10 5 8 9 7 9 9 9 13 12 13 12 12 12 12 7 7 5 5 8 4 4 5 7 9 9 8 5 9 10 8 5 5 7 7 5 10 13 7 10 7 5 8 10 8 9 5 8 10 14 13 8 7 5 5 7 9 5 7 7 9 10 12 7 10 7 8 12 10 14 16 14 9 8 4 5 4 5 8 4 8 10 16 9 8 10 12 9 12 9 10 5 9 16 17 9 8 12 10 8 8 9 5 9 10 7 8 8 14 8 7 9 12 7 10 13 8 12 8 8 8 9 10 8 12 9 8 12 12 8 5 5 5 8 5 9 9 12 5 8 8 8 12 10 9 12 5 4 9 12 9 5 8 14 10 9 8 7 7 8 8 4 9 8 9 10 7 10 12 9 8 9 7 5 8 8 7 8 9 5 8 5 7 7 12 12 9 5 7 10 14 10 7 8 9 10 7 5 8 8 5 5 9 7 8 9 12 14 8 9 10 5 8 8 5 5 5 5 7 9 8 9 9 7 5 9 7 10 17 13 8 8 12 20 13 8 9 10 7 8 8 8 10 4 8 13 13 5 4 5 8 5 9 12 9 8 5 5 8 8 9 10 10 13 12 12 8 7 7 5 5 7 5 7 10 5 9 12 7 8 10 14 9 9 14 18 10 7 9 8 10 8 5 7 9 13 7 10 9 13 9 5 5 7 5 8 8 5 12 8 5 7 8 9 8 8 7 9 9 5 5 5 5 5 7 9 8 8 8 12 10 9 9 10 7 7 10 8 8 7 4 5 7 7 8 9 9 10 10 5 7 7 9 13 13 12 9 10 5 7 8 10 7 7 9 7 4 5 5 10 9 9 7 8 12 10 7 5 9 13 9 9 10 10 17 20 28 18 13 9 4 7 8 8 9 9 8 8 12 9 10 7 7 5 9 7 5 9 12 10 10 13 13 7 7 8 12 12 9 12 10 9 7 5 8 4 5 8 9 7 12 9 12 9 10 9 9 9 8 10 10 4 8 12 9 9 7 7 9 8 4 5 5 9 7 5 4 4 5 9 13 10 13 14 9 8 8 9 5 7 4 9 8 5 7 7 8 7 7 7 7 12 9 13 | shim fwd=89427 writeErr=0 drop=0 | chrome_cpu=2.29s (0.04 cores) go_cpu=4.96s
mode=raw conns=1 sharing=shared rtt=12ms jitter=0ms bw=30000000 loss=0.009 queue=5000000 rtomax=0ms sent=67108864 received=67108864 throughput=8.71 Mbps wall=8.70 Mbps chrome_cores=0.04 go_cpu=4.96s
OK gap-rto-rtt12-loss0.009-rtodefault-r2 2026-09-18T08:39:52Z
START gap-rto-rtt12-loss0.009-rto200ms-r2 2026-09-18T08:39:52Z --mode raw --rtt 12 --size 64MiB --chunk 16KiB --backpressure poll --bandwidth 30MB --queue 5MB --deadline 180 --loss 0.009 --rtomax 200ms
trace raw conns=1 rtt=12 loss=0.009 mbps/100ms: 0 0 0 0 0 0 0 0 1 5 7 12 7 8 7 7 10 14 10 10 10 5 8 5 8 7 5 8 10 8 12 8 9 8 8 5 5 7 12 7 8 7 5 7 10 13 8 5 7 4 5 4 7 13 16 8 9 8 7 7 7 4 7 8 7 7 5 8 9 7 5 8 12 13 9 9 8 9 10 8 8 8 3 5 4 4 9 9 9 5 8 7 7 7 8 9 12 10 4 5 7 10 10 9 9 8 8 7 8 7 7 12 16 8 5 10 14 10 16 20 14 8 9 9 8 4 7 7 7 4 4 9 10 9 5 4 4 7 5 7 10 14 16 7 8 7 10 8 10 9 10 5 8 10 8 5 8 12 9 10 5 5 7 8 4 8 9 9 9 13 9 5 7 5 12 14 12 8 8 5 7 7 5 8 9 8 5 9 12 14 8 7 7 5 8 5 8 7 4 8 7 7 7 9 13 12 7 7 7 12 13 10 10 9 8 7 8 5 10 14 18 12 7 5 8 9 7 7 12 10 12 13 9 10 4 7 9 8 12 9 8 4 8 8 9 5 7 9 9 5 4 7 10 8 7 5 5 8 10 9 12 8 4 7 10 10 7 9 8 12 16 10 9 14 17 18 16 12 7 9 7 7 5 8 4 8 13 5 7 4 8 7 9 8 5 4 5 8 8 7 10 9 0 18 3 7 9 4 0 14 7 7 5 7 5 9 7 10 10 9 8 10 12 10 9 13 12 16 18 21 13 9 10 9 7 8 8 8 12 9 9 12 16 18 18 10 10 10 10 10 8 9 16 12 12 5 7 5 7 9 16 12 10 7 9 10 9 9 5 10 10 10 16 7 5 8 13 9 10 5 5 9 8 14 13 8 8 5 7 7 8 7 8 8 4 7 8 7 8 8 9 9 7 12 12 13 16 12 9 14 20 9 8 5 5 7 13 10 8 4 9 7 7 5 5 4 7 9 5 7 8 7 7 5 5 8 14 12 13 9 9 8 10 10 5 5 8 8 10 5 7 10 9 9 7 5 8 10 10 13 10 14 21 13 8 9 8 5 8 9 8 9 5 5 1 0 10 5 13 10 9 5 10 8 10 12 9 10 13 9 9 12 10 7 9 3 0 9 0 1 4 7 5 12 17 20 16 9 5 0 9 4 5 7 10 13 12 8 13 13 5 8 13 12 9 4 8 8 8 5 4 8 8 4 7 12 9 14 10 8 8 9 10 9 9 7 5 7 7 10 8 7 7 7 10 5 5 5 5 7 10 14 20 24 14 10 5 4 5 10 5 7 7 10 13 4 5 7 7 8 10 10 7 9 10 10 10 9 9 16 13 10 10 7 5 9 9 9 10 9 7 9 5 5 7 7 5 5 9 8 12 10 14 12 8 7 5 7 8 9 9 9 8 8 5 5 4 8 12 8 4 9 13 12 9 1 | shim fwd=89631 writeErr=0 drop=0 | chrome_cpu=2.47s (0.04 cores) go_cpu=5.03s
mode=raw conns=1 sharing=shared rtt=12ms jitter=0ms bw=30000000 loss=0.009 queue=5000000 rtomax=200ms sent=67108864 received=67108864 throughput=8.57 Mbps wall=8.56 Mbps chrome_cores=0.04 go_cpu=5.03s
OK gap-rto-rtt12-loss0.009-rto200ms-r2 2026-09-18T08:40:56Z
START gap-rto-rtt12-loss0.009-rto500ms-r2 2026-09-18T08:40:56Z --mode raw --rtt 12 --size 64MiB --chunk 16KiB --backpressure poll --bandwidth 30MB --queue 5MB --deadline 180 --loss 0.009 --rtomax 500ms
trace raw conns=1 rtt=12 loss=0.009 mbps/100ms: 0 0 0 0 0 12 9 9 9 7 7 5 9 12 10 12 16 16 8 9 8 8 7 7 9 12 8 12 9 7 9 7 7 9 8 7 7 9 10 14 9 8 7 12 10 10 9 7 10 7 7 10 7 7 12 17 10 8 7 13 12 13 9 7 5 8 7 5 7 13 12 5 5 5 7 8 9 8 14 17 18 17 10 14 9 12 14 10 4 5 9 10 12 9 8 7 8 9 7 5 12 14 12 14 12 7 7 7 10 14 13 8 5 9 7 7 5 4 8 10 9 12 12 8 9 5 8 7 4 5 5 4 10 12 9 8 13 13 10 5 9 9 14 7 8 7 8 8 7 12 8 8 9 5 7 13 18 14 12 8 8 10 5 5 4 5 8 8 7 12 7 5 9 4 7 5 12 9 7 8 10 9 8 7 7 8 9 4 10 9 12 8 5 3 7 7 7 4 5 7 5 8 5 7 5 4 7 8 12 8 14 10 7 9 8 12 13 7 8 12 10 10 4 7 12 5 8 9 9 7 4 5 8 10 5 4 7 7 7 7 7 7 7 7 8 9 9 10 8 9 9 7 4 5 7 13 18 20 16 10 8 8 8 7 5 12 8 7 8 8 10 5 7 5 5 7 8 7 9 13 9 5 7 8 10 20 14 5 5 8 5 9 10 8 10 9 10 10 16 8 7 5 9 7 8 9 13 10 4 5 7 7 8 5 7 5 5 7 10 10 7 5 7 12 8 5 7 10 8 7 7 8 8 10 16 17 7 9 9 5 8 13 8 5 9 9 12 9 5 5 7 8 9 5 5 8 8 5 12 13 8 8 10 16 17 7 5 7 7 8 7 10 9 7 8 7 7 7 5 7 7 10 9 5 5 7 12 8 9 7 10 16 12 9 13 12 9 9 8 7 5 4 8 14 8 7 9 13 12 16 18 20 8 7 7 8 12 16 8 12 12 10 7 9 14 17 8 10 5 12 13 14 8 8 9 10 5 5 9 12 5 7 10 16 8 10 9 8 13 12 13 10 9 12 10 9 13 14 13 7 5 8 9 5 4 7 12 17 12 7 9 5 7 7 7 7 8 5 5 5 7 8 8 9 9 7 8 9 4 5 10 10 10 8 8 8 7 8 9 9 8 7 4 8 12 17 12 9 8 12 12 9 9 9 8 14 10 7 9 10 12 9 13 10 8 9 10 10 8 7 8 8 5 4 9 7 9 14 18 24 14 12 9 12 17 7 7 7 4 8 10 9 9 12 4 8 4 7 5 7 13 9 16 10 14 14 8 8 10 13 9 10 10 9 7 7 7 5 4 9 12 14 13 16 7 7 8 9 8 10 8 9 10 12 4 9 10 9 8 9 5 8 8 9 14 10 8 8 5 5 8 8 | shim fwd=89426 writeErr=0 drop=0 | chrome_cpu=2.39s (0.04 cores) go_cpu=5.06s
mode=raw conns=1 sharing=shared rtt=12ms jitter=0ms bw=30000000 loss=0.009 queue=5000000 rtomax=500ms sent=67108864 received=67108864 throughput=8.84 Mbps wall=8.84 Mbps chrome_cores=0.04 go_cpu=5.06s
OK gap-rto-rtt12-loss0.009-rto500ms-r2 2026-09-18T08:41:58Z
START gap-rtt71-loss0.0002-r1 2026-09-18T08:41:59Z --mode raw --rtt 71 --size 64MiB --chunk 16KiB --backpressure poll --bandwidth 30MB --queue 5MB --deadline 180 --loss 0.0002
trace raw conns=1 rtt=71 loss=0.0002 mbps/100ms: 0 0 0 0 0 0 0 0 0 1 1 3 20 28 55 166 47 60 59 30 30 46 14 31 16 16 31 16 16 33 17 33 16 17 34 17 17 34 17 18 35 17 37 13 13 18 10 9 20 9 20 10 10 20 10 10 22 10 10 12 5 12 7 5 13 7 7 13 7 7 14 8 14 7 8 16 8 8 16 8 17 9 8 17 9 9 18 9 9 20 9 20 10 9 21 10 10 21 10 20 13 12 22 10 12 22 7 7 10 7 13 7 7 13 8 7 14 8 14 8 8 16 8 8 16 9 7 9 5 8 5 5 9 5 7 9 5 10 7 5 12 7 7 13 7 13 7 7 14 7 8 14 1 10 8 4 8 5 4 9 5 4 10 5 10 5 7 10 7 7 12 5 13 7 7 13 8 7 14 7 8 14 8 16 8 8 16 8 8 17 9 9 16 5 9 5 5 9 5 5 10 5 8 9 7 12 7 5 13 7 7 14 7 8 14 7 16 7 8 16 8 9 16 9 8 17 9 17 9 9 18 9 9 16 0 16 5 5 10 5 5 12 5 7 12 5 13 7 7 13 7 7 14 8 8 14 4 10 4 5 8 4 5 9 4 5 10 4 5 12 5 10 7 5 12 7 7 10 7 4 7 3 8 4 4 8 5 4 9 4 5 9 5 10 5 5 12 5 5 12 7 7 12 7 8 12 7 14 7 7 14 8 9 13 8 16 8 9 16 9 9 17 8 10 17 9 18 10 9 20 9 10 20 10 21 10 10 22 10 10 12 16 12 5 7 13 5 7 13 7 8 13 7 14 8 8 14 8 9 16 8 9 16 9 17 9 8 18 9 10 18 9 20 10 9 21 9 10 21 10 12 21 10 18 4 16 12 7 5 13 7 8 12 7 8 12 8 8 10 3 8 4 5 8 5 9 4 5 9 5 5 10 7 7 10 5 12 7 7 13 7 7 13 8 7 14 7 16 8 7 16 8 9 16 8 9 16 9 9 13 4 9 5 5 10 5 10 5 7 10 4 3 7 3 4 8 3 4 8 4 5 8 4 5 9 5 7 8 5 7 10 5 7 10 5 13 7 5 13 7 7 14 7 7 14 8 9 13 8 9 14 8 17 8 9 17 9 8 18 3 | shim fwd=87768 writeErr=0 drop=0 | chrome_cpu=1.90s (0.04 cores) go_cpu=4.05s
mode=raw conns=1 sharing=shared rtt=71ms jitter=0ms bw=30000000 loss=0.0002 queue=5000000 rtomax=0ms sent=67108864 received=67108864 throughput=10.96 Mbps wall=10.95 Mbps chrome_cores=0.04 go_cpu=4.05s
OK gap-rtt71-loss0.0002-r1 2026-09-18T08:42:49Z
START gap-rtt71-loss0.0002-r2 2026-09-18T08:42:49Z --mode raw --rtt 71 --size 64MiB --chunk 16KiB --backpressure poll --bandwidth 30MB --queue 5MB --deadline 180 --loss 0.0002
trace raw conns=1 rtt=71 loss=0.0002 mbps/100ms: 0 0 0 0 0 0 0 0 0 1 1 3 21 10 35 38 13 29 10 9 20 10 10 13 13 10 5 7 12 5 7 12 7 8 12 7 14 7 8 14 7 9 14 8 16 8 8 17 8 9 17 9 9 17 9 18 9 10 18 10 9 21 9 21 10 10 22 10 10 22 12 13 21 12 24 12 13 24 12 13 25 13 14 24 13 26 14 13 26 14 13 29 14 10 17 7 16 8 7 16 8 0 17 4 8 5 4 10 5 4 10 5 7 10 5 12 5 7 13 5 7 13 8 7 13 8 14 8 8 14 8 8 16 8 10 14 9 17 9 8 18 9 9 18 10 10 8 13 10 5 7 9 7 7 10 7 12 7 7 13 7 7 14 7 14 8 7 16 8 8 16 8 8 17 9 17 8 9 18 9 9 18 9 10 18 10 10 20 10 21 10 10 21 12 10 22 12 10 10 17 8 10 3 9 4 4 7 4 4 8 4 4 9 4 9 5 4 10 5 5 10 5 7 10 5 13 5 7 12 7 7 14 7 8 13 8 14 8 7 16 8 8 17 8 10 16 8 18 8 9 18 9 12 17 10 17 12 10 21 10 10 21 10 12 10 10 9 5 3 7 4 3 8 4 4 8 5 8 5 4 10 4 5 10 5 5 10 7 10 7 5 13 5 7 13 7 13 8 7 14 7 8 16 7 8 17 3 13 4 4 9 5 4 10 5 5 10 5 10 7 5 12 7 7 12 7 7 14 7 7 14 8 14 8 7 16 8 8 16 9 5 10 5 9 4 5 10 4 5 12 5 5 12 5 12 7 7 12 7 7 14 7 8 14 0 14 4 4 8 4 5 8 5 5 9 5 10 5 5 10 7 5 12 7 7 13 7 13 7 7 13 8 7 14 8 8 16 8 16 8 8 17 8 9 17 9 10 17 9 18 9 10 20 9 10 21 10 10 21 10 21 12 10 22 12 12 24 12 10 17 5 13 7 7 13 7 7 14 7 8 14 8 16 8 8 16 8 9 16 9 9 17 9 18 9 9 20 9 10 20 10 9 21 10 12 9 16 12 5 5 12 7 7 12 7 8 12 8 13 8 7 16 7 8 16 8 8 17 8 8 17 9 10 16 9 9 18 9 20 9 10 20 10 10 20 7 9 10 5 7 10 7 5 13 5 7 13 7 7 14 7 7 16 7 9 | shim fwd=87098 writeErr=0 drop=0 | chrome_cpu=1.88s (0.04 cores) go_cpu=4.02s
mode=raw conns=1 sharing=shared rtt=71ms jitter=0ms bw=30000000 loss=0.0002 queue=5000000 rtomax=0ms sent=67108864 received=67108864 throughput=10.42 Mbps wall=10.41 Mbps chrome_cores=0.04 go_cpu=4.02s
OK gap-rtt71-loss0.0002-r2 2026-09-18T08:43:43Z
START gap-rtt71-loss0.0002-r3 2026-09-18T08:43:43Z --mode raw --rtt 71 --size 64MiB --chunk 16KiB --backpressure poll --bandwidth 30MB --queue 5MB --deadline 180 --loss 0.0002
trace raw conns=1 rtt=71 loss=0.0002 mbps/100ms: 0 0 0 0 0 0 0 0 0 1 1 3 21 26 56 5 190 59 56 30 30 58 3 56 14 16 30 16 16 30 16 18 30 17 30 0 0 0 0 0 0 0 0 0 0 113 1 0 3 3 4 9 4 7 8 5 10 5 5 10 5 7 10 7 7 12 7 13 5 8 13 7 7 14 8 7 16 8 14 9 8 16 9 8 17 9 10 17 8 20 9 9 20 9 10 20 10 10 20 12 21 8 8 12 5 7 12 5 13 5 7 13 7 8 13 8 7 14 8 14 8 8 17 8 8 17 9 8 18 8 10 17 9 20 9 10 20 9 10 20 10 10 21 12 21 12 10 22 3 14 12 7 12 7 7 13 7 7 14 7 9 13 7 8 16 8 16 8 9 17 8 9 17 3 12 4 3 5 3 3 7 4 3 7 4 4 8 4 8 4 4 5 3 1 5 3 4 5 3 7 4 3 8 4 5 7 4 8 5 4 9 5 4 10 5 7 9 5 12 5 7 12 5 7 13 7 7 13 8 13 8 8 14 8 8 16 8 9 16 8 17 8 9 17 9 9 18 9 9 20 9 20 10 10 20 10 10 21 10 13 21 10 17 5 5 13 5 7 13 7 7 13 7 14 7 8 14 8 8 16 8 8 17 8 17 9 9 17 9 9 10 13 4 10 5 10 5 5 12 5 7 12 5 7 13 7 9 10 7 13 5 4 8 3 5 8 4 4 9 5 9 5 5 9 7 5 10 5 8 10 7 12 7 7 13 7 8 13 8 8 13 8 16 8 1 14 4 5 8 4 9 5 5 10 5 5 10 7 5 12 7 12 7 7 13 7 7 14 7 7 16 7 16 8 7 16 9 9 14 9 8 14 4 9 4 5 10 5 4 12 5 7 10 5 12 7 7 13 5 9 12 3 10 4 4 8 4 4 9 4 9 5 5 9 5 5 10 5 7 10 5 12 7 5 13 1 9 7 4 3 8 4 5 8 4 9 4 5 10 4 5 10 5 8 9 5 7 12 7 12 7 7 13 7 7 14 7 8 14 8 9 13 9 16 8 8 14 4 4 9 4 10 4 5 10 5 5 12 5 7 12 5 7 13 7 13 7 7 14 8 7 14 8 8 16 8 9 14 9 16 9 8 18 8 9 18 9 9 20 9 10 20 9 10 21 10 10 21 10 12 21 0 17 12 5 7 12 7 7 13 7 7 14 7 8 10 | shim fwd=88766 writeErr=0 drop=0 | chrome_cpu=1.94s (0.04 cores) go_cpu=4.15s
mode=raw conns=1 sharing=shared rtt=71ms jitter=0ms bw=30000000 loss=0.0002 queue=5000000 rtomax=0ms sent=67108864 received=67108864 throughput=10.21 Mbps wall=10.20 Mbps chrome_cores=0.04 go_cpu=4.15s
OK gap-rtt71-loss0.0002-r3 2026-09-18T08:44:37Z
GAPFILL DONE 2026-09-18T08:44:37Z
