--- A1-write 2026-09-18T22:55:04Z
18:55  up 19 days,  1:13, 24 users, load averages: 4.01 3.78 3.37
vm.swapusage: total = 7168.00M  used = 6198.31M  free = 969.69M  (encrypted)
--- A1-write-after 2026-09-18T22:55:08Z
18:55  up 19 days,  1:13, 24 users, load averages: 4.25 3.83 3.40
vm.swapusage: total = 7168.00M  used = 6198.31M  free = 969.69M  (encrypted)
OK A1-write               n=3 ns/syscall mean=2616.4 min=2579.2 max=2675.5 | cpu_s/GBpayload mean=2.40 min=2.37 max=2.46
--- A2-connwrite 2026-09-18T22:55:08Z
18:55  up 19 days,  1:13, 24 users, load averages: 4.25 3.83 3.40
vm.swapusage: total = 7168.00M  used = 6198.31M  free = 969.69M  (encrypted)
--- A2-connwrite-after 2026-09-18T22:55:11Z
18:55  up 19 days,  1:13, 24 users, load averages: 3.98 3.78 3.38
vm.swapusage: total = 7168.00M  used = 6198.31M  free = 969.69M  (encrypted)
OK A2-connwrite           n=3 ns/syscall mean=1830.7 min=1800.0 max=1859.2 | cpu_s/GBpayload mean=1.68 min=1.65 max=1.71
--- A3-mmsg 2026-09-18T22:55:11Z
18:55  up 19 days,  1:13, 24 users, load averages: 3.98 3.78 3.38
vm.swapusage: total = 7168.00M  used = 6198.31M  free = 969.69M  (encrypted)
--- A3-mmsg-after 2026-09-18T22:55:14Z
18:55  up 19 days,  1:13, 24 users, load averages: 3.98 3.78 3.38
vm.swapusage: total = 7168.00M  used = 6198.31M  free = 969.69M  (encrypted)
OK A3-mmsg                n=1 ns/syscall mean=0.0 min=0.0 max=0.0 | cpu_s/GBpayload mean=0.00 min=0.00 max=0.00
--- A4-gso 2026-09-18T22:55:14Z
18:55  up 19 days,  1:13, 24 users, load averages: 3.98 3.78 3.38
vm.swapusage: total = 7168.00M  used = 6198.31M  free = 969.69M  (encrypted)
--- A4-gso-after 2026-09-18T22:55:17Z
18:55  up 19 days,  1:13, 24 users, load averages: 3.75 3.74 3.37
vm.swapusage: total = 7168.00M  used = 6198.31M  free = 969.69M  (encrypted)
OK A4-gso                 n=1 ns/syscall mean=0.0 min=0.0 max=0.0 | cpu_s/GBpayload mean=0.00 min=0.00 max=0.00
--- A5-writebig-b2 2026-09-18T22:55:17Z
18:55  up 19 days,  1:13, 24 users, load averages: 3.75 3.74 3.37
vm.swapusage: total = 7168.00M  used = 6198.31M  free = 969.69M  (encrypted)
--- A5-writebig-b2-after 2026-09-18T22:55:20Z
18:55  up 19 days,  1:13, 24 users, load averages: 3.69 3.72 3.36
vm.swapusage: total = 7168.00M  used = 6198.31M  free = 969.69M  (encrypted)
OK A5-writebig-b2         n=3 ns/syscall mean=2649.6 min=2618.1 max=2698.6 | cpu_s/GBpayload mean=1.22 min=1.20 max=1.24
--- A6-writebig-b4 2026-09-18T22:55:20Z
18:55  up 19 days,  1:13, 24 users, load averages: 3.69 3.72 3.36
vm.swapusage: total = 7168.00M  used = 6198.31M  free = 969.69M  (encrypted)
--- A6-writebig-b4-after 2026-09-18T22:55:23Z
18:55  up 19 days,  1:13, 24 users, load averages: 3.69 3.72 3.36
vm.swapusage: total = 7168.00M  used = 6198.31M  free = 969.69M  (encrypted)
OK A6-writebig-b4         n=3 ns/syscall mean=2755.4 min=2735.6 max=2779.7 | cpu_s/GBpayload mean=0.63 min=0.63 max=0.64
--- A7-writebig-b8 2026-09-18T22:55:24Z
18:55  up 19 days,  1:13, 24 users, load averages: 3.69 3.72 3.36
vm.swapusage: total = 7168.00M  used = 6198.31M  free = 969.69M  (encrypted)
--- A7-writebig-b8-after 2026-09-18T22:55:27Z
18:55  up 19 days,  1:13, 24 users, load averages: 3.47 3.68 3.35
vm.swapusage: total = 7168.00M  used = 6198.31M  free = 969.69M  (encrypted)
OK A7-writebig-b8         n=3 ns/syscall mean=2906.4 min=2858.9 max=2988.4 | cpu_s/GBpayload mean=0.33 min=0.33 max=0.34
--- A8-writebig-b16 2026-09-18T22:55:27Z
18:55  up 19 days,  1:13, 24 users, load averages: 3.47 3.68 3.35
vm.swapusage: total = 7168.00M  used = 6198.31M  free = 969.69M  (encrypted)
--- A8-writebig-b16-after 2026-09-18T22:55:30Z
18:55  up 19 days,  1:13, 24 users, load averages: 3.51 3.68 3.35
vm.swapusage: total = 7168.00M  used = 6198.31M  free = 969.69M  (encrypted)
OK A8-writebig-b16        n=3 ns/syscall mean=3418.3 min=3135.8 max=3909.1 | cpu_s/GBpayload mean=0.20 min=0.18 max=0.22
--- A9-writebig-b32 2026-09-18T22:55:30Z
18:55  up 19 days,  1:13, 24 users, load averages: 3.51 3.68 3.35
vm.swapusage: total = 7168.00M  used = 6198.31M  free = 969.69M  (encrypted)
--- A9-writebig-b32-after 2026-09-18T22:55:33Z
18:55  up 19 days,  1:13, 24 users, load averages: 3.51 3.68 3.35
vm.swapusage: total = 7168.00M  used = 6198.31M  free = 969.69M  (encrypted)
OK A9-writebig-b32        n=3 ns/syscall mean=4185.8 min=3558.9 max=5419.0 | cpu_s/GBpayload mean=0.12 min=0.10 max=0.16
--- B1-prod-cap10MB-r1 2026-09-18T22:56:30Z
18:56  up 19 days,  1:14, 24 users, load averages: 2.75 3.42 3.28
vm.swapusage: total = 7168.00M  used = 6198.31M  free = 969.69M  (encrypted)
--- B1-prod-cap10MB-r2 2026-09-18T22:56:43Z
18:56  up 19 days,  1:15, 24 users, load averages: 3.38 3.54 3.32
vm.swapusage: total = 7168.00M  used = 6198.31M  free = 969.69M  (encrypted)
--- B2-raw-cap10MB-r1 2026-09-18T22:57:43Z
18:57  up 19 days,  1:16, 24 users, load averages: 2.56 3.25 3.22
vm.swapusage: total = 7168.00M  used = 6198.31M  free = 969.69M  (encrypted)
--- A1b-write-control 2026-09-18T22:57:53Z
18:57  up 19 days,  1:16, 24 users, load averages: 2.80 3.27 3.23
vm.swapusage: total = 7168.00M  used = 6198.31M  free = 969.69M  (encrypted)
