[02:49:31] e1_rtt12_loss0_bw0_q0_r1         status=ok rc=0 wall=3s mbps=484.2782896723105 load0=3.91 3.98 3.96
[02:49:34] e1_rtt12_loss0_bw0_q0_r2         status=ok rc=0 wall=3s mbps=498.8115878693536 load0=5.12 4.23 4.05
[02:49:37] e1_rtt12_loss0_bw0_q0_r3         status=ok rc=0 wall=3s mbps=501.0461147923472 load0=5.12 4.23 4.05
[02:49:57] e1_rtt12_loss0.001_bw0_q0_r1     status=ok rc=0 wall=20s mbps=29.444689467487656 load0=5.59 4.35 4.09
[02:50:18] e1_rtt12_loss0.001_bw0_q0_r2     status=ok rc=0 wall=21s mbps=28.339293511753024 load0=6.52 4.63 4.20
[02:50:36] e1_rtt12_loss0.001_bw0_q0_r3     status=ok rc=0 wall=18s mbps=32.04759418118874 load0=6.11 4.68 4.22
[02:51:44] e1_rtt12_loss0.01_bw0_q0_r1      status=ok rc=0 wall=68s mbps=8.015618717145655 load0=5.29 4.59 4.20
[02:52:50] e1_rtt12_loss0.01_bw0_q0_r2      status=ok rc=0 wall=66s mbps=8.405563597807426 load0=6.35 4.86 4.32
[02:53:58] e1_rtt12_loss0.01_bw0_q0_r3      status=ok rc=0 wall=68s mbps=8.025468107899508 load0=4.43 4.57 4.25
[02:54:15] e1_rtt71_loss0_bw0_q0_r1         status=ok rc=0 wall=17s mbps=35.87126748917062 load0=4.03 4.44 4.22
[02:54:52] e1_rtt71_loss0_bw0_q0_r2         status=ok rc=0 wall=37s mbps=15.86596425907842 load0=3.67 4.34 4.19
[02:54:57] e1_rtt71_loss0_bw0_q0_r3         status=ok rc=0 wall=5s mbps=209.7889539173887 load0=3.39 4.18 4.14
[02:56:41] e1_rtt71_loss0.001_bw0_q0_r1     status=ok rc=0 wall=104s mbps=5.2476613164118255 load0=3.36 4.16 4.13
[02:58:25] e1_rtt71_loss0.001_bw0_q0_r2     status=ok rc=0 wall=104s mbps=5.286498777515892 load0=2.84 3.68 3.94
[02:59:55] e1_rtt71_loss0.001_bw0_q0_r3     status=ok rc=0 wall=90s mbps=6.184194052985026 load0=3.04 3.49 3.83
[03:01:57] e1_rtt71_loss0.01_bw0_q0_r1      status=ok rc=0 wall=122s mbps=1.5450036021821794 load0=2.89 3.27 3.71
[03:04:00] e1_rtt71_loss0.01_bw0_q0_r2      status=ok rc=0 wall=123s mbps=1.5384731078314235 load0=2.94 3.20 3.62
[03:06:02] e1_rtt71_loss0.01_bw0_q0_r3      status=ok rc=0 wall=122s mbps=1.5332220090908921 load0=2.93 3.19 3.56
[03:06:13] e1_rtt12_loss0_bw8MB_q5MB_r1     status=ok rc=0 wall=11s mbps=59.53589780048769 load0=2.50 2.98 3.43
[03:06:24] e1_rtt12_loss0_bw8MB_q5MB_r2     status=ok rc=0 wall=11s mbps=59.53391721005072 load0=2.51 2.97 3.42
[03:06:35] e1_rtt12_loss0_bw8MB_q5MB_r3     status=ok rc=0 wall=11s mbps=59.51873705651337 load0=2.28 2.90 3.39
[03:06:46] e1_rtt71_loss0_bw8MB_q5MB_r1     status=ok rc=0 wall=11s mbps=57.53071850261077 load0=2.24 2.87 3.37
[03:06:57] e1_rtt71_loss0_bw8MB_q5MB_r2     status=ok rc=0 wall=11s mbps=57.52270518120871 load0=2.44 2.89 3.37
[03:07:44] e1_rtt71_loss0_bw8MB_q5MB_r3     status=ok rc=0 wall=47s mbps=11.769535923204609 load0=3.24 3.06 3.42
[03:07:59] e1_rtt12_loss0_bw8MB_q100KB_r1   status=ok rc=0 wall=15s mbps=43.32049640926329 load0=2.63 2.95 3.36
[03:08:13] e1_rtt12_loss0_bw8MB_q100KB_r2   status=ok rc=0 wall=14s mbps=42.65111515392254 load0=2.42 2.88 3.33
[03:08:28] e1_rtt12_loss0_bw8MB_q100KB_r3   status=ok rc=0 wall=15s mbps=41.075952318865916 load0=2.80 2.94 3.34
[03:09:39] e1_rtt71_loss0_bw8MB_q100KB_r1   status=ok rc=0 wall=71s mbps=7.776015897608733 load0=3.43 3.06 3.38
[03:10:50] e1_rtt71_loss0_bw8MB_q100KB_r2   status=ok rc=0 wall=71s mbps=7.905239651148993 load0=2.60 2.88 3.28
[03:12:01] e1_rtt71_loss0_bw8MB_q100KB_r3   status=ok rc=0 wall=70s mbps=7.842672233343432 load0=2.72 2.85 3.24
[03:12:39] e1_rtt12_loss0_bw2MB_q64KB_r1    status=ok rc=0 wall=38s mbps=14.785759074635086 load0=4.03 3.17 3.32
[03:13:17] e1_rtt12_loss0_bw2MB_q64KB_r2    status=ok rc=0 wall=38s mbps=14.78567763326269 load0=2.74 2.97 3.24
[03:15:16] e1_rtt71_loss0_bw2MB_q64KB_r1    status=ok rc=0 wall=119s mbps=4.585066273125404 load0=2.58 2.91 3.21
[03:17:16] e1_rtt71_loss0_bw2MB_q64KB_r2    status=ok rc=0 wall=120s mbps=4.581685509862268 load0=2.76 3.07 3.25
=== DONE Fri Sep 18 03:17:16 EDT 2026 ===
