[02:15:42] raw_rtt12_rto0_r1          status=ok rc=0 wall=3s mbps=502.9706877196464 load0=3.42 3.62 3.49
[02:15:45] raw_rtt12_rto500ms_r1      status=ok rc=0 wall=3s mbps=491.64002930402927 load0=3.42 3.62 3.49
[02:15:48] raw_rtt12_rto200ms_r1      status=ok rc=0 wall=3s mbps=472.3481540844889 load0=3.23 3.58 3.47
[02:15:51] raw_rtt12_rto0_r2          status=ok rc=0 wall=3s mbps=490.2035354059763 load0=3.23 3.58 3.47
[02:15:54] raw_rtt12_rto500ms_r2      status=ok rc=0 wall=3s mbps=438.9427782208003 load0=3.13 3.55 3.46
[02:15:57] raw_rtt12_rto200ms_r2      status=ok rc=0 wall=3s mbps=491.32507730994035 load0=4.00 3.72 3.52
[02:16:00] raw_rtt12_rto0_r3          status=ok rc=0 wall=3s mbps=495.45119236549453 load0=4.00 3.72 3.52
[02:16:03] raw_rtt12_rto500ms_r3      status=ok rc=0 wall=3s mbps=500.6723044146917 load0=4.00 3.73 3.53
[02:16:07] raw_rtt12_rto200ms_r3      status=ok rc=0 wall=3s mbps=483.27564313071497 load0=3.76 3.68 3.51
[02:16:10] raw_rtt25_rto500ms_r1      status=ok rc=0 wall=3s mbps=425.71636820164997 load0=3.76 3.68 3.51
[02:16:13] raw_rtt25_rto200ms_r1      status=ok rc=0 wall=3s mbps=446.90827605203555 load0=4.98 3.94 3.60
[02:16:16] raw_rtt25_rto0_r1          status=ok rc=0 wall=3s mbps=454.821172539023 load0=4.98 3.94 3.60
[02:16:20] raw_rtt25_rto500ms_r2      status=ok rc=0 wall=4s mbps=244.3765815626375 load0=4.66 3.89 3.59
[02:16:23] raw_rtt25_rto200ms_r2      status=ok rc=0 wall=3s mbps=405.46100146414 load0=4.53 3.87 3.58
[02:16:26] raw_rtt25_rto0_r2          status=ok rc=0 wall=3s mbps=449.94209854051724 load0=4.53 3.87 3.58
[02:16:29] raw_rtt25_rto500ms_r3      status=ok rc=0 wall=3s mbps=435.38310918637416 load0=4.33 3.84 3.57
[02:16:32] raw_rtt25_rto200ms_r3      status=ok rc=0 wall=3s mbps=443.1090393217714 load0=4.30 3.84 3.57
[02:16:35] raw_rtt25_rto0_r3          status=ok rc=0 wall=3s mbps=431.98496300337837 load0=4.30 3.84 3.57
[02:16:39] raw_rtt71_rto200ms_r1      status=ok rc=0 wall=4s mbps=245.39304873009476 load0=5.00 3.99 3.63
[02:16:43] raw_rtt71_rto0_r1          status=ok rc=0 wall=4s mbps=327.2804877144707 load0=5.00 4.01 3.64
[02:16:54] raw_rtt71_rto500ms_r1      status=ok rc=0 wall=11s mbps=60.17922611436559 load0=5.00 4.01 3.64
[02:16:58] raw_rtt71_rto200ms_r2      status=ok rc=0 wall=4s mbps=250.4763049527997 load0=5.29 4.14 3.69
[02:17:02] raw_rtt71_rto0_r2          status=ok rc=0 wall=4s mbps=328.30117532908616 load0=5.29 4.14 3.69
[02:17:06] raw_rtt71_rto500ms_r2      status=ok rc=0 wall=4s mbps=328.78370504540675 load0=5.75 4.25 3.73
[02:17:10] raw_rtt71_rto200ms_r3      status=ok rc=0 wall=4s mbps=330.50413196779164 load0=5.69 4.26 3.74
[02:17:15] raw_rtt71_rto0_r3          status=ok rc=0 wall=5s mbps=184.13105326035597 load0=6.11 4.37 3.78
[02:17:19] raw_rtt71_rto500ms_r3      status=ok rc=0 wall=4s mbps=328.56236964504285 load0=6.58 4.50 3.83
[02:17:36] raw_rtt100_rto0_r1         status=ok rc=0 wall=17s mbps=35.73398153655845 load0=7.26 4.67 3.90
[02:17:41] raw_rtt100_rto500ms_r1     status=ok rc=0 wall=5s mbps=242.76324304770517 load0=6.17 4.56 3.87
[02:17:47] raw_rtt100_rto200ms_r1     status=ok rc=0 wall=6s mbps=164.16062621830494 load0=5.91 4.53 3.86
[02:17:53] raw_rtt100_rto0_r2         status=ok rc=0 wall=5s mbps=200.54197154350797 load0=5.60 4.49 3.85
[02:17:58] raw_rtt100_rto500ms_r2     status=ok rc=0 wall=5s mbps=243.34643824060137 load0=5.23 4.43 3.83
[02:18:03] raw_rtt100_rto200ms_r2     status=ok rc=0 wall=5s mbps=242.78519966154607 load0=5.05 4.41 3.83
[02:18:08] raw_rtt100_rto0_r3         status=ok rc=0 wall=5s mbps=242.87306582221217 load0=5.05 4.42 3.83
[02:18:15] raw_rtt100_rto500ms_r3     status=ok rc=0 wall=7s mbps=125.24399571034017 load0=6.00 4.63 3.91
[02:18:20] raw_rtt100_rto200ms_r3     status=ok rc=0 wall=5s mbps=243.05999273525893 load0=5.84 4.64 3.92
[02:18:23] prod_rtt12_rto0_r1         status=ok rc=0 wall=3s mbps=539.3519308303831 load0=6.17 4.73 3.96
[02:18:26] prod_rtt12_rto500ms_r1     status=ok rc=0 wall=3s mbps=545.3788215643932 load0=6.17 4.73 3.96
[02:18:29] prod_rtt12_rto200ms_r1     status=ok rc=0 wall=3s mbps=537.3007525764407 load0=5.84 4.68 3.95
[02:18:32] prod_rtt12_rto0_r2         status=ok rc=0 wall=3s mbps=531.4501207430791 load0=5.69 4.67 3.95
[02:18:35] prod_rtt12_rto500ms_r2     status=ok rc=0 wall=3s mbps=535.2117554814448 load0=5.69 4.67 3.95
[02:18:38] prod_rtt12_rto200ms_r2     status=ok rc=0 wall=3s mbps=535.2651166500499 load0=6.51 4.86 4.02
[02:18:41] prod_rtt12_rto0_r3         status=ok rc=0 wall=3s mbps=532.0294439836414 load0=6.51 4.86 4.02
[02:18:44] prod_rtt12_rto500ms_r3     status=ok rc=0 wall=3s mbps=519.8207901092051 load0=6.15 4.81 4.01
[02:18:47] prod_rtt12_rto200ms_r3     status=ok rc=0 wall=3s mbps=532.504376216591 load0=6.30 4.86 4.03
[02:18:50] prod_rtt25_rto500ms_r1     status=ok rc=0 wall=3s mbps=492.49693793869204 load0=6.30 4.86 4.03
[02:18:53] prod_rtt25_rto200ms_r1     status=ok rc=0 wall=3s mbps=494.7662999236795 load0=6.52 4.93 4.06
[02:18:56] prod_rtt25_rto0_r1         status=ok rc=0 wall=3s mbps=504.6727881406888 load0=6.52 4.93 4.06
[02:18:59] prod_rtt25_rto500ms_r2     status=ok rc=0 wall=3s mbps=494.17425632427484 load0=6.23 4.90 4.05
[02:19:02] prod_rtt25_rto200ms_r2     status=ok rc=0 wall=3s mbps=502.12393574239854 load0=5.98 4.87 4.04
[02:19:05] prod_rtt25_rto0_r2         status=ok rc=0 wall=3s mbps=488.46411795704086 load0=5.98 4.87 4.04
[02:19:08] prod_rtt25_rto500ms_r3     status=ok rc=0 wall=3s mbps=488.50856414922663 load0=6.22 4.94 4.07
[02:19:11] prod_rtt25_rto200ms_r3     status=ok rc=0 wall=3s mbps=495.45119225648307 load0=6.22 4.94 4.07
[02:19:14] prod_rtt25_rto0_r3         status=ok rc=0 wall=3s mbps=488.15322060672577 load0=6.76 5.07 4.13
[02:19:19] prod_rtt71_rto200ms_r1     status=ok rc=0 wall=5s mbps=172.80510879626627 load0=7.10 5.17 4.17
[02:19:23] prod_rtt71_rto0_r1         status=ok rc=0 wall=4s mbps=373.6053667362561 load0=7.41 5.26 4.21
[02:19:28] prod_rtt71_rto500ms_r1     status=ok rc=0 wall=5s mbps=185.6913779714809 load0=7.41 5.26 4.21
[02:19:35] prod_rtt71_rto200ms_r2     status=ok rc=0 wall=7s mbps=107.46660368326715 load0=7.22 5.26 4.21
[02:19:40] prod_rtt71_rto0_r2         status=ok rc=0 wall=5s mbps=257.1959911734559 load0=7.40 5.37 4.26
[02:19:44] prod_rtt71_rto500ms_r2     status=ok rc=0 wall=4s mbps=372.6458749095793 load0=7.37 5.39 4.28
[02:19:56] prod_rtt71_rto200ms_r3     status=ok rc=0 wall=12s mbps=52.968311216538986 load0=7.10 5.37 4.27
[02:20:01] prod_rtt71_rto0_r3         status=ok rc=0 wall=5s mbps=184.27009164235454 load0=6.61 5.32 4.27
[02:20:07] prod_rtt71_rto500ms_r3     status=ok rc=0 wall=6s mbps=154.2156412855409 load0=6.88 5.40 4.30
[02:20:12] prod_rtt100_rto0_r1        status=ok rc=0 wall=5s mbps=270.60025806451614 load0=6.57 5.36 4.29
[02:20:20] prod_rtt100_rto500ms_r1    status=ok rc=0 wall=8s mbps=99.76046380435444 load0=6.28 5.32 4.29
[02:20:29] prod_rtt100_rto200ms_r1    status=ok rc=0 wall=9s mbps=81.24805714224146 load0=5.62 5.21 4.26
[02:20:36] prod_rtt100_rto0_r2        status=ok rc=0 wall=7s mbps=112.07927016360591 load0=5.51 5.20 4.27
[02:20:42] prod_rtt100_rto500ms_r2    status=ok rc=0 wall=6s mbps=180.64905011132342 load0=5.39 5.18 4.27
[02:20:54] prod_rtt100_rto200ms_r2    status=ok rc=0 wall=12s mbps=56.701932975210426 load0=5.68 5.25 4.29
[02:21:17] prod_rtt100_rto0_r3        status=ok rc=0 wall=23s mbps=26.165977609672755 load0=6.79 5.50 4.40
[02:21:36] prod_rtt100_rto500ms_r3    status=ok rc=0 wall=19s mbps=34.10414823964099 load0=5.86 5.37 4.38
[02:22:02] prod_rtt100_rto200ms_r3    status=ok rc=0 wall=26s mbps=22.457298369093955 load0=5.42 5.31 4.38
=== DONE Fri Sep 18 02:22:02 EDT 2026 ===
